Component: ARM Compiler 5.06 update 7 (build 960) Tool: armlink [4d3601]

==============================================================================

Section Cross References

    startup_stm32f10x_md.o(STACK) refers (Special) to heapauxi.o(.text) for __use_two_region_memory
    startup_stm32f10x_md.o(HEAP) refers (Special) to heapauxi.o(.text) for __use_two_region_memory
    startup_stm32f10x_md.o(RESET) refers (Special) to heapauxi.o(.text) for __use_two_region_memory
    startup_stm32f10x_md.o(RESET) refers to startup_stm32f10x_md.o(STACK) for __initial_sp
    startup_stm32f10x_md.o(RESET) refers to startup_stm32f10x_md.o(.text) for Reset_Handler
    startup_stm32f10x_md.o(RESET) refers to stm32f10x_it.o(i.NMI_Handler) for NMI_Handler
    startup_stm32f10x_md.o(RESET) refers to stm32f10x_it.o(i.HardFault_Handler) for HardFault_Handler
    startup_stm32f10x_md.o(RESET) refers to stm32f10x_it.o(i.MemManage_Handler) for MemManage_Handler
    startup_stm32f10x_md.o(RESET) refers to stm32f10x_it.o(i.BusFault_Handler) for BusFault_Handler
    startup_stm32f10x_md.o(RESET) refers to stm32f10x_it.o(i.UsageFault_Handler) for UsageFault_Handler
    startup_stm32f10x_md.o(RESET) refers to stm32f10x_it.o(i.SVC_Handler) for SVC_Handler
    startup_stm32f10x_md.o(RESET) refers to stm32f10x_it.o(i.DebugMon_Handler) for DebugMon_Handler
    startup_stm32f10x_md.o(RESET) refers to stm32f10x_it.o(i.PendSV_Handler) for PendSV_Handler
    startup_stm32f10x_md.o(RESET) refers to stm32f10x_it.o(i.SysTick_Handler) for SysTick_Handler
    startup_stm32f10x_md.o(RESET) refers to stm32f10x_it.o(i.USART1_IRQHandler) for USART1_IRQHandler
    startup_stm32f10x_md.o(.text) refers (Special) to heapauxi.o(.text) for __use_two_region_memory
    startup_stm32f10x_md.o(.text) refers to system_stm32f10x.o(i.SystemInit) for SystemInit
    startup_stm32f10x_md.o(.text) refers to __main.o(!!!main) for __main
    startup_stm32f10x_md.o(.text) refers to startup_stm32f10x_md.o(HEAP) for Heap_Mem
    startup_stm32f10x_md.o(.text) refers to startup_stm32f10x_md.o(STACK) for Stack_Mem
    system_stm32f10x.o(i.SetSysClock) refers to system_stm32f10x.o(i.SetSysClockTo72) for SetSysClockTo72
    system_stm32f10x.o(i.SystemCoreClockUpdate) refers to system_stm32f10x.o(.data) for SystemCoreClock
    system_stm32f10x.o(i.SystemInit) refers to system_stm32f10x.o(i.SetSysClock) for SetSysClock
    delay.o(i.delay_init) refers to misc.o(i.SysTick_CLKSourceConfig) for SysTick_CLKSourceConfig
    delay.o(i.delay_ms) refers to delay.o(i.SysTick_Config) for SysTick_Config
    delay.o(i.delay_ms) refers to system_stm32f10x.o(.data) for SystemCoreClock
    delay.o(i.delay_us) refers to delay.o(i.SysTick_Config) for SysTick_Config
    delay.o(i.delay_us) refers to system_stm32f10x.o(.data) for SystemCoreClock
    usart.o(i.USART1_Init) refers to stm32f10x_rcc.o(i.RCC_APB2PeriphClockCmd) for RCC_APB2PeriphClockCmd
    usart.o(i.USART1_Init) refers to stm32f10x_gpio.o(i.GPIO_Init) for GPIO_Init
    usart.o(i.USART1_Init) refers to stm32f10x_usart.o(i.USART_Init) for USART_Init
    usart.o(i.USART1_Init) refers to stm32f10x_usart.o(i.USART_DMACmd) for USART_DMACmd
    usart.o(i.USART1_Init) refers to misc.o(i.NVIC_Init) for NVIC_Init
    usart.o(i.USART1_Init) refers to stm32f10x_usart.o(i.USART_ITConfig) for USART_ITConfig
    usart.o(i.USART1_Init) refers to stm32f10x_rcc.o(i.RCC_AHBPeriphClockCmd) for RCC_AHBPeriphClockCmd
    usart.o(i.USART1_Init) refers to stm32f10x_dma.o(i.DMA_Init) for DMA_Init
    usart.o(i.USART1_Init) refers to stm32f10x_dma.o(i.DMA_Cmd) for DMA_Cmd
    usart.o(i.USART1_Init) refers to stm32f10x_usart.o(i.USART_Cmd) for USART_Cmd
    usart.o(i.USART1_Init) refers to usart.o(.bss) for URx_Buff
    usart.o(i.USART1_Init) refers to stm32f10x_it.o(.bss) for UCB
    usart.o(i.uprintf) refers to vsnprintf.o(.text) for vsnprintf
    usart.o(i.uprintf) refers to strlen.o(.text) for strlen
    usart.o(i.uprintf) refers to stm32f10x_usart.o(i.USART_GetFlagStatus) for USART_GetFlagStatus
    usart.o(i.uprintf) refers to stm32f10x_usart.o(i.USART_SendData) for USART_SendData
    usart.o(i.uprintf) refers to usart.o(.bss) for UTx_Buff
    i2c.o(i.I2C1_Init) refers to stm32f10x_rcc.o(i.RCC_APB1PeriphClockCmd) for RCC_APB1PeriphClockCmd
    i2c.o(i.I2C1_Init) refers to stm32f10x_rcc.o(i.RCC_APB2PeriphClockCmd) for RCC_APB2PeriphClockCmd
    i2c.o(i.I2C1_Init) refers to stm32f10x_gpio.o(i.GPIO_Init) for GPIO_Init
    i2c.o(i.I2C1_Init) refers to stm32f10x_gpio.o(i.GPIO_SetBits) for GPIO_SetBits
    i2c.o(i.I2C_ReadByte) refers to stm32f10x_gpio.o(i.GPIO_ResetBits) for GPIO_ResetBits
    i2c.o(i.I2C_ReadByte) refers to delay.o(i.delay_us) for delay_us
    i2c.o(i.I2C_ReadByte) refers to stm32f10x_gpio.o(i.GPIO_SetBits) for GPIO_SetBits
    i2c.o(i.I2C_ReadByte) refers to stm32f10x_gpio.o(i.GPIO_ReadInputDataBit) for GPIO_ReadInputDataBit
[...]
    .text                                    0x08000ac8   Section        0  _chval.o(.text)
    .text                                    0x08000ae4   Section        0  scanf_char.o(.text)
    _scanf_char_input                        0x08000ae5   Thumb Code    12  scanf_char.o(.text)
    .text                                    0x08000b10   Section        0  _sgetc.o(.text)
    .text                                    0x08000b50   Section      100  rt_memcpy_w.o(.text)
    .text                                    0x08000bb4   Section      138  lludiv10.o(.text)
    .text                                    0x08000c3e   Section        0  isspace.o(.text)
    .text                                    0x08000c50   Section        0  _printf_intcommon.o(.text)
    .text                                    0x08000d02   Section        0  _printf_fp_dec.o(.text)
    _fp_digits                               0x08000d05   Thumb Code   432  _printf_fp_dec.o(.text)
    .text                                    0x08001120   Section        0  _printf_fp_hex.o(.text)
    .text                                    0x0800141c   Section        0  _printf_char.o(.text)
    .text                                    0x08001448   Section        0  _printf_wchar.o(.text)
    .text                                    0x08001474   Section        0  _scanf.o(.text)
    .text                                    0x080017e8   Section        0  _wcrtomb.o(.text)
    .text                                    0x08001828   Section       74  sys_stackheap_outer.o(.text)
    .text                                    0x08001874   Section       16  rt_ctype_table.o(.text)
    .text                                    0x08001884   Section        8  rt_locale_intlibspace.o(.text)
    .text                                    0x0800188c   Section        0  _printf_fp_infnan.o(.text)
    .text                                    0x0800190c   Section        0  bigflt0.o(.text)
    .text                                    0x080019f0   Section        0  exit.o(.text)
    .text                                    0x08001a04   Section        8  libspace.o(.text)
    .text                                    0x08001a0c   Section      128  strcmpv7m.o(.text)
    .text                                    0x08001a8c   Section        0  sys_exit.o(.text)
    .text                                    0x08001a98   Section        2  use_no_semi.o(.text)
    .text                                    0x08001a9a   Section        0  indicate_semi.o(.text)
    CL$$btod_d2e                             0x08001a9a   Section       62  btod.o(CL$$btod_d2e)
    CL$$btod_d2e_denorm_low                  0x08001ad8   Section       70  btod.o(CL$$btod_d2e_denorm_low)
    CL$$btod_d2e_norm_op1                    0x08001b1e   Section       96  btod.o(CL$$btod_d2e_norm_op1)
    CL$$btod_div_common                      0x08001b7e   Section      824  btod.o(CL$$btod_div_common)
    CL$$btod_e2e                             0x08001eb6   Section      220  btod.o(CL$$btod_e2e)
    CL$$btod_ediv                            0x08001f92   Section       42  btod.o(CL$$btod_ediv)
    CL$$btod_emul                            0x08001fbc   Section       42  btod.o(CL$$btod_emul)
    CL$$btod_mult_common                     0x08001fe6   Section      580  btod.o(CL$$btod_mult_common)
    i.AT24C02_ReadData                       0x0800222a   Section        0  at24c02.o(i.AT24C02_ReadData)
    i.AT24C02_ReadOTA                        0x0800229c   Section        0  at24c02.o(i.AT24C02_ReadOTA)
    i.AT24C02_ReadOTAFlag                    0x080022b8   Section        0  boot.o(i.AT24C02_ReadOTAFlag)
    i.AT24C02_WriteOTA                       0x080022f4   Section        0  at24c02.o(i.AT24C02_WriteOTA)
    i.AT24C02_WritePage                      0x0800231c   Section        0  at24c02.o(i.AT24C02_WritePage)
    i.Bootloader_Enter                       0x08002370   Section        0  boot.o(i.Bootloader_Enter)
    i.Bootloader_Event                       0x080023e0   Section        0  boot.o(i.Bootloader_Event)
    i.Bootloader_Info                        0x0800294c   Section        0  boot.o(i.Bootloader_Info)
    i.Bootloader_Jump                        0x08002a64   Section        0  boot.o(i.Bootloader_Jump)
    i.BusFault_Handler                       0x08002b4c   Section        0  stm32f10x_it.o(i.BusFault_Handler)
    i.DMA_Cmd                                0x08002b50   Section        0  stm32f10x_dma.o(i.DMA_Cmd)
    i.DMA_GetCurrDataCounter                 0x08002b68   Section        0  stm32f10x_dma.o(i.DMA_GetCurrDataCounter)
    i.DMA_Init                               0x08002b70   Section        0  stm32f10x_dma.o(i.DMA_Init)
    i.DMA_SetCurrDataCounter                 0x08002bac   Section        0  stm32f10x_dma.o(i.DMA_SetCurrDataCounter)
    i.DebugMon_Handler                       0x08002bb0   Section        0  stm32f10x_it.o(i.DebugMon_Handler)
    i.FLASH_Erase                            0x08002bb2   Section        0  flash.o(i.FLASH_Erase)
    i.FLASH_ErasePage                        0x08002be4   Section        0  stm32f10x_flash.o(i.FLASH_ErasePage)
    i.FLASH_GetBank1Status                   0x08002c30   Section        0  stm32f10x_flash.o(i.FLASH_GetBank1Status)
    i.FLASH_Lock                             0x08002c64   Section        0  stm32f10x_flash.o(i.FLASH_Lock)
    i.FLASH_ProgramWord                      0x08002c78   Section        0  stm32f10x_flash.o(i.FLASH_ProgramWord)
    i.FLASH_Unlock                           0x08002ce4   Section        0  stm32f10x_flash.o(i.FLASH_Unlock)
    i.FLASH_WaitForLastOperation             0x08002cfc   Section        0  stm32f10x_flash.o(i.FLASH_WaitForLastOperation)
    i.FLASH_Write                            0x08002d22   Section        0  flash.o(i.FLASH_Write)
    i.GPIO_Init                              0x08002d48   Section        0  stm32f10x_gpio.o(i.GPIO_Init)
    i.GPIO_ReadInputDataBit                  0x08002e5e   Section        0  stm32f10x_gpio.o(i.GPIO_ReadInputDataBit)
    i.GPIO_ResetBits                         0x08002e70   Section        0  stm32f10x_gpio.o(i.GPIO_ResetBits)
    i.GPIO_SetBits                           0x08002e74   Section        0  stm32f10x_gpio.o(i.GPIO_SetBits)
    i.HardFault_Handler                      0x08002e78   Section        0  stm32f10x_it.o(i.HardFault_Handler)
    i.I2C1_Init                              0x08002e7c   Section        0  i2c.o(i.I2C1_Init)
    i.I2C_ReadByte                           0x08002ed8   Section        0  i2c.o(i.I2C_ReadByte)
    i.I2C_SendByte                           0x08002f70   Section        0  i2c.o(i.I2C_SendByte)
    i.I2C_Start                              0x08002fcc   Section        0  i2c.o(i.I2C_Start)
    i.I2C_Stop                               0x08002ffc   Section        0  i2c.o(i.I2C_Stop)
    i.I2C_Wait_ACK                           0x0800302c   Section        0  i2c.o(i.I2C_Wait_ACK)
    i.LOAD_A                                 0x08003084   Section        0  boot.o(i.LOAD_A)
    i.MemManage_Handler                      0x080030d8   Section        0  stm32f10x_it.o(i.MemManage_Handler)
    i.NMI_Handler                            0x080030dc   Section        0  stm32f10x_it.o(i.NMI_Handler)
    i.NVIC_Init                              0x080030e0   Section        0  misc.o(i.NVIC_Init)
    i.NVIC_SystemReset                       0x08003150   Section        0  boot.o(i.NVIC_SystemReset)
    NVIC_SystemReset                         0x08003151   Thumb Code    26  boot.o(i.NVIC_SystemReset)
    i.PendSV_Handler                         0x08003174   Section        0  stm32f10x_it.o(i.PendSV_Handler)
    i.RCC_AHBPeriphClockCmd                  0x08003178   Section        0  stm32f10x_rcc.o(i.RCC_AHBPeriphClockCmd)
    i.RCC_APB1PeriphClockCmd                 0x08003198   Section        0  stm32f10x_rcc.o(i.RCC_APB1PeriphClockCmd)
    i.RCC_APB1PeriphResetCmd                 0x080031b8   Section        0  stm32f10x_rcc.o(i.RCC_APB1PeriphResetCmd)
    i.RCC_APB2PeriphClockCmd                 0x080031d8   Section        0  stm32f10x_rcc.o(i.RCC_APB2PeriphClockCmd)
    i.RCC_APB2PeriphResetCmd                 0x080031f8   Section        0  stm32f10x_rcc.o(i.RCC_APB2PeriphResetCmd)
    i.RCC_GetClocksFreq                      0x08003218   Section        0  stm32f10x_rcc.o(i.RCC_GetClocksFreq)
    i.SPI1_Init                              0x080032ec   Section        0  spi.o(i.SPI1_Init)
    i.SPI1_Read                              0x08003388   Section        0  spi.o(i.SPI1_Read)
    i.SPI1_ReadWrite_Byte                    0x080033a4   Section        0  spi.o(i.SPI1_ReadWrite_Byte)
    i.SPI1_Write                             0x080033d8   Section        0  spi.o(i.SPI1_Write)
    i.SPI_Cmd                                0x080033f2   Section        0  stm32f10x_spi.o(i.SPI_Cmd)
    i.SPI_I2S_DeInit                         0x0800340c   Section        0  stm32f10x_spi.o(i.SPI_I2S_DeInit)
    i.SPI_I2S_GetFlagStatus                  0x08003464   Section        0  stm32f10x_spi.o(i.SPI_I2S_GetFlagStatus)
    i.SPI_I2S_ReceiveData                    0x08003476   Section        0  stm32f10x_spi.o(i.SPI_I2S_ReceiveData)
    i.SPI_I2S_SendData                       0x0800347c   Section        0  stm32f10x_spi.o(i.SPI_I2S_SendData)
    i.SPI_Init                               0x08003480   Section        0  stm32f10x_spi.o(i.SPI_Init)
    i.SVC_Handler                            0x080034bc   Section        0  stm32f10x_it.o(i.SVC_Handler)
    i.SetSysClock                            0x080034be   Section        0  system_stm32f10x.o(i.SetSysClock)
    SetSysClock                              0x080034bf   Thumb Code     8  system_stm32f10x.o(i.SetSysClock)
    i.SetSysClockTo72                        0x080034c8   Section        0  system_stm32f10x.o(i.SetSysClockTo72)
    SetSysClockTo72                          0x080034c9   Thumb Code   214  system_stm32f10x.o(i.SetSysClockTo72)
    i.SysTick_CLKSourceConfig                0x080035a8   Section        0  misc.o(i.SysTick_CLKSourceConfig)
    i.SysTick_Config                         0x080035d0   Section        0  delay.o(i.SysTick_Config)
    SysTick_Config                           0x080035d1   Thumb Code    76  delay.o(i.SysTick_Config)
    i.SysTick_Handler                        0x08003624   Section        0  stm32f10x_it.o(i.SysTick_Handler)
    i.SystemInit                             0x08003628   Section        0  system_stm32f10x.o(i.SystemInit)
    i.USART1_IRQHandler                      0x08003688   Section        0  stm32f10x_it.o(i.USART1_IRQHandler)
    i.USART1_Init                            0x08003748   Section        0  usart.o(i.USART1_Init)
    i.USART_ClearFlag                        0x08003888   Section        0  stm32f10x_usart.o(i.USART_ClearFlag)
    i.USART_Cmd                              0x0800389a   Section        0  stm32f10x_usart.o(i.USART_Cmd)
    i.USART_DMACmd                           0x080038b2   Section        0  stm32f10x_usart.o(i.USART_DMACmd)
    i.USART_GetFlagStatus                    0x080038c4   Section        0  stm32f10x_usart.o(i.USART_GetFlagStatus)
    i.USART_ITConfig                         0x080038de   Section        0  stm32f10x_usart.o(i.USART_ITConfig)
    i.USART_Init                             0x08003928   Section        0  stm32f10x_usart.o(i.USART_Init)
    i.USART_ReceiveData                      0x08003a00   Section        0  stm32f10x_usart.o(i.USART_ReceiveData)
    i.USART_SendData                         0x08003a0a   Section        0  stm32f10x_usart.o(i.USART_SendData)
    i.UsageFault_Handler                     0x08003a12   Section        0  stm32f10x_it.o(i.UsageFault_Handler)
    i.W25Q64_Enable                          0x08003a18   Section        0  w25q64.o(i.W25Q64_Enable)
    i.W25Q64_Erase_64k                       0x08003a3c   Section        0  w25q64.o(i.W25Q64_Erase_64k)
    i.W25Q64_Init                            0x08003a88   Section        0  w25q64.o(i.W25Q64_Init)
    i.W25Q64_PageWrite                       0x08003abc   Section        0  w25q64.o(i.W25Q64_PageWrite)
    i.W25Q64_Read                            0x08003b10   Section        0  w25q64.o(i.W25Q64_Read)
    i.W25Q64_WaitBusy                        0x08003b58   Section        0  w25q64.o(i.W25Q64_WaitBusy)
    i.Xmodem_CRC16                           0x08003b88   Section        0  boot.o(i.Xmodem_CRC16)
    i.__ARM_fpclassify                       0x08003bcc   Section        0  fpclassify.o(i.__ARM_fpclassify)
    i.__set_FAULTMASK                        0x08003bf4   Section        0  boot.o(i.__set_FAULTMASK)
    __set_FAULTMASK                          0x08003bf5   Thumb Code    10  boot.o(i.__set_FAULTMASK)
    i._is_digit                              0x08003bfe   Section        0  __printf_wp.o(i._is_digit)
    i.delay_init                             0x08003c0c   Section        0  delay.o(i.delay_init)
    i.delay_ms                               0x08003c18   Section        0  delay.o(i.delay_ms)
    i.delay_us                               0x08003c60   Section        0  delay.o(i.delay_us)
    i.main                                   0x08003cac   Section        0  main.o(i.main)
    i.uprintf                                0x08003ef8   Section        0  usart.o(i.uprintf)
    locale$$code                             0x08003f5c   Section       44  lc_numeric_c.o(locale$$code)
    locale$$code                             0x08003f88   Section       44  lc_ctype_c.o(locale$$code)
    x$fpl$printf1                            0x08003fb4   Section        4  printf1.o(x$fpl$printf1)
    x$fpl$printf2                            0x08003fb8   Section        4  printf2.o(x$fpl$printf2)
    .constdata                               0x08003fbc   Section        8  _printf_wctomb.o(.constdata)
    x$fpl$usenofp                            0x08003fbc   Section        0  usenofp.o(x$fpl$usenofp)
    initial_mbstate                          0x08003fbc   Data           8  _printf_wctomb.o(.constdata)
    .constdata                               0x08003fc4   Section       40  _printf_hex_int_ll_ptr.o(.constdata)
    uc_hextab                                0x08003fc4   Data          20  _printf_hex_int_ll_ptr.o(.constdata)
    lc_hextab                                0x08003fd8   Data          20  _printf_hex_int_ll_ptr.o(.constdata)
    .constdata                               0x08003fec   Section       17  __printf_flags_ss_wp.o(.constdata)
    maptable                                 0x08003fec   Data          17  __printf_flags_ss_wp.o(.constdata)
    .constdata                               0x08003ffd   Section       38  _printf_fp_hex.o(.constdata)
    lc_hextab                                0x08003ffd   Data          19  _printf_fp_hex.o(.constdata)
    uc_hextab                                0x08004010   Data          19  _printf_fp_hex.o(.constdata)
    .constdata                               0x08004024   Section      148  bigflt0.o(.constdata)
    tenpwrs_x                                0x08004024   Data          60  bigflt0.o(.constdata)
    tenpwrs_i                                0x08004060   Data          64  bigflt0.o(.constdata)
    .conststring                             0x080040b8   Section      248  boot.o(.conststring)
    .conststring                             0x080041b0   Section      146  main.o(.conststring)
    locale$$data                             0x08004264   Section       28  lc_numeric_c.o(locale$$data)
    __lcnum_c_name                           0x08004268   Data           2  lc_numeric_c.o(locale$$data)
    __lcnum_c_start                          0x08004270   Data           0  lc_numeric_c.o(locale$$data)
    __lcnum_c_point                          0x0800427c   Data           0  lc_numeric_c.o(locale$$data)
    __lcnum_c_thousands                      0x0800427e   Data           0  lc_numeric_c.o(locale$$data)
    __lcnum_c_grouping                       0x0800427f   Data           0  lc_numeric_c.o(locale$$data)
    locale$$data                             0x08004280   Section      272  lc_ctype_c.o(locale$$data)
    __lcnum_c_end                            0x08004280   Data           0  lc_numeric_c.o(locale$$data)
    __lcctype_c_name                         0x08004284   Data           2  lc_ctype_c.o(locale$$data)
    __lcctype_c_start                        0x0800428c   Data           0  lc_ctype_c.o(locale$$data)
    __lcctype_c_end                          0x08004390   Data           0  lc_ctype_c.o(locale$$data)
    .data                                    0x20000000   Section       20  system_stm32f10x.o(.data)
    .data                                    0x20000014   Section        4  boot.o(.data)
    .data                                    0x20000018   Section        4  main.o(.data)
    .data                                    0x2000001c   Section       20  stm32f10x_rcc.o(.data)
    APBAHBPrescTable                         0x2000001c   Data          16  stm32f10x_rcc.o(.data)
    ADCPrescTable                            0x2000002c   Data           4  stm32f10x_rcc.o(.data)
    .bss                                     0x20000030   Section     4096  usart.o(.bss)
    .bss                                     0x20001030   Section     5216  main.o(.bss)
    .bss                                     0x20002490   Section       96  stm32f10x_it.o(.bss)
    .bss                                     0x200024f0   Section       96  libspace.o(.bss)
    HEAP                                     0x20002550   Section      512  startup_stm32f10x_md.o(HEAP)
    Heap_Mem                                 0x20002550   Data         512  startup_stm32f10x_md.o(HEAP)
    STACK                                    0x20002750   Section     1024  startup_stm32f10x_md.o(STACK)
    Stack_Mem                                0x20002750   Data        1024  startup_stm32f10x_md.o(STACK)
    __initial_sp                             0x20002b50   Data           0  startup_stm32f10x_md.o(STACK)

    Global Symbols

    Symbol Name                              Value     Ov Type        Size  Object(Section)

    BuildAttributes$$THM_ISAv4$P$D$K$B$S$PE$A:L22UL41UL21$X:L11$S22US41US21$IEEE1$IW$USESV6$~STKCKD$USESV7$~SHL$OTIME$ROPI$IEEEJ$EBA8$UX$STANDARDLIB$REQ8$PRES8$EABIv2 0x00000000   Number         0  anon$$obj.o ABSOLUTE
    __ARM_use_no_argv                        0x00000000   Number         0  main.o ABSOLUTE
    _printf_flags                            0x00000000   Number         0  printf_stubs.o ABSOLUTE
    _printf_return_value                     0x00000000   Number         0  printf_stubs.o ABSOLUTE
    _printf_sizespec                         0x00000000   Number         0  printf_stubs.o ABSOLUTE
    _printf_widthprec                        0x00000000   Number         0  printf_stubs.o ABSOLUTE
    __ARM_exceptions_init                     - Undefined Weak Reference
    __alloca_initialize                       - Undefined Weak Reference
    __arm_fini_                               - Undefined Weak Reference
    __arm_preinit_                            - Undefined Weak Reference
    __cpp_initialize__aeabi_                  - Undefined Weak Reference
    __cxa_finalize                            - Undefined Weak Reference
    __sigvec_lookup                           - Undefined Weak Reference
    _atexit_init                              - Undefined Weak Reference
    _call_atexit_fns                          - Undefined Weak Reference
    _clock_init                               - Undefined Weak Reference
    _fp_trap_init                             - Undefined Weak Reference
    _fp_trap_shutdown                         - Undefined Weak Reference
    _get_lc_collate                           - Undefined Weak Reference
    _get_lc_monetary                          - Undefined Weak Reference
    _get_lc_time                              - Undefined Weak Reference
    _getenv_init                              - Undefined Weak Reference
    _handle_redirection                       - Undefined Weak Reference
    _init_alloc                               - Undefined Weak Reference
    _init_user_alloc                          - Undefined Weak Reference
    _initio                                   - Undefined Weak Reference
    _printf_mbtowc                            - Undefined Weak Reference
    _printf_wc                                - Undefined Weak Reference
    _rand_init                                - Undefined Weak Reference
    _scanf_longlong                           - Undefined Weak Reference
    _scanf_mbtowc                             - Undefined Weak Reference
    _scanf_real                               - Undefined Weak Reference
    _scanf_string                             - Undefined Weak Reference
    _scanf_wctomb                             - Undefined Weak Reference
    _scanf_wstring                            - Undefined Weak Reference
    _signal_finish                            - Undefined Weak Reference
    _signal_init                              - Undefined Weak Reference
    _terminate_alloc                          - Undefined Weak Reference
    _terminate_user_alloc                     - Undefined Weak Reference
    _terminateio                              - Undefined Weak Reference
    __Vectors_Size                           0x000000ec   Number         0  startup_stm32f10x_md.o ABSOLUTE
    __Vectors                                0x08000000   Data           4  startup_stm32f10x_md.o(RESET)
    __Vectors_End                            0x080000ec   Data           0  startup_stm32f10x_md.o(RESET)
    __main                                   0x080000ed   Thumb Code     8  __main.o(!!!main)
    __scatterload                            0x080000f5   Thumb Code     0  __scatter.o(!!!scatter)
    __scatterload_rt2                        0x080000f5   Thumb Code    44  __scatter.o(!!!scatter)
    __scatterload_rt2_thumb_only             0x080000f5   Thumb Code     0  __scatter.o(!!!scatter)
    __scatterload_null                       0x08000103   Thumb Code     0  __scatter.o(!!!scatter)
    __scatterload_copy                       0x08000129   Thumb Code    26  __scatter_copy.o(!!handler_copy)
    __scatterload_zeroinit                   0x08000145   Thumb Code    28  __scatter_zi.o(!!handler_zi)
    _printf_n                                0x08000161   Thumb Code     0  _printf_n.o(.ARM.Collect$$_printf_percent$$00000001)
    _printf_percent                          0x08000161   Thumb Code     0  _printf_percent.o(.ARM.Collect$$_printf_percent$$00000000)
    _printf_p                                0x08000167   Thumb Code     0  _printf_p.o(.ARM.Collect$$_printf_percent$$00000002)
    _printf_f                                0x0800016d   Thumb Code     0  _printf_f.o(.ARM.Collect$$_printf_percent$$00000003)
    _printf_e                                0x08000173   Thumb Code     0  _printf_e.o(.ARM.Collect$$_printf_percent$$00000004)
    _printf_g                                0x08000179   Thumb Code     0  _printf_g.o(.ARM.Collect$$_printf_percent$$00000005)
    _printf_a                                0x0800017f   Thumb Code     0  _printf_a.o(.ARM.Collect$$_printf_percent$$00000006)
    _printf_ll                               0x08000185   Thumb Code     0  _printf_ll.o(.ARM.Collect$$_printf_percent$$00000007)
    _printf_i                                0x0800018f   Thumb Code     0  _printf_i.o(.ARM.Collect$$_printf_percent$$00000008)
    _printf_d                                0x08000195   Thumb Code     0  _printf_d.o(.ARM.Collect$$_printf_percent$$00000009)
    _printf_u                                0x0800019b   Thumb Code     0  _printf_u.o(.ARM.Collect$$_printf_percent$$0000000A)
    _printf_o                                0x080001a1   Thumb Code     0  _printf_o.o(.ARM.Collect$$_printf_percent$$0000000B)
    _printf_x                                0x080001a7   Thumb Code     0  _printf_x.o(.ARM.Collect$$_printf_percent$$0000000C)
    _printf_lli                              0x080001ad   Thumb Code     0  _printf_lli.o(.ARM.Collect$$_printf_percent$$0000000D)
    _printf_lld                              0x080001b3   Thumb Code     0  _printf_lld.o(.ARM.Collect$$_printf_percent$$0000000E)
    _printf_llu                              0x080001b9   Thumb Code     0  _printf_llu.o(.ARM.Collect$$_printf_percent$$0000000F)
    _printf_llo                              0x080001bf   Thumb Code     0  _printf_llo.o(.ARM.Collect$$_printf_percent$$00000010)
    _printf_llx                              0x080001c5   Thumb Code     0  _printf_llx.o(.ARM.Collect$$_printf_percent$$00000011)
    _printf_l                                0x080001cb   Thumb Code     0  _printf_l.o(.ARM.Collect$$_printf_percent$$00000012)
    _printf_c                                0x080001d5   Thumb Code     0  _printf_c.o(.ARM.Collect$$_printf_percent$$00000013)
    _printf_s                                0x080001db   Thumb Code     0  _printf_s.o(.ARM.Collect$$_printf_percent$$00000014)
    _printf_lc                               0x080001e1   Thumb Code     0  _printf_lc.o(.ARM.Collect$$_printf_percent$$00000015)
    _printf_ls                               0x080001e7   Thumb Code     0  _printf_ls.o(.ARM.Collect$$_printf_percent$$00000016)
    _printf_percent_end                      0x080001ed   Thumb Code     0  _printf_percent_end.o(.ARM.Collect$$_printf_percent$$00000017)
    __rt_lib_init                            0x080001f1   Thumb Code     0  libinit.o(.ARM.Collect$$libinit$$00000000)
    __rt_lib_init_fp_1                       0x080001f3   Thumb Code     0  libinit2.o(.ARM.Collect$$libinit$$00000002)
    __rt_lib_init_heap_1                     0x080001f3   Thumb Code     0  libinit2.o(.ARM.Collect$$libinit$$0000000A)
    __rt_lib_init_lc_common                  0x080001f3   Thumb Code     0  libinit2.o(.ARM.Collect$$libinit$$0000000F)
    __rt_lib_init_preinit_1                  0x080001f3   Thumb Code     0  libinit2.o(.ARM.Collect$$libinit$$00000004)
    __rt_lib_init_rand_1                     0x080001f3   Thumb Code     0  libinit2.o(.ARM.Collect$$libinit$$0000000E)
    __rt_lib_init_user_alloc_1               0x080001f3   Thumb Code     0  libinit2.o(.ARM.Collect$$libinit$$0000000C)
    __rt_lib_init_lc_collate_1               0x080001f9   Thumb Code     0  libinit2.o(.ARM.Collect$$libinit$$00000011)
    __rt_lib_init_lc_ctype_2                 0x080001f9   Thumb Code     0  libinit2.o(.ARM.Collect$$libinit$$00000012)
    __rt_lib_init_lc_ctype_1                 0x08000205   Thumb Code     0  libinit2.o(.ARM.Collect$$libinit$$00000013)
    __rt_lib_init_lc_monetary_1              0x08000205   Thumb Code     0  libinit2.o(.ARM.Collect$$libinit$$00000015)
    __rt_lib_init_lc_numeric_2               0x08000205   Thumb Code     0  libinit2.o(.ARM.Collect$$libinit$$00000016)
    __rt_lib_init_alloca_1                   0x0800020f   Thumb Code     0  libinit2.o(.ARM.Collect$$libinit$$0000002E)
    __rt_lib_init_argv_1                     0x0800020f   Thumb Code     0  libinit2.o(.ARM.Collect$$libinit$$0000002C)
    __rt_lib_init_atexit_1                   0x0800020f   Thumb Code     0  libinit2.o(.ARM.Collect$$libinit$$0000001B)
    __rt_lib_init_clock_1                    0x0800020f   Thumb Code     0  libinit2.o(.ARM.Collect$$libinit$$00000021)
    __rt_lib_init_cpp_1                      0x0800020f   Thumb Code     0  libinit2.o(.ARM.Collect$$libinit$$00000032)
    __rt_lib_init_exceptions_1               0x0800020f   Thumb Code     0  libinit2.o(.ARM.Collect$$libinit$$00000030)
    __rt_lib_init_fp_trap_1                  0x0800020f   Thumb Code     0  libinit2.o(.ARM.Collect$$libinit$$0000001F)
    __rt_lib_init_getenv_1                   0x0800020f   Thumb Code     0  libinit2.o(.ARM.Collect$$libinit$$00000023)
    __rt_lib_init_lc_numeric_1               0x0800020f   Thumb Code     0  libinit2.o(.ARM.Collect$$libinit$$00000017)
    __rt_lib_init_lc_time_1                  0x0800020f   Thumb Code     0  libinit2.o(.ARM.Collect$$libinit$$00000019)
    __rt_lib_init_return                     0x0800020f   Thumb Code     0  libinit2.o(.ARM.Collect$$libinit$$00000033)
    __rt_lib_init_signal_1                   0x0800020f   Thumb Code     0  libinit2.o(.ARM.Collect$$libinit$$0000001D)
    __rt_lib_init_stdio_1                    0x0800020f   Thumb Code     0  libinit2.o(.ARM.Collect$$libinit$$00000025)
    __rt_lib_shutdown                        0x08000211   Thumb Code     0  libshutdown.o(.ARM.Collect$$libshutdown$$00000000)
    __rt_lib_shutdown_cpp_1                  0x08000213   Thumb Code     0  libshutdown2.o(.ARM.Collect$$libshutdown$$00000004)
    __rt_lib_shutdown_fini_1                 0x08000213   Thumb Code     0  libshutdown2.o(.ARM.Collect$$libshutdown$$00000002)
    __rt_lib_shutdown_fp_trap_1              0x08000213   Thumb Code     0  libshutdown2.o(.ARM.Collect$$libshutdown$$00000009)
    __rt_lib_shutdown_heap_1                 0x08000213   Thumb Code     0  libshutdown2.o(.ARM.Collect$$libshutdown$$00000011)
    __rt_lib_shutdown_return                 0x08000213   Thumb Code     0  libshutdown2.o(.ARM.Collect$$libshutdown$$00000012)
    __rt_lib_shutdown_signal_1               0x08000213   Thumb Code     0  libshutdown2.o(.ARM.Collect$$libshutdown$$0000000C)
    __rt_lib_shutdown_stdio_1                0x08000213   Thumb Code     0  libshutdown2.o(.ARM.Collect$$libshutdown$$00000006)
    __rt_lib_shutdown_user_alloc_1           0x08000213   Thumb Code     0  libshutdown2.o(.ARM.Collect$$libshutdown$$0000000E)
    __rt_entry                               0x08000215   Thumb Code     0  __rtentry.o(.ARM.Collect$$rtentry$$00000000)
    __rt_entry_presh_1                       0x08000215   Thumb Code     0  __rtentry2.o(.ARM.Collect$$rtentry$$00000002)
    __rt_entry_sh                            0x08000215   Thumb Code     0  __rtentry4.o(.ARM.Collect$$rtentry$$00000004)
    __rt_entry_li                            0x0800021b   Thumb Code     0  __rtentry2.o(.ARM.Collect$$rtentry$$0000000A)
    __rt_entry_postsh_1                      0x0800021b   Thumb Code     0  __rtentry2.o(.ARM.Collect$$rtentry$$00000009)
    __rt_entry_main                          0x0800021f   Thumb Code     0  __rtentry2.o(.ARM.Collect$$rtentry$$0000000D)
    __rt_entry_postli_1                      0x0800021f   Thumb Code     0  __rtentry2.o(.ARM.Collect$$rtentry$$0000000C)
    __rt_exit                                0x08000227   Thumb Code     0  rtexit.o(.ARM.Collect$$rtexit$$00000000)
    __rt_exit_ls                             0x08000229   Thumb Code     0  rtexit2.o(.ARM.Collect$$rtexit$$00000003)
    __rt_exit_prels_1                        0x08000229   Thumb Code     0  rtexit2.o(.ARM.Collect$$rtexit$$00000002)
    __rt_exit_exit                           0x0800022d   Thumb Code     0  rtexit2.o(.ARM.Collect$$rtexit$$00000004)
    MSR_SP                                   0x08000235   Thumb Code     6  boot.o(.emb_text)
    Reset_Handler                            0x0800023d   Thumb Code     8  startup_stm32f10x_md.o(.text)
    ADC1_2_IRQHandler                        0x08000257   Thumb Code     0  startup_stm32f10x_md.o(.text)
    CAN1_RX1_IRQHandler                      0x08000257   Thumb Code     0  startup_stm32f10x_md.o(.text)
    CAN1_SCE_IRQHandler                      0x08000257   Thumb Code     0  startup_stm32f10x_md.o(.text)
    DMA1_Channel1_IRQHandler                 0x08000257   Thumb Code     0  startup_stm32f10x_md.o(.text)
    DMA1_Channel2_IRQHandler                 0x08000257   Thumb Code     0  startup_stm32f10x_md.o(.text)
    DMA1_Channel3_IRQHandler                 0x08000257   Thumb Code     0  startup_stm32f10x_md.o(.text)
    DMA1_Channel4_IRQHandler                 0x08000257   Thumb Code     0  startup_stm32f10x_md.o(.text)
    DMA1_Channel5_IRQHandler                 0x08000257   Thumb Code     0  startup_stm32f10x_md.o(.text)
    DMA1_Channel6_IRQHandler                 0x08000257   Thumb Code     0  startup_stm32f10x_md.o(.text)
    DMA1_Channel7_IRQHandler                 0x08000257   Thumb Code     0  startup_stm32f10x_md.o(.text)
    EXTI0_IRQHandler                         0x08000257   Thumb Code     0  startup_stm32f10x_md.o(.text)
    EXTI15_10_IRQHandler                     0x08000257   Thumb Code     0  startup_stm32f10x_md.o(.text)
    EXTI1_IRQHandler                         0x08000257   Thumb Code     0  startup_stm32f10x_md.o(.text)
    EXTI2_IRQHandler                         0x08000257   Thumb Code     0  startup_stm32f10x_md.o(.text)
    EXTI3_IRQHandler                         0x08000257   Thumb Code     0  startup_stm32f10x_md.o(.text)
    EXTI4_IRQHandler                         0x08000257   Thumb Code     0  startup_stm32f10x_md.o(.text)
    EXTI9_5_IRQHandler                       0x08000257   Thumb Code     0  startup_stm32f10x_md.o(.text)
    FLASH_IRQHandler                         0x08000257   Thumb Code     0  startup_stm32f10x_md.o(.text)
    I2C1_ER_IRQHandler                       0x08000257   Thumb Code     0  startup_stm32f10x_md.o(.text)
    I2C1_EV_IRQHandler                       0x08000257   Thumb Code     0  startup_stm32f10x_md.o(.text)
    I2C2_ER_IRQHandler                       0x08000257   Thumb Code     0  startup_stm32f10x_md.o(.text)
    I2C2_EV_IRQHandler                       0x08000257   Thumb Code     0  startup_stm32f10x_md.o(.text)
    PVD_IRQHandler                           0x08000257   Thumb Code     0  startup_stm32f10x_md.o(.text)
    RCC_IRQHandler                           0x08000257   Thumb Code     0  startup_stm32f10x_md.o(.text)
    RTCAlarm_IRQHandler                      0x08000257   Thumb Code     0  startup_stm32f10x_md.o(.text)
    RTC_IRQHandler                           0x08000257   Thumb Code     0  startup_stm32f10x_md.o(.text)
    SPI1_IRQHandler                          0x08000257   Thumb Code     0  startup_stm32f10x_md.o(.text)
    SPI2_IRQHandler                          0x08000257   Thumb Code     0  startup_stm32f10x_md.o(.text)
    TAMPER_IRQHandler                        0x08000257   Thumb Code     0  startup_stm32f10x_md.o(.text)
    TIM1_BRK_IRQHandler                      0x08000257   Thumb Code     0  startup_stm32f10x_md.o(.text)
    TIM1_CC_IRQHandler                       0x08000257   Thumb Code     0  startup_stm32f10x_md.o(.text)
    TIM1_TRG_COM_IRQHandler                  0x08000257   Thumb Code     0  startup_stm32f10x_md.o(.text)
    TIM1_UP_IRQHandler                       0x08000257   Thumb Code     0  startup_stm32f10x_md.o(.text)
    TIM2_IRQHandler                          0x08000257   Thumb Code     0  startup_stm32f10x_md.o(.text)
    TIM3_IRQHandler                          0x08000257   Thumb Code     0  startup_stm32f10x_md.o(.text)
    TIM4_IRQHandler                          0x08000257   Thumb Code     0  startup_stm32f10x_md.o(.text)
    USART2_IRQHandler                        0x08000257   Thumb Code     0  startup_stm32f10x_md.o(.text)
    USART3_IRQHandler                        0x08000257   Thumb Code     0  startup_stm32f10x_md.o(.text)
    USBWakeUp_IRQHandler                     0x08000257   Thumb Code     0  startup_stm32f10x_md.o(.text)
    USB_HP_CAN1_TX_IRQHandler                0x08000257   Thumb Code     0  startup_stm32f10x_md.o(.text)
    USB_LP_CAN1_RX0_IRQHandler               0x08000257   Thumb Code     0  startup_stm32f10x_md.o(.text)
    WWDG_IRQHandler                          0x08000257   Thumb Code     0  startup_stm32f10x_md.o(.text)
    __user_initial_stackheap                 0x08000259   Thumb Code     0  startup_stm32f10x_md.o(.text)
    vsnprintf                                0x0800027d   Thumb Code    48  vsnprintf.o(.text)
    __0sscanf                                0x080002b1   Thumb Code    52  __0sscanf.o(.text)
    _scanf_int                               0x080002ed   Thumb Code   332  _scanf_int.o(.text)
    strlen                                   0x08000439   Thumb Code    62  strlen.o(.text)
    __aeabi_memcpy                           0x08000477   Thumb Code     0  rt_memcpy_v6.o(.text)
    __rt_memcpy                              0x08000477   Thumb Code   138  rt_memcpy_v6.o(.text)
    _memcpy_lastbytes                        0x080004dd   Thumb Code     0  rt_memcpy_v6.o(.text)
    __aeabi_memclr4                          0x08000501   Thumb Code     0  rt_memclr_w.o(.text)
    __aeabi_memclr8                          0x08000501   Thumb Code     0  rt_memclr_w.o(.text)
    __rt_memclr_w                            0x08000501   Thumb Code    78  rt_memclr_w.o(.text)
    _memset_w                                0x08000505   Thumb Code     0  rt_memclr_w.o(.text)
    __use_two_region_memory                  0x0800054f   Thumb Code     2  heapauxi.o(.text)
    __rt_heap_escrow$2region                 0x08000551   Thumb Code     2  heapauxi.o(.text)
    __rt_heap_expand$2region                 0x08000553   Thumb Code     2  heapauxi.o(.text)
    _printf_pre_padding                      0x08000555   Thumb Code    44  _printf_pad.o(.text)
    _printf_post_padding                     0x08000581   Thumb Code    34  _printf_pad.o(.text)
    _printf_truncate_signed                  0x080005a3   Thumb Code    18  _printf_truncate.o(.text)
    _printf_truncate_unsigned                0x080005b5   Thumb Code    18  _printf_truncate.o(.text)
    _printf_str                              0x080005c7   Thumb Code    82  _printf_str.o(.text)
    _printf_int_dec                          0x08000619   Thumb Code   104  _printf_dec.o(.text)
    _printf_charcount                        0x08000691   Thumb Code    40  _printf_charcount.o(.text)
    _printf_char_common                      0x080006c3   Thumb Code    32  _printf_char_common.o(.text)
    _sputc                                   0x080006e9   Thumb Code    10  _sputc.o(.text)
    _snputc                                  0x080006f3   Thumb Code    16  _snputc.o(.text)
    _printf_wctomb                           0x08000705   Thumb Code   182  _printf_wctomb.o(.text)
    _printf_longlong_dec                     0x080007c1   Thumb Code   108  _printf_longlong_dec.o(.text)
    _printf_longlong_oct                     0x0800083d   Thumb Code    66  _printf_oct_int_ll.o(.text)
    _printf_int_oct                          0x0800087f   Thumb Code    24  _printf_oct_int_ll.o(.text)
    _printf_ll_oct                           0x08000897   Thumb Code    12  _printf_oct_int_ll.o(.text)
    _printf_longlong_hex                     0x080008ad   Thumb Code    86  _printf_hex_int_ll_ptr.o(.text)
    _printf_int_hex                          0x08000903   Thumb Code    28  _printf_hex_int_ll_ptr.o(.text)
    _printf_ll_hex                           0x0800091f   Thumb Code    12  _printf_hex_int_ll_ptr.o(.text)
    _printf_hex_ptr                          0x0800092b   Thumb Code    18  _printf_hex_int_ll_ptr.o(.text)
    __printf                                 0x08000941   Thumb Code   388  __printf_flags_ss_wp.o(.text)
    _chval                                   0x08000ac9   Thumb Code    28  _chval.o(.text)
    __vfscanf_char                           0x08000af1   Thumb Code    24  scanf_char.o(.text)
    _sgetc                                   0x08000b11   Thumb Code    30  _sgetc.o(.text)
    _sbackspace                              0x08000b2f   Thumb Code    34  _sgetc.o(.text)
    __aeabi_memcpy4                          0x08000b51   Thumb Code     0  rt_memcpy_w.o(.text)
    __aeabi_memcpy8                          0x08000b51   Thumb Code     0  rt_memcpy_w.o(.text)
    __rt_memcpy_w                            0x08000b51   Thumb Code   100  rt_memcpy_w.o(.text)
    _memcpy_lastbytes_aligned                0x08000b99   Thumb Code     0  rt_memcpy_w.o(.text)
    _ll_udiv10                               0x08000bb5   Thumb Code   138  lludiv10.o(.text)
    isspace                                  0x08000c3f   Thumb Code    18  isspace.o(.text)
    _printf_int_common                       0x08000c51   Thumb Code   178  _printf_intcommon.o(.text)
    __lib_sel_fp_printf                      0x08000d03   Thumb Code     2  _printf_fp_dec.o(.text)
    _printf_fp_dec_real                      0x08000eb5   Thumb Code   620  _printf_fp_dec.o(.text)
    _printf_fp_hex_real                      0x08001121   Thumb Code   756  _printf_fp_hex.o(.text)
    _printf_cs_common                        0x0800141d   Thumb Code    20  _printf_char.o(.text)
    _printf_char                             0x08001431   Thumb Code    16  _printf_char.o(.text)
    _printf_string                           0x08001441   Thumb Code     8  _printf_char.o(.text)
    _printf_lcs_common                       0x08001449   Thumb Code    20  _printf_wchar.o(.text)
    _printf_wchar                            0x0800145d   Thumb Code    16  _printf_wchar.o(.text)
    _printf_wstring                          0x0800146d   Thumb Code     8  _printf_wchar.o(.text)
    __vfscanf                                0x08001475   Thumb Code   880  _scanf.o(.text)
    _wcrtomb                                 0x080017e9   Thumb Code    64  _wcrtomb.o(.text)
    __user_setup_stackheap                   0x08001829   Thumb Code    74  sys_stackheap_outer.o(.text)
    __rt_ctype_table                         0x08001875   Thumb Code    16  rt_ctype_table.o(.text)
    __rt_locale                              0x08001885   Thumb Code     8  rt_locale_intlibspace.o(.text)
    _printf_fp_infnan                        0x0800188d   Thumb Code   112  _printf_fp_infnan.o(.text)
    _btod_etento                             0x0800190d   Thumb Code   224  bigflt0.o(.text)
    exit                                     0x080019f1   Thumb Code    18  exit.o(.text)
    __user_libspace                          0x08001a05   Thumb Code     8  libspace.o(.text)
    __user_perproc_libspace                  0x08001a05   Thumb Code     0  libspace.o(.text)
    __user_perthread_libspace                0x08001a05   Thumb Code     0  libspace.o(.text)
    strcmp                                   0x08001a0d   Thumb Code   128  strcmpv7m.o(.text)
    _sys_exit                                0x08001a8d   Thumb Code     8  sys_exit.o(.text)
    __I$use$semihosting                      0x08001a99   Thumb Code     0  use_no_semi.o(.text)
    __use_no_semihosting_swi                 0x08001a99   Thumb Code     2  use_no_semi.o(.text)
    __semihosting_library_function           0x08001a9b   Thumb Code     0  indicate_semi.o(.text)
    _btod_d2e                                0x08001a9b   Thumb Code    62  btod.o(CL$$btod_d2e)
    _d2e_denorm_low                          0x08001ad9   Thumb Code    70  btod.o(CL$$btod_d2e_denorm_low)
    _d2e_norm_op1                            0x08001b1f   Thumb Code    96  btod.o(CL$$btod_d2e_norm_op1)
    __btod_div_common                        0x08001b7f   Thumb Code   696  btod.o(CL$$btod_div_common)
    _e2e                                     0x08001eb7   Thumb Code   220  btod.o(CL$$btod_e2e)
    _btod_ediv                               0x08001f93   Thumb Code    42  btod.o(CL$$btod_ediv)
    _btod_emul                               0x08001fbd   Thumb Code    42  btod.o(CL$$btod_emul)
    __btod_mult_common                       0x08001fe7   Thumb Code   580  btod.o(CL$$btod_mult_common)
    AT24C02_ReadData                         0x0800222b   Thumb Code   112  at24c02.o(i.AT24C02_ReadData)
    AT24C02_ReadOTA                          0x0800229d   Thumb Code    22  at24c02.o(i.AT24C02_ReadOTA)
    AT24C02_ReadOTAFlag                      0x080022b9   Thumb Code    58  boot.o(i.AT24C02_ReadOTAFlag)
    AT24C02_WriteOTA                         0x080022f5   Thumb Code    36  at24c02.o(i.AT24C02_WriteOTA)
    AT24C02_WritePage                        0x0800231d   Thumb Code    84  at24c02.o(i.AT24C02_WritePage)
    Bootloader_Enter                         0x08002371   Thumb Code    44  boot.o(i.Bootloader_Enter)
    Bootloader_Event                         0x080023e1   Thumb Code  1388  boot.o(i.Bootloader_Event)
    Bootloader_Info                          0x0800294d   Thumb Code    52  boot.o(i.Bootloader_Info)
    Bootloader_Jump                          0x08002a65   Thumb Code   102  boot.o(i.Bootloader_Jump)
    BusFault_Handler                         0x08002b4d   Thumb Code     4  stm32f10x_it.o(i.BusFault_Handler)
    DMA_Cmd                                  0x08002b51   Thumb Code    24  stm32f10x_dma.o(i.DMA_Cmd)
    DMA_GetCurrDataCounter                   0x08002b69   Thumb Code     8  stm32f10x_dma.o(i.DMA_GetCurrDataCounter)
    DMA_Init                                 0x08002b71   Thumb Code    60  stm32f10x_dma.o(i.DMA_Init)
    DMA_SetCurrDataCounter                   0x08002bad   Thumb Code     4  stm32f10x_dma.o(i.DMA_SetCurrDataCounter)
    DebugMon_Handler                         0x08002bb1   Thumb Code     2  stm32f10x_it.o(i.DebugMon_Handler)
    FLASH_Erase                              0x08002bb3   Thumb Code    48  flash.o(i.FLASH_Erase)
    FLASH_ErasePage                          0x08002be5   Thumb Code    72  stm32f10x_flash.o(i.FLASH_ErasePage)
    FLASH_GetBank1Status                     0x08002c31   Thumb Code    48  stm32f10x_flash.o(i.FLASH_GetBank1Status)
    FLASH_Lock                               0x08002c65   Thumb Code    14  stm32f10x_flash.o(i.FLASH_Lock)
    FLASH_ProgramWord                        0x08002c79   Thumb Code   102  stm32f10x_flash.o(i.FLASH_ProgramWord)
    FLASH_Unlock                             0x08002ce5   Thumb Code    12  stm32f10x_flash.o(i.FLASH_Unlock)
    FLASH_WaitForLastOperation               0x08002cfd   Thumb Code    38  stm32f10x_flash.o(i.FLASH_WaitForLastOperation)
    FLASH_Write                              0x08002d23   Thumb Code    38  flash.o(i.FLASH_Write)
    GPIO_Init                                0x08002d49   Thumb Code   278  stm32f10x_gpio.o(i.GPIO_Init)
    GPIO_ReadInputDataBit                    0x08002e5f   Thumb Code    18  stm32f10x_gpio.o(i.GPIO_ReadInputDataBit)
    GPIO_ResetBits                           0x08002e71   Thumb Code     4  stm32f10x_gpio.o(i.GPIO_ResetBits)
    GPIO_SetBits                             0x08002e75   Thumb Code     4  stm32f10x_gpio.o(i.GPIO_SetBits)
    HardFault_Handler                        0x08002e79   Thumb Code     4  stm32f10x_it.o(i.HardFault_Handler)
    I2C1_Init                                0x08002e7d   Thumb Code    88  i2c.o(i.I2C1_Init)
    I2C_ReadByte                             0x08002ed9   Thumb Code   148  i2c.o(i.I2C_ReadByte)
    I2C_SendByte                             0x08002f71   Thumb Code    88  i2c.o(i.I2C_SendByte)
    I2C_Start                                0x08002fcd   Thumb Code    42  i2c.o(i.I2C_Start)
    I2C_Stop                                 0x08002ffd   Thumb Code    42  i2c.o(i.I2C_Stop)
    I2C_Wait_ACK                             0x0800302d   Thumb Code    84  i2c.o(i.I2C_Wait_ACK)
    LOAD_A                                   0x08003085   Thumb Code    48  boot.o(i.LOAD_A)
    MemManage_Handler                        0x080030d9   Thumb Code     4  stm32f10x_it.o(i.MemManage_Handler)
    NMI_Handler                              0x080030dd   Thumb Code     2  stm32f10x_it.o(i.NMI_Handler)
    NVIC_Init                                0x080030e1   Thumb Code   100  misc.o(i.NVIC_Init)
    PendSV_Handler                           0x08003175   Thumb Code     2  stm32f10x_it.o(i.PendSV_Handler)
    RCC_AHBPeriphClockCmd                    0x08003179   Thumb Code    26  stm32f10x_rcc.o(i.RCC_AHBPeriphClockCmd)
    RCC_APB1PeriphClockCmd                   0x08003199   Thumb Code    26  stm32f10x_rcc.o(i.RCC_APB1PeriphClockCmd)
    RCC_APB1PeriphResetCmd                   0x080031b9   Thumb Code    26  stm32f10x_rcc.o(i.RCC_APB1PeriphResetCmd)
    RCC_APB2PeriphClockCmd                   0x080031d9   Thumb Code    26  stm32f10x_rcc.o(i.RCC_APB2PeriphClockCmd)
    RCC_APB2PeriphResetCmd                   0x080031f9   Thumb Code    26  stm32f10x_rcc.o(i.RCC_APB2PeriphResetCmd)
    RCC_GetClocksFreq                        0x08003219   Thumb Code   192  stm32f10x_rcc.o(i.RCC_GetClocksFreq)
    SPI1_Init                                0x080032ed   Thumb Code   146  spi.o(i.SPI1_Init)
    SPI1_Read                                0x08003389   Thumb Code    28  spi.o(i.SPI1_Read)
    SPI1_ReadWrite_Byte                      0x080033a5   Thumb Code    48  spi.o(i.SPI1_ReadWrite_Byte)
    SPI1_Write                               0x080033d9   Thumb Code    26  spi.o(i.SPI1_Write)
    SPI_Cmd                                  0x080033f3   Thumb Code    24  stm32f10x_spi.o(i.SPI_Cmd)
    SPI_I2S_DeInit                           0x0800340d   Thumb Code    76  stm32f10x_spi.o(i.SPI_I2S_DeInit)
    SPI_I2S_GetFlagStatus                    0x08003465   Thumb Code    18  stm32f10x_spi.o(i.SPI_I2S_GetFlagStatus)
    SPI_I2S_ReceiveData                      0x08003477   Thumb Code     6  stm32f10x_spi.o(i.SPI_I2S_ReceiveData)
    SPI_I2S_SendData                         0x0800347d   Thumb Code     4  stm32f10x_spi.o(i.SPI_I2S_SendData)
    SPI_Init                                 0x08003481   Thumb Code    60  stm32f10x_spi.o(i.SPI_Init)
    SVC_Handler                              0x080034bd   Thumb Code     2  stm32f10x_it.o(i.SVC_Handler)
    SysTick_CLKSourceConfig                  0x080035a9   Thumb Code    40  misc.o(i.SysTick_CLKSourceConfig)
    SysTick_Handler                          0x08003625   Thumb Code     2  stm32f10x_it.o(i.SysTick_Handler)
    SystemInit                               0x08003629   Thumb Code    78  system_stm32f10x.o(i.SystemInit)
    USART1_IRQHandler                        0x08003689   Thumb Code   176  stm32f10x_it.o(i.USART1_IRQHandler)
    USART1_Init                              0x08003749   Thumb Code   292  usart.o(i.USART1_Init)
    USART_ClearFlag                          0x08003889   Thumb Code    18  stm32f10x_usart.o(i.USART_ClearFlag)
    USART_Cmd                                0x0800389b   Thumb Code    24  stm32f10x_usart.o(i.USART_Cmd)
    USART_DMACmd                             0x080038b3   Thumb Code    18  stm32f10x_usart.o(i.USART_DMACmd)
    USART_GetFlagStatus                      0x080038c5   Thumb Code    26  stm32f10x_usart.o(i.USART_GetFlagStatus)
    USART_ITConfig                           0x080038df   Thumb Code    74  stm32f10x_usart.o(i.USART_ITConfig)
    USART_Init                               0x08003929   Thumb Code   210  stm32f10x_usart.o(i.USART_Init)
    USART_ReceiveData                        0x08003a01   Thumb Code    10  stm32f10x_usart.o(i.USART_ReceiveData)
    USART_SendData                           0x08003a0b   Thumb Code     8  stm32f10x_usart.o(i.USART_SendData)
    UsageFault_Handler                       0x08003a13   Thumb Code     4  stm32f10x_it.o(i.UsageFault_Handler)
    W25Q64_Enable                            0x08003a19   Thumb Code    30  w25q64.o(i.W25Q64_Enable)
    W25Q64_Erase_64k                         0x08003a3d   Thumb Code    70  w25q64.o(i.W25Q64_Erase_64k)
    W25Q64_Init                              0x08003a89   Thumb Code    48  w25q64.o(i.W25Q64_Init)
    W25Q64_PageWrite                         0x08003abd   Thumb Code    80  w25q64.o(i.W25Q64_PageWrite)
    W25Q64_Read                              0x08003b11   Thumb Code    66  w25q64.o(i.W25Q64_Read)
    W25Q64_WaitBusy                          0x08003b59   Thumb Code    44  w25q64.o(i.W25Q64_WaitBusy)
    Xmodem_CRC16                             0x08003b89   Thumb Code    68  boot.o(i.Xmodem_CRC16)
    __ARM_fpclassify                         0x08003bcd   Thumb Code    40  fpclassify.o(i.__ARM_fpclassify)
    _is_digit                                0x08003bff   Thumb Code    14  __printf_wp.o(i._is_digit)
    delay_init                               0x08003c0d   Thumb Code    10  delay.o(i.delay_init)
    delay_ms                                 0x08003c19   Thumb Code    68  delay.o(i.delay_ms)
    delay_us                                 0x08003c61   Thumb Code    66  delay.o(i.delay_us)
    main                                     0x08003cad   Thumb Code   464  main.o(i.main)
    uprintf                                  0x08003ef9   Thumb Code    90  usart.o(i.uprintf)
    _get_lc_numeric                          0x08003f5d   Thumb Code    44  lc_numeric_c.o(locale$$code)
    _get_lc_ctype                            0x08003f89   Thumb Code    44  lc_ctype_c.o(locale$$code)
    _printf_fp_dec                           0x08003fb5   Thumb Code     4  printf1.o(x$fpl$printf1)
    _printf_fp_hex                           0x08003fb9   Thumb Code     4  printf2.o(x$fpl$printf2)
    __I$use$fp                               0x08003fbc   Number         0  usenofp.o(x$fpl$usenofp)
    Region$$Table$$Base                      0x08004244   Number         0  anon$$obj.o(Region$$Table)
    Region$$Table$$Limit                     0x08004264   Number         0  anon$$obj.o(Region$$Table)
    __ctype                                  0x0800428d   Data           0  lc_ctype_c.o(locale$$data)
    SystemCoreClock                          0x20000000   Data           4  system_stm32f10x.o(.data)
    AHBPrescTable                            0x20000004   Data          16  system_stm32f10x.o(.data)
    load_A                                   0x20000014   Data           4  boot.o(.data)
    BootState                                0x20000018   Data           4  main.o(.data)
    URx_Buff                                 0x20000030   Data        2048  usart.o(.bss)
    UTx_Buff                                 0x20000830   Data        2048  usart.o(.bss)
    OTA                                      0x20001030   Data          80  main.o(.bss)
    Updata_A                                 0x20001080   Data        1040  main.o(.bss)
    wdata                                    0x20001490   Data        2048  main.o(.bss)
    rdata                                    0x20001c90   Data        2048  main.o(.bss)
    UCB                                      0x20002490   Data          96  stm32f10x_it.o(.bss)
    __libspace_start                         0x200024f0   Data          96  libspace.o(.bss)
    __temporary_stack_top$libspace           0x20002550   Data           0  libspace.o(.bss)



==============================================================================

Memory Map of the image

  Image Entry point : 0x080000ed

  Load Region LR_IROM1 (Base: 0x08000000, Size: 0x000043c0, Max: 0x00010000, ABSOLUTE)

    Execution Region ER_IROM1 (Exec base: 0x08000000, Load base: 0x08000000, Size: 0x00004390, Max: 0x00010000, ABSOLUTE)

    Exec Addr    Load Addr    Size         Type   Attr      Idx    E Section Name        Object

    0x08000000   0x08000000   0x000000ec   Data   RO           19    RESET               startup_stm32f10x_md.o
    0x080000ec   0x080000ec   0x00000008   Code   RO         1800  * !!!main             c_w.l(__main.o)
    0x080000f4   0x080000f4   0x00000034   Code   RO         2137    !!!scatter          c_w.l(__scatter.o)
    0x08000128   0x08000128   0x0000001a   Code   RO         2139    !!handler_copy      c_w.l(__scatter_copy.o)
    0x08000142   0x08000142   0x00000002   PAD
    0x08000144   0x08000144   0x0000001c   Code   RO         2141    !!handler_zi        c_w.l(__scatter_zi.o)
    0x08000160   0x08000160   0x00000000   Code   RO         1886    .ARM.Collect$$_printf_percent$$00000000  c_w.l(_printf_percent.o)
    0x08000160   0x08000160   0x00000006   Code   RO         1875    .ARM.Collect$$_printf_percent$$00000001  c_w.l(_printf_n.o)
    0x08000166   0x08000166   0x00000006   Code   RO         1877    .ARM.Collect$$_printf_percent$$00000002  c_w.l(_printf_p.o)
    0x0800016c   0x0800016c   0x00000006   Code   RO         1882    .ARM.Collect$$_printf_percent$$00000003  c_w.l(_printf_f.o)
    0x08000172   0x08000172   0x00000006   Code   RO         1883    .ARM.Collect$$_printf_percent$$00000004  c_w.l(_printf_e.o)
    0x08000178   0x08000178   0x00000006   Code   RO         1884    .ARM.Collect$$_printf_percent$$00000005  c_w.l(_printf_g.o)
    0x0800017e   0x0800017e   0x00000006   Code   RO         1885    .ARM.Collect$$_printf_percent$$00000006  c_w.l(_printf_a.o)
    0x08000184   0x08000184   0x0000000a   Code   RO         1890    .ARM.Collect$$_printf_percent$$00000007  c_w.l(_printf_ll.o)
    0x0800018e   0x0800018e   0x00000006   Code   RO         1879    .ARM.Collect$$_printf_percent$$00000008  c_w.l(_printf_i.o)
    0x08000194   0x08000194   0x00000006   Code   RO         1880    .ARM.Collect$$_printf_percent$$00000009  c_w.l(_printf_d.o)
    0x0800019a   0x0800019a   0x00000006   Code   RO         1881    .ARM.Collect$$_printf_percent$$0000000A  c_w.l(_printf_u.o)
    0x080001a0   0x080001a0   0x00000006   Code   RO         1878    .ARM.Collect$$_printf_percent$$0000000B  c_w.l(_printf_o.o)
    0x080001a6   0x080001a6   0x00000006   Code   RO         1876    .ARM.Collect$$_printf_percent$$0000000C  c_w.l(_printf_x.o)
    0x080001ac   0x080001ac   0x00000006   Code   RO         1887    .ARM.Collect$$_printf_percent$$0000000D  c_w.l(_printf_lli.o)
    0x080001b2   0x080001b2   0x00000006   Code   RO         1888    .ARM.Collect$$_printf_percent$$0000000E  c_w.l(_printf_lld.o)
    0x080001b8   0x080001b8   0x00000006   Code   RO         1889    .ARM.Collect$$_printf_percent$$0000000F  c_w.l(_printf_llu.o)
    0x080001be   0x080001be   0x00000006   Code   RO         1894    .ARM.Collect$$_printf_percent$$00000010  c_w.l(_printf_llo.o)
    0x080001c4   0x080001c4   0x00000006   Code   RO         1895    .ARM.Collect$$_printf_percent$$00000011  c_w.l(_printf_llx.o)
    0x080001ca   0x080001ca   0x0000000a   Code   RO         1891    .ARM.Collect$$_printf_percent$$00000012  c_w.l(_printf_l.o)
    0x080001d4   0x080001d4   0x00000006   Code   RO         1873    .ARM.Collect$$_printf_percent$$00000013  c_w.l(_printf_c.o)
    0x080001da   0x080001da   0x00000006   Code   RO         1874    .ARM.Collect$$_printf_percent$$00000014  c_w.l(_printf_s.o)
    0x080001e0   0x080001e0   0x00000006   Code   RO         1892    .ARM.Collect$$_printf_percent$$00000015  c_w.l(_printf_lc.o)
    0x080001e6   0x080001e6   0x00000006   Code   RO         1893    .ARM.Collect$$_printf_percent$$00000016  c_w.l(_printf_ls.o)
    0x080001ec   0x080001ec   0x00000004   Code   RO         1944    .ARM.Collect$$_printf_percent$$00000017  c_w.l(_printf_percent_end.o)
    0x080001f0   0x080001f0   0x00000002   Code   RO         1995    .ARM.Collect$$libinit$$00000000  c_w.l(libinit.o)
    0x080001f2   0x080001f2   0x00000000   Code   RO         2012    .ARM.Collect$$libinit$$00000002  c_w.l(libinit2.o)
    0x080001f2   0x080001f2   0x00000000   Code   RO         2014    .ARM.Collect$$libinit$$00000004  c_w.l(libinit2.o)
    0x080001f2   0x080001f2   0x00000000   Code   RO         2017    .ARM.Collect$$libinit$$0000000A  c_w.l(libinit2.o)
    0x080001f2   0x080001f2   0x00000000   Code   RO         2019    .ARM.Collect$$libinit$$0000000C  c_w.l(libinit2.o)
    0x080001f2   0x080001f2   0x00000000   Code   RO         2021    .ARM.Collect$$libinit$$0000000E  c_w.l(libinit2.o)
    0x080001f2   0x080001f2   0x00000006   Code   RO         2022    .ARM.Collect$$libinit$$0000000F  c_w.l(libinit2.o)
    0x080001f8   0x080001f8   0x00000000   Code   RO         2024    .ARM.Collect$$libinit$$00000011  c_w.l(libinit2.o)
    0x080001f8   0x080001f8   0x0000000c   Code   RO         2025    .ARM.Collect$$libinit$$00000012  c_w.l(libinit2.o)
    0x08000204   0x08000204   0x00000000   Code   RO         2026    .ARM.Collect$$libinit$$00000013  c_w.l(libinit2.o)
    0x08000204   0x08000204   0x00000000   Code   RO         2028    .ARM.Collect$$libinit$$00000015  c_w.l(libinit2.o)
    0x08000204   0x08000204   0x0000000a   Code   RO         2029    .ARM.Collect$$libinit$$00000016  c_w.l(libinit2.o)
    0x0800020e   0x0800020e   0x00000000   Code   RO         2030    .ARM.Collect$$libinit$$00000017  c_w.l(libinit2.o)
    0x0800020e   0x0800020e   0x00000000   Code   RO         2032    .ARM.Collect$$libinit$$00000019  c_w.l(libinit2.o)
    0x0800020e   0x0800020e   0x00000000   Code   RO         2034    .ARM.Collect$$libinit$$0000001B  c_w.l(libinit2.o)
    0x0800020e   0x0800020e   0x00000000   Code   RO         2036    .ARM.Collect$$libinit$$0000001D  c_w.l(libinit2.o)
    0x0800020e   0x0800020e   0x00000000   Code   RO         2038    .ARM.Collect$$libinit$$0000001F  c_w.l(libinit2.o)
    0x0800020e   0x0800020e   0x00000000   Code   RO         2040    .ARM.Collect$$libinit$$00000021  c_w.l(libinit2.o)
    0x0800020e   0x0800020e   0x00000000   Code   RO         2042    .ARM.Collect$$libinit$$00000023  c_w.l(libinit2.o)
    0x0800020e   0x0800020e   0x00000000   Code   RO         2044    .ARM.Collect$$libinit$$00000025  c_w.l(libinit2.o)
    0x0800020e   0x0800020e   0x00000000   Code   RO         2048    .ARM.Collect$$libinit$$0000002C  c_w.l(libinit2.o)
    0x0800020e   0x0800020e   0x00000000   Code   RO         2050    .ARM.Collect$$libinit$$0000002E  c_w.l(libinit2.o)
    0x0800020e   0x0800020e   0x00000000   Code   RO         2052    .ARM.Collect$$libinit$$00000030  c_w.l(libinit2.o)
    0x0800020e   0x0800020e   0x00000000   Code   RO         2054    .ARM.Collect$$libinit$$00000032  c_w.l(libinit2.o)
    0x0800020e   0x0800020e   0x00000002   Code   RO         2055    .ARM.Collect$$libinit$$00000033  c_w.l(libinit2.o)
    0x08000210   0x08000210   0x00000002   Code   RO         2075    .ARM.Collect$$libshutdown$$00000000  c_w.l(libshutdown.o)
    0x08000212   0x08000212   0x00000000   Code   RO         2088    .ARM.Collect$$libshutdown$$00000002  c_w.l(libshutdown2.o)
    0x08000212   0x08000212   0x00000000   Code   RO         2090    .ARM.Collect$$libshutdown$$00000004  c_w.l(libshutdown2.o)
    0x08000212   0x08000212   0x00000000   Code   RO         2092    .ARM.Collect$$libshutdown$$00000006  c_w.l(libshutdown2.o)
    0x08000212   0x08000212   0x00000000   Code   RO         2095    .ARM.Collect$$libshutdown$$00000009  c_w.l(libshutdown2.o)
    0x08000212   0x08000212   0x00000000   Code   RO         2098    .ARM.Collect$$libshutdown$$0000000C  c_w.l(libshutdown2.o)
    0x08000212   0x08000212   0x00000000   Code   RO         2100    .ARM.Collect$$libshutdown$$0000000E  c_w.l(libshutdown2.o)
    0x08000212   0x08000212   0x00000000   Code   RO         2103    .ARM.Collect$$libshutdown$$00000011  c_w.l(libshutdown2.o)
    0x08000212   0x08000212   0x00000002   Code   RO         2104    .ARM.Collect$$libshutdown$$00000012  c_w.l(libshutdown2.o)
    0x08000214   0x08000214   0x00000000   Code   RO         1802    .ARM.Collect$$rtentry$$00000000  c_w.l(__rtentry.o)
    0x08000214   0x08000214   0x00000000   Code   RO         1913    .ARM.Collect$$rtentry$$00000002  c_w.l(__rtentry2.o)
    0x08000214   0x08000214   0x00000006   Code   RO         1925    .ARM.Collect$$rtentry$$00000004  c_w.l(__rtentry4.o)
    0x0800021a   0x0800021a   0x00000000   Code   RO         1915    .ARM.Collect$$rtentry$$00000009  c_w.l(__rtentry2.o)
    0x0800021a   0x0800021a   0x00000004   Code   RO         1916    .ARM.Collect$$rtentry$$0000000A  c_w.l(__rtentry2.o)
    0x0800021e   0x0800021e   0x00000000   Code   RO         1918    .ARM.Collect$$rtentry$$0000000C  c_w.l(__rtentry2.o)
    0x0800021e   0x0800021e   0x00000008   Code   RO         1919    .ARM.Collect$$rtentry$$0000000D  c_w.l(__rtentry2.o)
    0x08000226   0x08000226   0x00000002   Code   RO         2004    .ARM.Collect$$rtexit$$00000000  c_w.l(rtexit.o)
    0x08000228   0x08000228   0x00000000   Code   RO         2057    .ARM.Collect$$rtexit$$00000002  c_w.l(rtexit2.o)
    0x08000228   0x08000228   0x00000004   Code   RO         2058    .ARM.Collect$$rtexit$$00000003  c_w.l(rtexit2.o)
    0x0800022c   0x0800022c   0x00000006   Code   RO         2059    .ARM.Collect$$rtexit$$00000004  c_w.l(rtexit2.o)
    0x08000232   0x08000232   0x00000002   PAD
    0x08000234   0x08000234   0x00000006   Code   RO          313    .emb_text           boot.o
    0x0800023a   0x0800023a   0x00000002   PAD
    0x0800023c   0x0800023c   0x00000040   Code   RO           20    .text               startup_stm32f10x_md.o
    0x0800027c   0x0800027c   0x00000034   Code   RO         1786    .text               c_w.l(vsnprintf.o)
    0x080002b0   0x080002b0   0x0000003c   Code   RO         1788    .text               c_w.l(__0sscanf.o)
    0x080002ec   0x080002ec   0x0000014c   Code   RO         1790    .text               c_w.l(_scanf_int.o)
    0x08000438   0x08000438   0x0000003e   Code   RO         1792    .text               c_w.l(strlen.o)
    0x08000476   0x08000476   0x0000008a   Code   RO         1794    .text               c_w.l(rt_memcpy_v6.o)
    0x08000500   0x08000500   0x0000004e   Code   RO         1796    .text               c_w.l(rt_memclr_w.o)
    0x0800054e   0x0800054e   0x00000006   Code   RO         1798    .text               c_w.l(heapauxi.o)
    0x08000554   0x08000554   0x0000004e   Code   RO         1805    .text               c_w.l(_printf_pad.o)
    0x080005a2   0x080005a2   0x00000024   Code   RO         1807    .text               c_w.l(_printf_truncate.o)
    0x080005c6   0x080005c6   0x00000052   Code   RO         1809    .text               c_w.l(_printf_str.o)
    0x08000618   0x08000618   0x00000078   Code   RO         1811    .text               c_w.l(_printf_dec.o)
    0x08000690   0x08000690   0x00000028   Code   RO         1813    .text               c_w.l(_printf_charcount.o)
    0x080006b8   0x080006b8   0x00000030   Code   RO         1815    .text               c_w.l(_printf_char_common.o)
    0x080006e8   0x080006e8   0x0000000a   Code   RO         1817    .text               c_w.l(_sputc.o)
    0x080006f2   0x080006f2   0x00000010   Code   RO         1819    .text               c_w.l(_snputc.o)
    0x08000702   0x08000702   0x00000002   PAD
    0x08000704   0x08000704   0x000000bc   Code   RO         1821    .text               c_w.l(_printf_wctomb.o)
    0x080007c0   0x080007c0   0x0000007c   Code   RO         1824    .text               c_w.l(_printf_longlong_dec.o)
    0x0800083c   0x0800083c   0x00000070   Code   RO         1830    .text               c_w.l(_printf_oct_int_ll.o)
    0x080008ac   0x080008ac   0x00000094   Code   RO         1850    .text               c_w.l(_printf_hex_int_ll_ptr.o)
    0x08000940   0x08000940   0x00000188   Code   RO         1870    .text               c_w.l(__printf_flags_ss_wp.o)
    0x08000ac8   0x08000ac8   0x0000001c   Code   RO         1896    .text               c_w.l(_chval.o)
    0x08000ae4   0x08000ae4   0x0000002c   Code   RO         1898    .text               c_w.l(scanf_char.o)
    0x08000b10   0x08000b10   0x00000040   Code   RO         1900    .text               c_w.l(_sgetc.o)
    0x08000b50   0x08000b50   0x00000064   Code   RO         1902    .text               c_w.l(rt_memcpy_w.o)
    0x08000bb4   0x08000bb4   0x0000008a   Code   RO         1927    .text               c_w.l(lludiv10.o)
    0x08000c3e   0x08000c3e   0x00000012   Code   RO         1929    .text               c_w.l(isspace.o)
    0x08000c50   0x08000c50   0x000000b2   Code   RO         1931    .text               c_w.l(_printf_intcommon.o)
    0x08000d02   0x08000d02   0x0000041e   Code   RO         1933    .text               c_w.l(_printf_fp_dec.o)
    0x08001120   0x08001120   0x000002fc   Code   RO         1935    .text               c_w.l(_printf_fp_hex.o)
    0x0800141c   0x0800141c   0x0000002c   Code   RO         1940    .text               c_w.l(_printf_char.o)
    0x08001448   0x08001448   0x0000002c   Code   RO         1942    .text               c_w.l(_printf_wchar.o)
    0x08001474   0x08001474   0x00000374   Code   RO         1945    .text               c_w.l(_scanf.o)
    0x080017e8   0x080017e8   0x00000040   Code   RO         1947    .text               c_w.l(_wcrtomb.o)
    0x08001828   0x08001828   0x0000004a   Code   RO         1949    .text               c_w.l(sys_stackheap_outer.o)
    0x08001872   0x08001872   0x00000002   PAD
    0x08001874   0x08001874   0x00000010   Code   RO         1951    .text               c_w.l(rt_ctype_table.o)
    0x08001884   0x08001884   0x00000008   Code   RO         1956    .text               c_w.l(rt_locale_intlibspace.o)
    0x0800188c   0x0800188c   0x00000080   Code   RO         1958    .text               c_w.l(_printf_fp_infnan.o)
    0x0800190c   0x0800190c   0x000000e4   Code   RO         1960    .text               c_w.l(bigflt0.o)
    0x080019f0   0x080019f0   0x00000012   Code   RO         1988    .text               c_w.l(exit.o)
    0x08001a02   0x08001a02   0x00000002   PAD
    0x08001a04   0x08001a04   0x00000008   Code   RO         2001    .text               c_w.l(libspace.o)
    0x08001a0c   0x08001a0c   0x00000080   Code   RO         2009    .text               c_w.l(strcmpv7m.o)
    0x08001a8c   0x08001a8c   0x0000000c   Code   RO         2067    .text               c_w.l(sys_exit.o)
    0x08001a98   0x08001a98   0x00000002   Code   RO         2078    .text               c_w.l(use_no_semi.o)
    0x08001a9a   0x08001a9a   0x00000000   Code   RO         2080    .text               c_w.l(indicate_semi.o)
    0x08001a9a   0x08001a9a   0x0000003e   Code   RO         1963    CL$$btod_d2e        c_w.l(btod.o)
    0x08001ad8   0x08001ad8   0x00000046   Code   RO         1965    CL$$btod_d2e_denorm_low  c_w.l(btod.o)
    0x08001b1e   0x08001b1e   0x00000060   Code   RO         1964    CL$$btod_d2e_norm_op1  c_w.l(btod.o)
    0x08001b7e   0x08001b7e   0x00000338   Code   RO         1973    CL$$btod_div_common  c_w.l(btod.o)
    0x08001eb6   0x08001eb6   0x000000dc   Code   RO         1970    CL$$btod_e2e        c_w.l(btod.o)
    0x08001f92   0x08001f92   0x0000002a   Code   RO         1967    CL$$btod_ediv       c_w.l(btod.o)
    0x08001fbc   0x08001fbc   0x0000002a   Code   RO         1966    CL$$btod_emul       c_w.l(btod.o)
    0x08001fe6   0x08001fe6   0x00000244   Code   RO         1972    CL$$btod_mult_common  c_w.l(btod.o)
    0x0800222a   0x0800222a   0x00000070   Code   RO          416    i.AT24C02_ReadData  at24c02.o
    0x0800229a   0x0800229a   0x00000002   PAD
    0x0800229c   0x0800229c   0x0000001c   Code   RO          417    i.AT24C02_ReadOTA   at24c02.o
    0x080022b8   0x080022b8   0x0000003a   Code   RO          314    i.AT24C02_ReadOTAFlag  boot.o
    0x080022f2   0x080022f2   0x00000002   PAD
    0x080022f4   0x080022f4   0x00000028   Code   RO          419    i.AT24C02_WriteOTA  at24c02.o
    0x0800231c   0x0800231c   0x00000054   Code   RO          420    i.AT24C02_WritePage  at24c02.o
    0x08002370   0x08002370   0x00000070   Code   RO          316    i.Bootloader_Enter  boot.o
    0x080023e0   0x080023e0   0x0000056c   Code   RO          317    i.Bootloader_Event  boot.o
    0x0800294c   0x0800294c   0x00000118   Code   RO          318    i.Bootloader_Info   boot.o
    0x08002a64   0x08002a64   0x000000e8   Code   RO          319    i.Bootloader_Jump   boot.o
    0x08002b4c   0x08002b4c   0x00000004   Code   RO          560    i.BusFault_Handler  stm32f10x_it.o
    0x08002b50   0x08002b50   0x00000018   Code   RO          677    i.DMA_Cmd           stm32f10x_dma.o
    0x08002b68   0x08002b68   0x00000008   Code   RO          679    i.DMA_GetCurrDataCounter  stm32f10x_dma.o
    0x08002b70   0x08002b70   0x0000003c   Code   RO          683    i.DMA_Init          stm32f10x_dma.o
    0x08002bac   0x08002bac   0x00000004   Code   RO          684    i.DMA_SetCurrDataCounter  stm32f10x_dma.o
    0x08002bb0   0x08002bb0   0x00000002   Code   RO          561    i.DebugMon_Handler  stm32f10x_it.o
    0x08002bb2   0x08002bb2   0x00000030   Code   RO          464    i.FLASH_Erase       flash.o
    0x08002be2   0x08002be2   0x00000002   PAD
    0x08002be4   0x08002be4   0x0000004c   Code   RO          755    i.FLASH_ErasePage   stm32f10x_flash.o
    0x08002c30   0x08002c30   0x00000034   Code   RO          756    i.FLASH_GetBank1Status  stm32f10x_flash.o
    0x08002c64   0x08002c64   0x00000014   Code   RO          765    i.FLASH_Lock        stm32f10x_flash.o
    0x08002c78   0x08002c78   0x0000006c   Code   RO          770    i.FLASH_ProgramWord  stm32f10x_flash.o
    0x08002ce4   0x08002ce4   0x00000018   Code   RO          773    i.FLASH_Unlock      stm32f10x_flash.o
    0x08002cfc   0x08002cfc   0x00000026   Code   RO          777    i.FLASH_WaitForLastOperation  stm32f10x_flash.o
    0x08002d22   0x08002d22   0x00000026   Code   RO          465    i.FLASH_Write       flash.o
    0x08002d48   0x08002d48   0x00000116   Code   RO          933    i.GPIO_Init         stm32f10x_gpio.o
    0x08002e5e   0x08002e5e   0x00000012   Code   RO          937    i.GPIO_ReadInputDataBit  stm32f10x_gpio.o
    0x08002e70   0x08002e70   0x00000004   Code   RO          940    i.GPIO_ResetBits    stm32f10x_gpio.o
    0x08002e74   0x08002e74   0x00000004   Code   RO          941    i.GPIO_SetBits      stm32f10x_gpio.o
    0x08002e78   0x08002e78   0x00000004   Code   RO          562    i.HardFault_Handler  stm32f10x_it.o
    0x08002e7c   0x08002e7c   0x0000005c   Code   RO          231    i.I2C1_Init         i2c.o
    0x08002ed8   0x08002ed8   0x00000098   Code   RO          232    i.I2C_ReadByte      i2c.o
    0x08002f70   0x08002f70   0x0000005c   Code   RO          233    i.I2C_SendByte      i2c.o
    0x08002fcc   0x08002fcc   0x00000030   Code   RO          234    i.I2C_Start         i2c.o
    0x08002ffc   0x08002ffc   0x00000030   Code   RO          235    i.I2C_Stop          i2c.o
    0x0800302c   0x0800302c   0x00000058   Code   RO          236    i.I2C_Wait_ACK      i2c.o
    0x08003084   0x08003084   0x00000054   Code   RO          321    i.LOAD_A            boot.o
    0x080030d8   0x080030d8   0x00000004   Code   RO          563    i.MemManage_Handler  stm32f10x_it.o
    0x080030dc   0x080030dc   0x00000002   Code   RO          564    i.NMI_Handler       stm32f10x_it.o
    0x080030de   0x080030de   0x00000002   PAD
    0x080030e0   0x080030e0   0x00000070   Code   RO          636    i.NVIC_Init         misc.o
    0x08003150   0x08003150   0x00000024   Code   RO          322    i.NVIC_SystemReset  boot.o
    0x08003174   0x08003174   0x00000002   Code   RO          565    i.PendSV_Handler    stm32f10x_it.o
    0x08003176   0x08003176   0x00000002   PAD
    0x08003178   0x08003178   0x00000020   Code   RO         1582    i.RCC_AHBPeriphClockCmd  stm32f10x_rcc.o
    0x08003198   0x08003198   0x00000020   Code   RO         1583    i.RCC_APB1PeriphClockCmd  stm32f10x_rcc.o
    0x080031b8   0x080031b8   0x00000020   Code   RO         1584    i.RCC_APB1PeriphResetCmd  stm32f10x_rcc.o
    0x080031d8   0x080031d8   0x00000020   Code   RO         1585    i.RCC_APB2PeriphClockCmd  stm32f10x_rcc.o
    0x080031f8   0x080031f8   0x00000020   Code   RO         1586    i.RCC_APB2PeriphResetCmd  stm32f10x_rcc.o
    0x08003218   0x08003218   0x000000d4   Code   RO         1593    i.RCC_GetClocksFreq  stm32f10x_rcc.o
    0x080032ec   0x080032ec   0x0000009c   Code   RO          280    i.SPI1_Init         spi.o
    0x08003388   0x08003388   0x0000001c   Code   RO          281    i.SPI1_Read         spi.o
    0x080033a4   0x080033a4   0x00000034   Code   RO          282    i.SPI1_ReadWrite_Byte  spi.o
    0x080033d8   0x080033d8   0x0000001a   Code   RO          283    i.SPI1_Write        spi.o
    0x080033f2   0x080033f2   0x00000018   Code   RO         1256    i.SPI_Cmd           stm32f10x_spi.o
    0x0800340a   0x0800340a   0x00000002   PAD
    0x0800340c   0x0800340c   0x00000058   Code   RO         1263    i.SPI_I2S_DeInit    stm32f10x_spi.o
    0x08003464   0x08003464   0x00000012   Code   RO         1264    i.SPI_I2S_GetFlagStatus  stm32f10x_spi.o
    0x08003476   0x08003476   0x00000006   Code   RO         1267    i.SPI_I2S_ReceiveData  stm32f10x_spi.o
    0x0800347c   0x0800347c   0x00000004   Code   RO         1268    i.SPI_I2S_SendData  stm32f10x_spi.o
    0x08003480   0x08003480   0x0000003c   Code   RO         1269    i.SPI_Init          stm32f10x_spi.o
    0x080034bc   0x080034bc   0x00000002   Code   RO          566    i.SVC_Handler       stm32f10x_it.o
    0x080034be   0x080034be   0x00000008   Code   RO           24    i.SetSysClock       system_stm32f10x.o
    0x080034c6   0x080034c6   0x00000002   PAD
    0x080034c8   0x080034c8   0x000000e0   Code   RO           25    i.SetSysClockTo72   system_stm32f10x.o
    0x080035a8   0x080035a8   0x00000028   Code   RO          640    i.SysTick_CLKSourceConfig  misc.o
    0x080035d0   0x080035d0   0x00000054   Code   RO          137    i.SysTick_Config    delay.o
    0x08003624   0x08003624   0x00000002   Code   RO          567    i.SysTick_Handler   stm32f10x_it.o
    0x08003626   0x08003626   0x00000002   PAD
    0x08003628   0x08003628   0x00000060   Code   RO           27    i.SystemInit        system_stm32f10x.o
    0x08003688   0x08003688   0x000000c0   Code   RO          568    i.USART1_IRQHandler  stm32f10x_it.o
    0x08003748   0x08003748   0x00000140   Code   RO          192    i.USART1_Init       usart.o
    0x08003888   0x08003888   0x00000012   Code   RO         1398    i.USART_ClearFlag   stm32f10x_usart.o
    0x0800389a   0x0800389a   0x00000018   Code   RO         1402    i.USART_Cmd         stm32f10x_usart.o
    0x080038b2   0x080038b2   0x00000012   Code   RO         1403    i.USART_DMACmd      stm32f10x_usart.o
    0x080038c4   0x080038c4   0x0000001a   Code   RO         1405    i.USART_GetFlagStatus  stm32f10x_usart.o
    0x080038de   0x080038de   0x0000004a   Code   RO         1408    i.USART_ITConfig    stm32f10x_usart.o
    0x08003928   0x08003928   0x000000d8   Code   RO         1409    i.USART_Init        stm32f10x_usart.o
    0x08003a00   0x08003a00   0x0000000a   Code   RO         1416    i.USART_ReceiveData  stm32f10x_usart.o
    0x08003a0a   0x08003a0a   0x00000008   Code   RO         1419    i.USART_SendData    stm32f10x_usart.o
    0x08003a12   0x08003a12   0x00000004   Code   RO          569    i.UsageFault_Handler  stm32f10x_it.o
    0x08003a16   0x08003a16   0x00000002   PAD
    0x08003a18   0x08003a18   0x00000024   Code   RO          485    i.W25Q64_Enable     w25q64.o
    0x08003a3c   0x08003a3c   0x0000004c   Code   RO          486    i.W25Q64_Erase_64k  w25q64.o
    0x08003a88   0x08003a88   0x00000034   Code   RO          487    i.W25Q64_Init       w25q64.o
    0x08003abc   0x08003abc   0x00000054   Code   RO          488    i.W25Q64_PageWrite  w25q64.o
    0x08003b10   0x08003b10   0x00000048   Code   RO          489    i.W25Q64_Read       w25q64.o
    0x08003b58   0x08003b58   0x00000030   Code   RO          490    i.W25Q64_WaitBusy   w25q64.o
    0x08003b88   0x08003b88   0x00000044   Code   RO          323    i.Xmodem_CRC16      boot.o
    0x08003bcc   0x08003bcc   0x00000028   Code   RO         1999    i.__ARM_fpclassify  m_ws.l(fpclassify.o)
    0x08003bf4   0x08003bf4   0x0000000a   Code   RO          324    i.__set_FAULTMASK   boot.o
    0x08003bfe   0x08003bfe   0x0000000e   Code   RO         1863    i._is_digit         c_w.l(__printf_wp.o)
    0x08003c0c   0x08003c0c   0x0000000a   Code   RO          138    i.delay_init        delay.o
    0x08003c16   0x08003c16   0x00000002   PAD
    0x08003c18   0x08003c18   0x00000048   Code   RO          139    i.delay_ms          delay.o
    0x08003c60   0x08003c60   0x0000004c   Code   RO          140    i.delay_us          delay.o
    0x08003cac   0x08003cac   0x0000024c   Code   RO          533    i.main              main.o
    0x08003ef8   0x08003ef8   0x00000064   Code   RO          193    i.uprintf           usart.o
    0x08003f5c   0x08003f5c   0x0000002c   Code   RO         1986    locale$$code        c_w.l(lc_numeric_c.o)
    0x08003f88   0x08003f88   0x0000002c   Code   RO         2007    locale$$code        c_w.l(lc_ctype_c.o)
    0x08003fb4   0x08003fb4   0x00000004   Code   RO         1904    x$fpl$printf1       fz_ws.l(printf1.o)
    0x08003fb8   0x08003fb8   0x00000004   Code   RO         1906    x$fpl$printf2       fz_ws.l(printf2.o)
    0x08003fbc   0x08003fbc   0x00000000   Code   RO         1998    x$fpl$usenofp       fz_ws.l(usenofp.o)
    0x08003fbc   0x08003fbc   0x00000008   Data   RO         1822    .constdata          c_w.l(_printf_wctomb.o)
    0x08003fc4   0x08003fc4   0x00000028   Data   RO         1851    .constdata          c_w.l(_printf_hex_int_ll_ptr.o)
    0x08003fec   0x08003fec   0x00000011   Data   RO         1871    .constdata          c_w.l(__printf_flags_ss_wp.o)
    0x08003ffd   0x08003ffd   0x00000026   Data   RO         1936    .constdata          c_w.l(_printf_fp_hex.o)
    0x08004023   0x08004023   0x00000001   PAD
    0x08004024   0x08004024   0x00000094   Data   RO         1961    .constdata          c_w.l(bigflt0.o)
    0x080040b8   0x080040b8   0x000000f8   Data   RO          325    .conststring        boot.o
    0x080041b0   0x080041b0   0x00000092   Data   RO          535    .conststring        main.o
    0x08004242   0x08004242   0x00000002   PAD
    0x08004244   0x08004244   0x00000020   Data   RO         2135    Region$$Table       anon$$obj.o
    0x08004264   0x08004264   0x0000001c   Data   RO         1985    locale$$data        c_w.l(lc_numeric_c.o)
    0x08004280   0x08004280   0x00000110   Data   RO         2006    locale$$data        c_w.l(lc_ctype_c.o)


    Execution Region RW_IRAM1 (Exec base: 0x20000000, Load base: 0x08004390, Size: 0x00002b50, Max: 0x00005000, ABSOLUTE)

    Exec Addr    Load Addr    Size         Type   Attr      Idx    E Section Name        Object

    0x20000000   0x08004390   0x00000014   Data   RW           28    .data               system_stm32f10x.o
    0x20000014   0x080043a4   0x00000004   Data   RW          326    .data               boot.o
    0x20000018   0x080043a8   0x00000004   Data   RW          536    .data               main.o
    0x2000001c   0x080043ac   0x00000014   Data   RW         1613    .data               stm32f10x_rcc.o
    0x20000030        -       0x00001000   Zero   RW          194    .bss                usart.o
    0x20001030        -       0x00001460   Zero   RW          534    .bss                main.o
    0x20002490        -       0x00000060   Zero   RW          570    .bss                stm32f10x_it.o
    0x200024f0        -       0x00000060   Zero   RW         2002    .bss                c_w.l(libspace.o)
    0x20002550        -       0x00000200   Zero   RW           18    HEAP                startup_stm32f10x_md.o
    0x20002750        -       0x00000400   Zero   RW           17    STACK               startup_stm32f10x_md.o


==============================================================================

Image component sizes


      Code (inc. data)   RO Data    RW Data    ZI Data      Debug   Object Name

       264         10          0          0          0       2792   at24c02.o
      2274        866        248          4          0      21416   boot.o
         0          0          0          0          0       4540   core_cm3.o
       242         22          0          0          0     220210   delay.o
        86          0          0          0          0       1508   flash.o
       520         28          0          0          0       3040   i2c.o
       588        124        146          4       5216       2492   main.o
       152         12          0          0          0       3102   misc.o
       262         14          0          0          0       2535   spi.o
        64         26        236          0       1536        768   startup_stm32f10x_md.o
        96          0          0          0          0      13487   stm32f10x_dma.o
       318         32          0          0          0      10834   stm32f10x_flash.o
       304          0          0          0          0      11768   stm32f10x_gpio.o
       218         16          0          0         96       4827   stm32f10x_it.o
       372         50          0         20          0      14488   stm32f10x_rcc.o
       200         12          0          0          0      10955   stm32f10x_spi.o
       394          6          0          0          0      12110   stm32f10x_usart.o
       328         28          0         20          0      41749   system_stm32f10x.o
       420         38          0          0       4096      17763   usart.o
       368         30          0          0          0       3420   w25q64.o

    ----------------------------------------------------------------------
      7492       1314        664         48      10944     403804   Object Totals
         0          0         32          0          0          0   (incl. Generated)
        22          0          2          0          0          0   (incl. Padding)

    ----------------------------------------------------------------------

      Code (inc. data)   RO Data    RW Data    ZI Data      Debug   Library Member Name

        60          8          0          0          0         84   __0sscanf.o
         8          0          0          0          0         68   __main.o
       392          4         17          0          0         92   __printf_flags_ss_wp.o
        14          0          0          0          0         68   __printf_wp.o
         0          0          0          0          0          0   __rtentry.o
        12          0          0          0          0          0   __rtentry2.o
         6          0          0          0          0          0   __rtentry4.o
        52          8          0          0          0          0   __scatter.o
        26          0          0          0          0          0   __scatter_copy.o
        28          0          0          0          0          0   __scatter_zi.o
        28          0          0          0          0         68   _chval.o
         6          0          0          0          0          0   _printf_a.o
         6          0          0          0          0          0   _printf_c.o
        44          0          0          0          0        108   _printf_char.o
        48          6          0          0          0         96   _printf_char_common.o
        40          0          0          0          0         68   _printf_charcount.o
         6          0          0          0          0          0   _printf_d.o
       120         16          0          0          0         92   _printf_dec.o
         6          0          0          0          0          0   _printf_e.o
         6          0          0          0          0          0   _printf_f.o
      1054          0          0          0          0        216   _printf_fp_dec.o
       764          8         38          0          0        100   _printf_fp_hex.o
       128         16          0          0          0         84   _printf_fp_infnan.o
         6          0          0          0          0          0   _printf_g.o
       148          4         40          0          0        160   _printf_hex_int_ll_ptr.o
         6          0          0          0          0          0   _printf_i.o
       178          0          0          0          0         88   _printf_intcommon.o
        10          0          0          0          0          0   _printf_l.o
         6          0          0          0          0          0   _printf_lc.o
        10          0          0          0          0          0   _printf_ll.o
         6          0          0          0          0          0   _printf_lld.o
         6          0          0          0          0          0   _printf_lli.o
         6          0          0          0          0          0   _printf_llo.o
         6          0          0          0          0          0   _printf_llu.o
         6          0          0          0          0          0   _printf_llx.o
       124         16          0          0          0         92   _printf_longlong_dec.o
         6          0          0          0          0          0   _printf_ls.o
         6          0          0          0          0          0   _printf_n.o
         6          0          0          0          0          0   _printf_o.o
       112         10          0          0          0        124   _printf_oct_int_ll.o
         6          0          0          0          0          0   _printf_p.o
        78          0          0          0          0        108   _printf_pad.o
         0          0          0          0          0          0   _printf_percent.o
         4          0          0          0          0          0   _printf_percent_end.o
         6          0          0          0          0          0   _printf_s.o
        82          0          0          0          0         80   _printf_str.o
        36          0          0          0          0         84   _printf_truncate.o
         6          0          0          0          0          0   _printf_u.o
        44          0          0          0          0        108   _printf_wchar.o
       188          6          8          0          0         92   _printf_wctomb.o
         6          0          0          0          0          0   _printf_x.o
       884          4          0          0          0        100   _scanf.o
       332          0          0          0          0         96   _scanf_int.o
        64          0          0          0          0         84   _sgetc.o
        16          0          0          0          0         68   _snputc.o
        10          0          0          0          0         68   _sputc.o
        64          0          0          0          0         92   _wcrtomb.o
       228          4        148          0          0         96   bigflt0.o
      1936        128          0          0          0        672   btod.o
        18          0          0          0          0         80   exit.o
         6          0          0          0          0        152   heapauxi.o
         0          0          0          0          0          0   indicate_semi.o
        18          0          0          0          0         76   isspace.o
        44         10        272          0          0         76   lc_ctype_c.o
        44         10         28          0          0         76   lc_numeric_c.o
         2          0          0          0          0          0   libinit.o
        30          0          0          0          0          0   libinit2.o
         2          0          0          0          0          0   libshutdown.o
         2          0          0          0          0          0   libshutdown2.o
         8          4          0          0         96         68   libspace.o
       138          0          0          0          0         80   lludiv10.o
        16          4          0          0          0         76   rt_ctype_table.o
         8          4          0          0          0         68   rt_locale_intlibspace.o
        78          0          0          0          0         80   rt_memclr_w.o
       138          0          0          0          0         68   rt_memcpy_v6.o
       100          0          0          0          0         80   rt_memcpy_w.o
         2          0          0          0          0          0   rtexit.o
        10          0          0          0          0          0   rtexit2.o
        44          8          0          0          0         84   scanf_char.o
       128          0          0          0          0         68   strcmpv7m.o
        62          0          0          0          0         76   strlen.o
        12          4          0          0          0         68   sys_exit.o
        74          0          0          0          0         80   sys_stackheap_outer.o
         2          0          0          0          0         68   use_no_semi.o
        52          4          0          0          0         80   vsnprintf.o
         4          0          0          0          0         68   printf1.o
         4          0          0          0          0         68   printf2.o
         0          0          0          0          0          0   usenofp.o
        40          0          0          0          0         68   fpclassify.o

    ----------------------------------------------------------------------
      8588        286        552          0         96       5064   Library Totals
        10          0          1          0          0          0   (incl. Padding)

    ----------------------------------------------------------------------

      Code (inc. data)   RO Data    RW Data    ZI Data      Debug   Library Name

      8530        286        551          0         96       4860   c_w.l
         8          0          0          0          0        136   fz_ws.l
        40          0          0          0          0         68   m_ws.l

    ----------------------------------------------------------------------
      8588        286        552          0         96       5064   Library Totals

    ----------------------------------------------------------------------

==============================================================================


      Code (inc. data)   RO Data    RW Data    ZI Data      Debug   

     16080       1600       1216         48      11040     401636   Grand Totals
     16080       1600       1216         48      11040     401636   ELF Image Totals
     16080       1600       1216         48          0          0   ROM Totals

==============================================================================

    Total RO  Size (Code + RO Data)                17296 (  16.89kB)
    Total RW  Size (RW Data + ZI Data)             11088 (  10.83kB)
    Total ROM Size (Code + RO Data + RW Data)      17344 (  16.94kB)

==============================================================================

