Component: ARM Compiler 5.06 update 7 (build 960) Tool: armlink [4d3601]

==============================================================================

Section Cross References

    startup_stm32f10x_md.o(STACK) refers (Special) to heapauxi.o(.text) for __use_two_region_memory
    startup_stm32f10x_md.o(HEAP) refers (Special) to heapauxi.o(.text) for __use_two_region_memory
    startup_stm32f10x_md.o(RESET) refers (Special) to heapauxi.o(.text) for __use_two_region_memory
    startup_stm32f10x_md.o(RESET) refers to startup_stm32f10x_md.o(STACK) for __initial_sp
    startup_stm32f10x_md.o(RESET) refers to startup_stm32f10x_md.o(.text) for Reset_Handler
    startup_stm32f10x_md.o(RESET) refers to stm32f10x_it_1.o(i.NMI_Handler) for NMI_Handler
    startup_stm32f10x_md.o(RESET) refers to stm32f10x_it_1.o(i.HardFault_Handler) for HardFault_Handler
    startup_stm32f10x_md.o(RESET) refers to stm32f10x_it_1.o(i.MemManage_Handler) for MemManage_Handler
    startup_stm32f10x_md.o(RESET) refers to stm32f10x_it_1.o(i.BusFault_Handler) for BusFault_Handler
    startup_stm32f10x_md.o(RESET) refers to stm32f10x_it_1.o(i.UsageFault_Handler) for UsageFault_Handler
    startup_stm32f10x_md.o(RESET) refers to port.o(.emb_text) for SVC_Handler
    startup_stm32f10x_md.o(RESET) refers to stm32f10x_it_1.o(i.DebugMon_Handler) for DebugMon_Handler
    startup_stm32f10x_md.o(RESET) refers to delay.o(i.SysTick_Handler) for SysTick_Handler
    startup_stm32f10x_md.o(.text) refers (Special) to heapauxi.o(.text) for __use_two_region_memory
    startup_stm32f10x_md.o(.text) refers to system_stm32f10x.o(i.SystemInit) for SystemInit
    startup_stm32f10x_md.o(.text) refers to __main.o(!!!main) for __main
    startup_stm32f10x_md.o(.text) refers to startup_stm32f10x_md.o(HEAP) for Heap_Mem
    startup_stm32f10x_md.o(.text) refers to startup_stm32f10x_md.o(STACK) for Stack_Mem
    system_stm32f10x.o(i.SetSysClock) refers to system_stm32f10x.o(i.SetSysClockTo72) for SetSysClockTo72
    system_stm32f10x.o(i.SystemCoreClockUpdate) refers to system_stm32f10x.o(.data) for SystemCoreClock
    system_stm32f10x.o(i.SystemInit) refers to system_stm32f10x.o(i.SetSysClock) for SetSysClock
    stm32f10x_gpio.o(i.GPIO_AFIODeInit) refers to stm32f10x_rcc.o(i.RCC_APB2PeriphResetCmd) for RCC_APB2PeriphResetCmd
    stm32f10x_gpio.o(i.GPIO_DeInit) refers to stm32f10x_rcc.o(i.RCC_APB2PeriphResetCmd) for RCC_APB2PeriphResetCmd
    stm32f10x_rcc.o(i.RCC_GetClocksFreq) refers to stm32f10x_rcc.o(.data) for APBAHBPrescTable
    stm32f10x_rcc.o(i.RCC_WaitForHSEStartUp) refers to stm32f10x_rcc.o(i.RCC_GetFlagStatus) for RCC_GetFlagStatus
    stm32f10x_usart.o(i.USART_DeInit) refers to stm32f10x_rcc.o(i.RCC_APB2PeriphResetCmd) for RCC_APB2PeriphResetCmd
    stm32f10x_usart.o(i.USART_DeInit) refers to stm32f10x_rcc.o(i.RCC_APB1PeriphResetCmd) for RCC_APB1PeriphResetCmd
    stm32f10x_usart.o(i.USART_Init) refers to stm32f10x_rcc.o(i.RCC_GetClocksFreq) for RCC_GetClocksFreq
    stm32f10x_flash.o(i.FLASH_EnableWriteProtection) refers to stm32f10x_flash.o(i.FLASH_WaitForLastOperation) for FLASH_WaitForLastOperation
    stm32f10x_flash.o(i.FLASH_EraseAllBank1Pages) refers to stm32f10x_flash.o(i.FLASH_WaitForLastBank1Operation) for FLASH_WaitForLastBank1Operation
    stm32f10x_flash.o(i.FLASH_EraseAllPages) refers to stm32f10x_flash.o(i.FLASH_WaitForLastOperation) for FLASH_WaitForLastOperation
    stm32f10x_flash.o(i.FLASH_EraseOptionBytes) refers to stm32f10x_flash.o(i.FLASH_GetReadOutProtectionStatus) for FLASH_GetReadOutProtectionStatus
    stm32f10x_flash.o(i.FLASH_EraseOptionBytes) refers to stm32f10x_flash.o(i.FLASH_WaitForLastOperation) for FLASH_WaitForLastOperation
    stm32f10x_flash.o(i.FLASH_ErasePage) refers to stm32f10x_flash.o(i.FLASH_WaitForLastOperation) for FLASH_WaitForLastOperation
    stm32f10x_flash.o(i.FLASH_ProgramHalfWord) refers to stm32f10x_flash.o(i.FLASH_WaitForLastOperation) for FLASH_WaitForLastOperation
    stm32f10x_flash.o(i.FLASH_ProgramOptionByteData) refers to stm32f10x_flash.o(i.FLASH_WaitForLastOperation) for FLASH_WaitForLastOperation
    stm32f10x_flash.o(i.FLASH_ProgramWord) refers to stm32f10x_flash.o(i.FLASH_WaitForLastOperation) for FLASH_WaitForLastOperation
    stm32f10x_flash.o(i.FLASH_ReadOutProtection) refers to stm32f10x_flash.o(i.FLASH_WaitForLastOperation) for FLASH_WaitForLastOperation
    stm32f10x_flash.o(i.FLASH_UserOptionByteConfig) refers to stm32f10x_flash.o(i.FLASH_WaitForLastOperation) for FLASH_WaitForLastOperation
    stm32f10x_flash.o(i.FLASH_WaitForLastBank1Operation) refers to stm32f10x_flash.o(i.FLASH_GetBank1Status) for FLASH_GetBank1Status
    stm32f10x_flash.o(i.FLASH_WaitForLastOperation) refers to stm32f10x_flash.o(i.FLASH_GetBank1Status) for FLASH_GetBank1Status
    stm32f10x_i2c.o(i.I2C_DeInit) refers to stm32f10x_rcc.o(i.RCC_APB1PeriphResetCmd) for RCC_APB1PeriphResetCmd
[...]
    i.AT24C02_WriteOTAFlag                   0x08005f1e   Section        0  at24c02.o(i.AT24C02_WriteOTAFlag)
    i.BusFault_Handler                       0x08005f40   Section        0  stm32f10x_it_1.o(i.BusFault_Handler)
    i.CheckButton                            0x08005f44   Section        0  app.o(i.CheckButton)
    CheckButton                              0x08005f45   Thumb Code    58  app.o(i.CheckButton)
    i.DHT11_GPIO_Init_IN                     0x08005f80   Section        0  dht11.o(i.DHT11_GPIO_Init_IN)
    i.DHT11_GPIO_Init_OUT                    0x08005fac   Section        0  dht11.o(i.DHT11_GPIO_Init_OUT)
    i.DHT11_Init                             0x08005fd8   Section        0  dht11.o(i.DHT11_Init)
    i.DHT11_REC_Data                         0x08005ff0   Section        0  dht11.o(i.DHT11_REC_Data)
    i.DHT11_Read_Data                        0x080060d8   Section        0  dht11.o(i.DHT11_Read_Data)
    i.DHT11_Rec_Byte                         0x08006128   Section        0  dht11.o(i.DHT11_Rec_Byte)
    i.DHT11_Start                            0x080061b0   Section        0  dht11.o(i.DHT11_Start)
    i.DebugMon_Handler                       0x080061f0   Section        0  stm32f10x_it_1.o(i.DebugMon_Handler)
    i.Delay_init                             0x080061f4   Section        0  delay.o(i.Delay_init)
    i.Delay_ms                               0x08006250   Section        0  delay.o(i.Delay_ms)
    i.Delay_us                               0x08006290   Section        0  delay.o(i.Delay_us)
    i.DisplayMultiFunctionMode               0x080062d8   Section        0  app.o(i.DisplayMultiFunctionMode)
    DisplayMultiFunctionMode                 0x080062d9   Thumb Code    96  app.o(i.DisplayMultiFunctionMode)
    i.DisplaySimpleMode                      0x0800638c   Section        0  app.o(i.DisplaySimpleMode)
    DisplaySimpleMode                        0x0800638d   Thumb Code   108  app.o(i.DisplaySimpleMode)
    i.GPIO_Init                              0x0800642c   Section        0  stm32f10x_gpio.o(i.GPIO_Init)
    i.GPIO_PinRemapConfig                    0x08006544   Section        0  stm32f10x_gpio.o(i.GPIO_PinRemapConfig)
    i.GPIO_ReadInputDataBit                  0x080065d4   Section        0  stm32f10x_gpio.o(i.GPIO_ReadInputDataBit)
    i.GPIO_ResetBits                         0x080065e6   Section        0  stm32f10x_gpio.o(i.GPIO_ResetBits)
    i.GPIO_SetBits                           0x080065ea   Section        0  stm32f10x_gpio.o(i.GPIO_SetBits)
    i.GPIO_WriteBit                          0x080065ee   Section        0  stm32f10x_gpio.o(i.GPIO_WriteBit)
    i.HardFault_Handler                      0x080065f8   Section        0  stm32f10x_it_1.o(i.HardFault_Handler)
    i.I2C1_Init                              0x080065fc   Section        0  i2c.o(i.I2C1_Init)
    i.I2C_ReadByte                           0x08006650   Section        0  i2c.o(i.I2C_ReadByte)
    i.I2C_SendByte                           0x080066e8   Section        0  i2c.o(i.I2C_SendByte)
    i.I2C_Start                              0x08006744   Section        0  i2c.o(i.I2C_Start)
    i.I2C_Stop                               0x08006774   Section        0  i2c.o(i.I2C_Stop)
    i.I2C_Wait_ACK                           0x080067a4   Section        0  i2c.o(i.I2C_Wait_ACK)
    i.LED_Init                               0x080067fc   Section        0  gpio.o(i.LED_Init)
    i.LED_OFF                                0x08006830   Section        0  gpio.o(i.LED_OFF)
    i.LED_ON                                 0x08006844   Section        0  gpio.o(i.LED_ON)
    i.MPU6050_GetData                        0x08006858   Section        0  mpu6050.o(i.MPU6050_GetData)
    i.MPU6050_Init                           0x08006904   Section        0  mpu6050.o(i.MPU6050_Init)
    i.MPU6050_ReadReg                        0x0800693c   Section        0  mpu6050.o(i.MPU6050_ReadReg)
    i.MPU6050_WriteReg                       0x0800697a   Section        0  mpu6050.o(i.MPU6050_WriteReg)
    i.MemManage_Handler                      0x080069a8   Section        0  stm32f10x_it_1.o(i.MemManage_Handler)
    i.MyI2C_Init                             0x080069ac   Section        0  myi2c.o(i.MyI2C_Init)
    i.MyI2C_R_SDA                            0x080069dc   Section        0  myi2c.o(i.MyI2C_R_SDA)
    i.MyI2C_ReceiveAck                       0x080069f8   Section        0  myi2c.o(i.MyI2C_ReceiveAck)
    i.MyI2C_ReceiveByte                      0x08006a16   Section        0  myi2c.o(i.MyI2C_ReceiveByte)
    i.MyI2C_SendAck                          0x08006a48   Section        0  myi2c.o(i.MyI2C_SendAck)
    i.MyI2C_SendByte                         0x08006a60   Section        0  myi2c.o(i.MyI2C_SendByte)
    i.MyI2C_Start                            0x08006a92   Section        0  myi2c.o(i.MyI2C_Start)
    i.MyI2C_Stop                             0x08006aae   Section        0  myi2c.o(i.MyI2C_Stop)
    i.MyI2C_W_SCL                            0x08006ac4   Section        0  myi2c.o(i.MyI2C_W_SCL)
    i.MyI2C_W_SDA                            0x08006ae0   Section        0  myi2c.o(i.MyI2C_W_SDA)
    i.NMI_Handler                            0x08006afc   Section        0  stm32f10x_it_1.o(i.NMI_Handler)
    i.NVIC_PriorityGroupConfig               0x08006b00   Section        0  misc.o(i.NVIC_PriorityGroupConfig)
    i.OLED_Clear                             0x08006b14   Section        0  oled.o(i.OLED_Clear)
    i.OLED_I2C_Init                          0x08006b40   Section        0  oled.o(i.OLED_I2C_Init)
    i.OLED_I2C_SendByte                      0x08006b90   Section        0  oled.o(i.OLED_I2C_SendByte)
    i.OLED_I2C_Start                         0x08006bec   Section        0  oled.o(i.OLED_I2C_Start)
    i.OLED_I2C_Stop                          0x08006c20   Section        0  oled.o(i.OLED_I2C_Stop)
    i.OLED_Init                              0x08006c48   Section        0  oled.o(i.OLED_Init)
    i.OLED_SetCursor                         0x08006cf6   Section        0  oled.o(i.OLED_SetCursor)
    i.OLED_SetMode_Async                     0x08006d18   Section        0  app.o(i.OLED_SetMode_Async)
    i.OLED_ShowChar_Large                    0x08006d4c   Section        0  oled.o(i.OLED_ShowChar_Large)
    i.OLED_ShowChar_Small                    0x08006de0   Section        0  oled.o(i.OLED_ShowChar_Small)
    i.OLED_ShowString_Async                  0x08006e24   Section        0  app.o(i.OLED_ShowString_Async)
    i.OLED_ShowString_Large                  0x08006e68   Section        0  oled.o(i.OLED_ShowString_Large)
    i.OLED_ShowString_Small                  0x08006e90   Section        0  oled.o(i.OLED_ShowString_Small)
    i.OLED_WriteCommand                      0x08006eb8   Section        0  oled.o(i.OLED_WriteCommand)
    i.OLED_WriteData                         0x08006ed8   Section        0  oled.o(i.OLED_WriteData)
    i.RCC_APB2PeriphClockCmd                 0x08006ef8   Section        0  stm32f10x_rcc.o(i.RCC_APB2PeriphClockCmd)
    i.SetSysClock                            0x08006f18   Section        0  system_stm32f10x.o(i.SetSysClock)
    SetSysClock                              0x08006f19   Thumb Code     8  system_stm32f10x.o(i.SetSysClock)
    i.SetSysClockTo72                        0x08006f20   Section        0  system_stm32f10x.o(i.SetSysClockTo72)
    SetSysClockTo72                          0x08006f21   Thumb Code   214  system_stm32f10x.o(i.SetSysClockTo72)
    i.SysTick_CLKSourceConfig                0x08007000   Section        0  misc.o(i.SysTick_CLKSourceConfig)
    i.SysTick_Handler                        0x08007028   Section        0  delay.o(i.SysTick_Handler)
    i.SystemInit                             0x08007038   Section        0  system_stm32f10x.o(i.SystemInit)
    i.Toggle_OTA_Flag                        0x08007098   Section        0  app.o(i.Toggle_OTA_Flag)
    i.UsageFault_Handler                     0x080070c0   Section        0  stm32f10x_it_1.o(i.UsageFault_Handler)
    i._is_digit                              0x080070c4   Section        0  __printf_wp.o(i._is_digit)
    i.main                                   0x080070d2   Section        0  main_1.o(i.main)
    i.prvAddCurrentTaskToDelayedList         0x080070e8   Section        0  tasks.o(i.prvAddCurrentTaskToDelayedList)
    prvAddCurrentTaskToDelayedList           0x080070e9   Thumb Code   174  tasks.o(i.prvAddCurrentTaskToDelayedList)
    i.prvAddNewTaskToReadyList               0x080071b4   Section        0  tasks.o(i.prvAddNewTaskToReadyList)
    prvAddNewTaskToReadyList                 0x080071b5   Thumb Code   218  tasks.o(i.prvAddNewTaskToReadyList)
    i.prvCheckForValidListAndQueue           0x080072ac   Section        0  timers.o(i.prvCheckForValidListAndQueue)
    prvCheckForValidListAndQueue             0x080072ad   Thumb Code    72  timers.o(i.prvCheckForValidListAndQueue)
    i.prvCheckTasksWaitingTermination        0x08007310   Section        0  tasks.o(i.prvCheckTasksWaitingTermination)
    prvCheckTasksWaitingTermination          0x08007311   Thumb Code    60  tasks.o(i.prvCheckTasksWaitingTermination)
    i.prvCopyDataFromQueue                   0x08007358   Section        0  queue.o(i.prvCopyDataFromQueue)
    prvCopyDataFromQueue                     0x08007359   Thumb Code    42  queue.o(i.prvCopyDataFromQueue)
    i.prvCopyDataToQueue                     0x08007382   Section        0  queue.o(i.prvCopyDataToQueue)
    prvCopyDataToQueue                       0x08007383   Thumb Code   126  queue.o(i.prvCopyDataToQueue)
    i.prvCreateIdleTasks                     0x08007400   Section        0  tasks.o(i.prvCreateIdleTasks)
    prvCreateIdleTasks                       0x08007401   Thumb Code    86  tasks.o(i.prvCreateIdleTasks)
    i.prvCreateTask                          0x08007468   Section        0  tasks.o(i.prvCreateTask)
    prvCreateTask                            0x08007469   Thumb Code    90  tasks.o(i.prvCreateTask)
    i.prvDeleteTCB                           0x080074c2   Section        0  tasks.o(i.prvDeleteTCB)
    prvDeleteTCB                             0x080074c3   Thumb Code    18  tasks.o(i.prvDeleteTCB)
    i.prvGetDisinheritPriorityAfterTimeout   0x080074d4   Section        0  queue.o(i.prvGetDisinheritPriorityAfterTimeout)
    prvGetDisinheritPriorityAfterTimeout     0x080074d5   Thumb Code    20  queue.o(i.prvGetDisinheritPriorityAfterTimeout)
    i.prvGetNextExpireTime                   0x080074e8   Section        0  timers.o(i.prvGetNextExpireTime)
    prvGetNextExpireTime                     0x080074e9   Thumb Code    36  timers.o(i.prvGetNextExpireTime)
    i.prvHeapInit                            0x08007510   Section        0  heap_4.o(i.prvHeapInit)
    prvHeapInit                              0x08007511   Thumb Code    88  heap_4.o(i.prvHeapInit)
    i.prvIdleTask                            0x0800757c   Section        0  tasks.o(i.prvIdleTask)
    prvIdleTask                              0x0800757d   Thumb Code    32  tasks.o(i.prvIdleTask)
    i.prvInitialiseMutex                     0x080075a4   Section        0  queue.o(i.prvInitialiseMutex)
    prvInitialiseMutex                       0x080075a5   Thumb Code    30  queue.o(i.prvInitialiseMutex)
    i.prvInitialiseNewQueue                  0x080075c2   Section        0  queue.o(i.prvInitialiseNewQueue)
    prvInitialiseNewQueue                    0x080075c3   Thumb Code    42  queue.o(i.prvInitialiseNewQueue)
    i.prvInitialiseNewTask                   0x080075ec   Section        0  tasks.o(i.prvInitialiseNewTask)
    prvInitialiseNewTask                     0x080075ed   Thumb Code   204  tasks.o(i.prvInitialiseNewTask)
    i.prvInitialiseTaskLists                 0x080076b8   Section        0  tasks.o(i.prvInitialiseTaskLists)
    prvInitialiseTaskLists                   0x080076b9   Thumb Code    70  tasks.o(i.prvInitialiseTaskLists)
    i.prvInsertBlockIntoFreeList             0x08007720   Section        0  heap_4.o(i.prvInsertBlockIntoFreeList)
    prvInsertBlockIntoFreeList               0x08007721   Thumb Code   144  heap_4.o(i.prvInsertBlockIntoFreeList)
    i.prvInsertTimerInActiveList             0x080077c0   Section        0  timers.o(i.prvInsertTimerInActiveList)
    prvInsertTimerInActiveList               0x080077c1   Thumb Code    80  timers.o(i.prvInsertTimerInActiveList)
    i.prvIsQueueEmpty                        0x08007818   Section        0  queue.o(i.prvIsQueueEmpty)
    prvIsQueueEmpty                          0x08007819   Thumb Code    26  queue.o(i.prvIsQueueEmpty)
    i.prvIsQueueFull                         0x08007832   Section        0  queue.o(i.prvIsQueueFull)
    prvIsQueueFull                           0x08007833   Thumb Code    30  queue.o(i.prvIsQueueFull)
    i.prvProcessExpiredTimer                 0x08007850   Section        0  timers.o(i.prvProcessExpiredTimer)
    prvProcessExpiredTimer                   0x08007851   Thumb Code    62  timers.o(i.prvProcessExpiredTimer)
    i.prvProcessReceivedCommands             0x08007894   Section        0  timers.o(i.prvProcessReceivedCommands)
    prvProcessReceivedCommands               0x08007895   Thumb Code   288  timers.o(i.prvProcessReceivedCommands)
    i.prvProcessTimerOrBlockTask             0x080079b8   Section        0  timers.o(i.prvProcessTimerOrBlockTask)
    prvProcessTimerOrBlockTask               0x080079b9   Thumb Code   102  timers.o(i.prvProcessTimerOrBlockTask)
    i.prvReloadTimer                         0x08007a2c   Section        0  timers.o(i.prvReloadTimer)
    prvReloadTimer                           0x08007a2d   Thumb Code    40  timers.o(i.prvReloadTimer)
    i.prvResetNextTaskUnblockTime            0x08007a54   Section        0  tasks.o(i.prvResetNextTaskUnblockTime)
    prvResetNextTaskUnblockTime              0x08007a55   Thumb Code    40  tasks.o(i.prvResetNextTaskUnblockTime)
    i.prvSampleTimeNow                       0x08007a84   Section        0  timers.o(i.prvSampleTimeNow)
    prvSampleTimeNow                         0x08007a85   Thumb Code    40  timers.o(i.prvSampleTimeNow)
    i.prvSwitchTimerLists                    0x08007ab0   Section        0  timers.o(i.prvSwitchTimerLists)
    prvSwitchTimerLists                      0x08007ab1   Thumb Code    58  timers.o(i.prvSwitchTimerLists)
    i.prvTaskExitError                       0x08007af4   Section        0  port.o(i.prvTaskExitError)
    prvTaskExitError                         0x08007af5   Thumb Code    60  port.o(i.prvTaskExitError)
    i.prvTimerTask                           0x08007b34   Section        0  timers.o(i.prvTimerTask)
    prvTimerTask                             0x08007b35   Thumb Code    26  timers.o(i.prvTimerTask)
    i.prvUnlockQueue                         0x08007b4e   Section        0  queue.o(i.prvUnlockQueue)
    prvUnlockQueue                           0x08007b4f   Thumb Code   126  queue.o(i.prvUnlockQueue)
    i.pvPortMalloc                           0x08007bcc   Section        0  heap_4.o(i.pvPortMalloc)
    i.pvTaskIncrementMutexHeldCount          0x08007dc4   Section        0  tasks.o(i.pvTaskIncrementMutexHeldCount)
    i.pxPortInitialiseStack                  0x08007dd8   Section        0  port.o(i.pxPortInitialiseStack)
    i.uxListRemove                           0x08007dfc   Section        0  list.o(i.uxListRemove)
    i.vListInitialise                        0x08007e24   Section        0  list.o(i.vListInitialise)
    i.vListInitialiseItem                    0x08007e3e   Section        0  list.o(i.vListInitialiseItem)
    i.vListInsert                            0x08007e44   Section        0  list.o(i.vListInsert)
    i.vPortEnterCritical                     0x08007e78   Section        0  port.o(i.vPortEnterCritical)
    i.vPortExitCritical                      0x08007ecc   Section        0  port.o(i.vPortExitCritical)
    i.vPortFree                              0x08007f08   Section        0  heap_4.o(i.vPortFree)
    i.vPortSetupTimerInterrupt               0x08007fc8   Section        0  port.o(i.vPortSetupTimerInterrupt)
    i.vQueueAddToRegistry                    0x08007ff0   Section        0  queue.o(i.vQueueAddToRegistry)
    i.vQueueWaitForMessageRestricted         0x08008050   Section        0  queue.o(i.vQueueWaitForMessageRestricted)
    i.vTaskDelay                             0x0800809c   Section        0  tasks.o(i.vTaskDelay)
    i.vTaskInternalSetTimeOutState           0x080080f8   Section        0  tasks.o(i.vTaskInternalSetTimeOutState)
    i.vTaskMissedYield                       0x08008110   Section        0  tasks.o(i.vTaskMissedYield)
    i.vTaskPlaceOnEventList                  0x0800811c   Section        0  tasks.o(i.vTaskPlaceOnEventList)
    i.vTaskPlaceOnEventListRestricted        0x08008154   Section        0  tasks.o(i.vTaskPlaceOnEventListRestricted)
    i.vTaskPriorityDisinheritAfterTimeout    0x080081bc   Section        0  tasks.o(i.vTaskPriorityDisinheritAfterTimeout)
    i.vTaskStartScheduler                    0x080082dc   Section        0  tasks.o(i.vTaskStartScheduler)
    i.vTaskSuspendAll                        0x08008358   Section        0  tasks.o(i.vTaskSuspendAll)
    i.vTaskSwitchContext                     0x08008368   Section        0  tasks.o(i.vTaskSwitchContext)
    i.xPortStartScheduler                    0x080083fc   Section        0  port.o(i.xPortStartScheduler)
    i.xPortSysTickHandler                    0x080084f4   Section        0  port.o(i.xPortSysTickHandler)
    i.xQueueCreateMutex                      0x08008528   Section        0  queue.o(i.xQueueCreateMutex)
    i.xQueueGenericCreate                    0x0800854a   Section        0  queue.o(i.xQueueGenericCreate)
    i.xQueueGenericReset                     0x080085b0   Section        0  queue.o(i.xQueueGenericReset)
    i.xQueueGenericSend                      0x0800868c   Section        0  queue.o(i.xQueueGenericSend)
    i.xQueueReceive                          0x08008834   Section        0  queue.o(i.xQueueReceive)
    i.xQueueSemaphoreTake                    0x0800899c   Section        0  queue.o(i.xQueueSemaphoreTake)
    i.xTaskCheckForTimeOut                   0x08008b30   Section        0  tasks.o(i.xTaskCheckForTimeOut)
    i.xTaskCreate                            0x08008bc0   Section        0  tasks.o(i.xTaskCreate)
    i.xTaskGetSchedulerState                 0x08008bf8   Section        0  tasks.o(i.xTaskGetSchedulerState)
    i.xTaskGetTickCount                      0x08008c18   Section        0  tasks.o(i.xTaskGetTickCount)
    i.xTaskIncrementTick                     0x08008c24   Section        0  tasks.o(i.xTaskIncrementTick)
    i.xTaskPriorityDisinherit                0x08008df0   Section        0  tasks.o(i.xTaskPriorityDisinherit)
    i.xTaskPriorityInherit                   0x08008ee8   Section        0  tasks.o(i.xTaskPriorityInherit)
    i.xTaskRemoveFromEventList               0x08008fdc   Section        0  tasks.o(i.xTaskRemoveFromEventList)
    i.xTaskResumeAll                         0x0800910c   Section        0  tasks.o(i.xTaskResumeAll)
    i.xTimerCreateTimerTask                  0x080092ac   Section        0  timers.o(i.xTimerCreateTimerTask)
    .constdata                               0x08009300   Section     2090  oled.o(.constdata)
    .constdata                               0x08009b2c   Section      117  app.o(.constdata)
    .constdata                               0x08009ba1   Section       17  __printf_flags_ss_wp.o(.constdata)
    maptable                                 0x08009ba1   Data          17  __printf_flags_ss_wp.o(.constdata)
    .data                                    0x20000000   Section       20  system_stm32f10x.o(.data)
    .data                                    0x20000014   Section        4  delay.o(.data)
    fac_us                                   0x20000014   Data           1  delay.o(.data)
    fac_ms                                   0x20000016   Data           2  delay.o(.data)
    .data                                    0x20000018   Section       64  tasks.o(.data)
    pxDelayedTaskList                        0x2000001c   Data           4  tasks.o(.data)
    pxOverflowDelayedTaskList                0x20000020   Data           4  tasks.o(.data)
    uxDeletedTasksWaitingCleanUp             0x20000024   Data           4  tasks.o(.data)
    uxCurrentNumberOfTasks                   0x20000028   Data           4  tasks.o(.data)
    xTickCount                               0x2000002c   Data           4  tasks.o(.data)
    uxTopReadyPriority                       0x20000030   Data           4  tasks.o(.data)
    xSchedulerRunning                        0x20000034   Data           4  tasks.o(.data)
    xPendedTicks                             0x20000038   Data           4  tasks.o(.data)
    xYieldPendings                           0x2000003c   Data           4  tasks.o(.data)
    xNumOfOverflows                          0x20000040   Data           4  tasks.o(.data)
    uxTaskNumber                             0x20000044   Data           4  tasks.o(.data)
    xNextTaskUnblockTime                     0x20000048   Data           4  tasks.o(.data)
    xIdleTaskHandles                         0x2000004c   Data           4  tasks.o(.data)
    uxTopUsedPriority                        0x20000050   Data           4  tasks.o(.data)
    uxSchedulerSuspended                     0x20000054   Data           4  tasks.o(.data)
    .data                                    0x20000058   Section       28  heap_4.o(.data)
    xStart                                   0x20000058   Data           8  heap_4.o(.data)
    pxEnd                                    0x20000060   Data           4  heap_4.o(.data)
    xFreeBytesRemaining                      0x20000064   Data           4  heap_4.o(.data)
    xMinimumEverFreeBytesRemaining           0x20000068   Data           4  heap_4.o(.data)
    xNumberOfSuccessfulAllocations           0x2000006c   Data           4  heap_4.o(.data)
    xNumberOfSuccessfulFrees                 0x20000070   Data           4  heap_4.o(.data)
    .data                                    0x20000074   Section       12  port.o(.data)
    uxCriticalNesting                        0x20000074   Data           4  port.o(.data)
    ucMaxSysCallPriority                     0x20000078   Data           1  port.o(.data)
    ulMaxPRIGROUPValue                       0x2000007c   Data           4  port.o(.data)
    .data                                    0x20000080   Section       20  timers.o(.data)
    pxCurrentTimerList                       0x20000080   Data           4  timers.o(.data)
    pxOverflowTimerList                      0x20000084   Data           4  timers.o(.data)
    xTimerQueue                              0x20000088   Data           4  timers.o(.data)
    xTimerTaskHandle                         0x2000008c   Data           4  timers.o(.data)
    xLastTime                                0x20000090   Data           4  timers.o(.data)
    .data                                    0x20000094   Section       40  app.o(.data)
    g_led_task_handle                        0x2000009c   Data           4  app.o(.data)
    g_oled_task_handle                       0x200000a0   Data           4  app.o(.data)
    g_sensor_task_handle                     0x200000a4   Data           4  app.o(.data)
    g_time_task_handle                       0x200000a8   Data           4  app.o(.data)
    g_pa2_pressed                            0x200000ac   Data           1  app.o(.data)
    g_pa0_pressed                            0x200000ad   Data           1  app.o(.data)
    g_pc13_pressed                           0x200000ae   Data           1  app.o(.data)
    g_pb10_pressed                           0x200000af   Data           1  app.o(.data)
    initialized                              0x200000b0   Data           1  app.o(.data)
    last_time_update                         0x200000b4   Data           4  app.o(.data)
    last_ota_display                         0x200000b8   Data           4  app.o(.data)
    .bss                                     0x200000bc   Section       48  queue.o(.bss)
    .bss                                     0x200000ec   Section      420  tasks.o(.bss)
    pxReadyTasksLists                        0x200000ec   Data         320  tasks.o(.bss)
    xDelayedTaskList1                        0x2000022c   Data          20  tasks.o(.bss)
    xDelayedTaskList2                        0x20000240   Data          20  tasks.o(.bss)
    xPendingReadyList                        0x20000254   Data          20  tasks.o(.bss)
    xTasksWaitingTermination                 0x20000268   Data          20  tasks.o(.bss)
    xSuspendedTaskList                       0x2000027c   Data          20  tasks.o(.bss)
    .bss                                     0x20000290   Section    14336  heap_4.o(.bss)
    ucHeap                                   0x20000290   Data       14336  heap_4.o(.bss)
    .bss                                     0x20003a90   Section       40  timers.o(.bss)
    xActiveTimerList1                        0x20003a90   Data          20  timers.o(.bss)
    xActiveTimerList2                        0x20003aa4   Data          20  timers.o(.bss)
    .bss                                     0x20003ab8   Section       16  dht11.o(.bss)
    .bss                                     0x20003ac8   Section       20  app.o(.bss)
    .bss                                     0x20003adc   Section       96  libspace.o(.bss)
    HEAP                                     0x20003b40   Section      512  startup_stm32f10x_md.o(HEAP)
    Heap_Mem                                 0x20003b40   Data         512  startup_stm32f10x_md.o(HEAP)
    STACK                                    0x20003d40   Section     1024  startup_stm32f10x_md.o(STACK)
    Stack_Mem                                0x20003d40   Data        1024  startup_stm32f10x_md.o(STACK)
    __initial_sp                             0x20004140   Data           0  startup_stm32f10x_md.o(STACK)

    Global Symbols

    Symbol Name                              Value     Ov Type        Size  Object(Section)

    BuildAttributes$$THM_ISAv4$P$D$K$B$S$PE$A:L22UL41UL21$X:L11$S22US41US21$IEEE1$IW$USESV6$~STKCKD$USESV7$~SHL$OSPACE$ROPI$EBA8$UX$STANDARDLIB$REQ8$PRES8$EABIv2 0x00000000   Number         0  anon$$obj.o ABSOLUTE
    __ARM_use_no_argv                        0x00000000   Number         0  main_1.o ABSOLUTE
    _printf_flags                            0x00000000   Number         0  printf_stubs.o ABSOLUTE
    _printf_return_value                     0x00000000   Number         0  printf_stubs.o ABSOLUTE
    _printf_sizespec                         0x00000000   Number         0  printf_stubs.o ABSOLUTE
    _printf_widthprec                        0x00000000   Number         0  printf_stubs.o ABSOLUTE
    __ARM_exceptions_init                     - Undefined Weak Reference
    __alloca_initialize                       - Undefined Weak Reference
    __arm_fini_                               - Undefined Weak Reference
    __arm_preinit_                            - Undefined Weak Reference
    __cpp_initialize__aeabi_                  - Undefined Weak Reference
    __cxa_finalize                            - Undefined Weak Reference
    __rt_locale                               - Undefined Weak Reference
    __sigvec_lookup                           - Undefined Weak Reference
    _atexit_init                              - Undefined Weak Reference
    _call_atexit_fns                          - Undefined Weak Reference
    _clock_init                               - Undefined Weak Reference
    _fp_trap_init                             - Undefined Weak Reference
    _fp_trap_shutdown                         - Undefined Weak Reference
    _get_lc_collate                           - Undefined Weak Reference
    _get_lc_ctype                             - Undefined Weak Reference
    _get_lc_monetary                          - Undefined Weak Reference
    _get_lc_numeric                           - Undefined Weak Reference
    _get_lc_time                              - Undefined Weak Reference
    _getenv_init                              - Undefined Weak Reference
    _handle_redirection                       - Undefined Weak Reference
    _init_alloc                               - Undefined Weak Reference
    _init_user_alloc                          - Undefined Weak Reference
    _initio                                   - Undefined Weak Reference
    _printf_mbtowc                            - Undefined Weak Reference
    _printf_truncate_signed                   - Undefined Weak Reference
    _printf_truncate_unsigned                 - Undefined Weak Reference
    _rand_init                                - Undefined Weak Reference
    _signal_finish                            - Undefined Weak Reference
    _signal_init                              - Undefined Weak Reference
    _terminate_alloc                          - Undefined Weak Reference
    _terminate_user_alloc                     - Undefined Weak Reference
    _terminateio                              - Undefined Weak Reference
    __Vectors_Size                           0x000000ec   Number         0  startup_stm32f10x_md.o ABSOLUTE
    __Vectors                                0x08005000   Data           4  startup_stm32f10x_md.o(RESET)
    __Vectors_End                            0x080050ec   Data           0  startup_stm32f10x_md.o(RESET)
    __main                                   0x080050ed   Thumb Code     8  __main.o(!!!main)
    __scatterload                            0x080050f5   Thumb Code     0  __scatter.o(!!!scatter)
    __scatterload_rt2                        0x080050f5   Thumb Code    44  __scatter.o(!!!scatter)
    __scatterload_rt2_thumb_only             0x080050f5   Thumb Code     0  __scatter.o(!!!scatter)
    __scatterload_null                       0x08005103   Thumb Code     0  __scatter.o(!!!scatter)
    __scatterload_copy                       0x08005129   Thumb Code    26  __scatter_copy.o(!!handler_copy)
    __scatterload_zeroinit                   0x08005145   Thumb Code    28  __scatter_zi.o(!!handler_zi)
    _printf_d                                0x08005161   Thumb Code     0  _printf_d.o(.ARM.Collect$$_printf_percent$$00000009)
    _printf_percent                          0x08005161   Thumb Code     0  _printf_percent.o(.ARM.Collect$$_printf_percent$$00000000)
    _printf_percent_end                      0x08005167   Thumb Code     0  _printf_percent_end.o(.ARM.Collect$$_printf_percent$$00000017)
    __rt_lib_init                            0x0800516b   Thumb Code     0  libinit.o(.ARM.Collect$$libinit$$00000000)
    __rt_lib_init_alloca_1                   0x0800516d   Thumb Code     0  libinit2.o(.ARM.Collect$$libinit$$0000002E)
    __rt_lib_init_argv_1                     0x0800516d   Thumb Code     0  libinit2.o(.ARM.Collect$$libinit$$0000002C)
    __rt_lib_init_atexit_1                   0x0800516d   Thumb Code     0  libinit2.o(.ARM.Collect$$libinit$$0000001B)
    __rt_lib_init_clock_1                    0x0800516d   Thumb Code     0  libinit2.o(.ARM.Collect$$libinit$$00000021)
    __rt_lib_init_cpp_1                      0x0800516d   Thumb Code     0  libinit2.o(.ARM.Collect$$libinit$$00000032)
    __rt_lib_init_exceptions_1               0x0800516d   Thumb Code     0  libinit2.o(.ARM.Collect$$libinit$$00000030)
    __rt_lib_init_fp_1                       0x0800516d   Thumb Code     0  libinit2.o(.ARM.Collect$$libinit$$00000002)
    __rt_lib_init_fp_trap_1                  0x0800516d   Thumb Code     0  libinit2.o(.ARM.Collect$$libinit$$0000001F)
    __rt_lib_init_getenv_1                   0x0800516d   Thumb Code     0  libinit2.o(.ARM.Collect$$libinit$$00000023)
    __rt_lib_init_heap_1                     0x0800516d   Thumb Code     0  libinit2.o(.ARM.Collect$$libinit$$0000000A)
    __rt_lib_init_lc_collate_1               0x0800516d   Thumb Code     0  libinit2.o(.ARM.Collect$$libinit$$00000011)
    __rt_lib_init_lc_ctype_1                 0x0800516d   Thumb Code     0  libinit2.o(.ARM.Collect$$libinit$$00000013)
    __rt_lib_init_lc_monetary_1              0x0800516d   Thumb Code     0  libinit2.o(.ARM.Collect$$libinit$$00000015)
    __rt_lib_init_lc_numeric_1               0x0800516d   Thumb Code     0  libinit2.o(.ARM.Collect$$libinit$$00000017)
    __rt_lib_init_lc_time_1                  0x0800516d   Thumb Code     0  libinit2.o(.ARM.Collect$$libinit$$00000019)
    __rt_lib_init_preinit_1                  0x0800516d   Thumb Code     0  libinit2.o(.ARM.Collect$$libinit$$00000004)
    __rt_lib_init_rand_1                     0x0800516d   Thumb Code     0  libinit2.o(.ARM.Collect$$libinit$$0000000E)
    __rt_lib_init_return                     0x0800516d   Thumb Code     0  libinit2.o(.ARM.Collect$$libinit$$00000033)
    __rt_lib_init_signal_1                   0x0800516d   Thumb Code     0  libinit2.o(.ARM.Collect$$libinit$$0000001D)
    __rt_lib_init_stdio_1                    0x0800516d   Thumb Code     0  libinit2.o(.ARM.Collect$$libinit$$00000025)
    __rt_lib_init_user_alloc_1               0x0800516d   Thumb Code     0  libinit2.o(.ARM.Collect$$libinit$$0000000C)
    __rt_lib_shutdown                        0x0800516f   Thumb Code     0  libshutdown.o(.ARM.Collect$$libshutdown$$00000000)
    __rt_lib_shutdown_cpp_1                  0x08005171   Thumb Code     0  libshutdown2.o(.ARM.Collect$$libshutdown$$00000004)
    __rt_lib_shutdown_fini_1                 0x08005171   Thumb Code     0  libshutdown2.o(.ARM.Collect$$libshutdown$$00000002)
    __rt_lib_shutdown_fp_trap_1              0x08005171   Thumb Code     0  libshutdown2.o(.ARM.Collect$$libshutdown$$00000009)
    __rt_lib_shutdown_heap_1                 0x08005171   Thumb Code     0  libshutdown2.o(.ARM.Collect$$libshutdown$$00000011)
    __rt_lib_shutdown_return                 0x08005171   Thumb Code     0  libshutdown2.o(.ARM.Collect$$libshutdown$$00000012)
    __rt_lib_shutdown_signal_1               0x08005171   Thumb Code     0  libshutdown2.o(.ARM.Collect$$libshutdown$$0000000C)
    __rt_lib_shutdown_stdio_1                0x08005171   Thumb Code     0  libshutdown2.o(.ARM.Collect$$libshutdown$$00000006)
    __rt_lib_shutdown_user_alloc_1           0x08005171   Thumb Code     0  libshutdown2.o(.ARM.Collect$$libshutdown$$0000000E)
    __rt_entry                               0x08005173   Thumb Code     0  __rtentry.o(.ARM.Collect$$rtentry$$00000000)
    __rt_entry_presh_1                       0x08005173   Thumb Code     0  __rtentry2.o(.ARM.Collect$$rtentry$$00000002)
    __rt_entry_sh                            0x08005173   Thumb Code     0  __rtentry4.o(.ARM.Collect$$rtentry$$00000004)
    __rt_entry_li                            0x08005179   Thumb Code     0  __rtentry2.o(.ARM.Collect$$rtentry$$0000000A)
    __rt_entry_postsh_1                      0x08005179   Thumb Code     0  __rtentry2.o(.ARM.Collect$$rtentry$$00000009)
    __rt_entry_main                          0x0800517d   Thumb Code     0  __rtentry2.o(.ARM.Collect$$rtentry$$0000000D)
    __rt_entry_postli_1                      0x0800517d   Thumb Code     0  __rtentry2.o(.ARM.Collect$$rtentry$$0000000C)
    __rt_exit                                0x08005185   Thumb Code     0  rtexit.o(.ARM.Collect$$rtexit$$00000000)
    __rt_exit_ls                             0x08005187   Thumb Code     0  rtexit2.o(.ARM.Collect$$rtexit$$00000003)
    __rt_exit_prels_1                        0x08005187   Thumb Code     0  rtexit2.o(.ARM.Collect$$rtexit$$00000002)
    __rt_exit_exit                           0x0800518b   Thumb Code     0  rtexit2.o(.ARM.Collect$$rtexit$$00000004)
    SVC_Handler                              0x08005191   Thumb Code    32  port.o(.emb_text)
    __asm___6_port_c_39a90d8d__prvStartFirstTask 0x080051b5   Thumb Code    28  port.o(.emb_text)
    PendSV_Handler                           0x080051d5   Thumb Code    72  port.o(.emb_text)
    vPortGetIPSR                             0x08005221   Thumb Code     6  port.o(.emb_text)
    Reset_Handler                            0x08005229   Thumb Code     8  startup_stm32f10x_md.o(.text)
    ADC1_2_IRQHandler                        0x08005243   Thumb Code     0  startup_stm32f10x_md.o(.text)
    CAN1_RX1_IRQHandler                      0x08005243   Thumb Code     0  startup_stm32f10x_md.o(.text)
    CAN1_SCE_IRQHandler                      0x08005243   Thumb Code     0  startup_stm32f10x_md.o(.text)
    DMA1_Channel1_IRQHandler                 0x08005243   Thumb Code     0  startup_stm32f10x_md.o(.text)
    DMA1_Channel2_IRQHandler                 0x08005243   Thumb Code     0  startup_stm32f10x_md.o(.text)
    DMA1_Channel3_IRQHandler                 0x08005243   Thumb Code     0  startup_stm32f10x_md.o(.text)
    DMA1_Channel4_IRQHandler                 0x08005243   Thumb Code     0  startup_stm32f10x_md.o(.text)
    DMA1_Channel5_IRQHandler                 0x08005243   Thumb Code     0  startup_stm32f10x_md.o(.text)
    DMA1_Channel6_IRQHandler                 0x08005243   Thumb Code     0  startup_stm32f10x_md.o(.text)
    DMA1_Channel7_IRQHandler                 0x08005243   Thumb Code     0  startup_stm32f10x_md.o(.text)
    EXTI0_IRQHandler                         0x08005243   Thumb Code     0  startup_stm32f10x_md.o(.text)
    EXTI15_10_IRQHandler                     0x08005243   Thumb Code     0  startup_stm32f10x_md.o(.text)
    EXTI1_IRQHandler                         0x08005243   Thumb Code     0  startup_stm32f10x_md.o(.text)
    EXTI2_IRQHandler                         0x08005243   Thumb Code     0  startup_stm32f10x_md.o(.text)
    EXTI3_IRQHandler                         0x08005243   Thumb Code     0  startup_stm32f10x_md.o(.text)
    EXTI4_IRQHandler                         0x08005243   Thumb Code     0  startup_stm32f10x_md.o(.text)
    EXTI9_5_IRQHandler                       0x08005243   Thumb Code     0  startup_stm32f10x_md.o(.text)
    FLASH_IRQHandler                         0x08005243   Thumb Code     0  startup_stm32f10x_md.o(.text)
    I2C1_ER_IRQHandler                       0x08005243   Thumb Code     0  startup_stm32f10x_md.o(.text)
    I2C1_EV_IRQHandler                       0x08005243   Thumb Code     0  startup_stm32f10x_md.o(.text)
    I2C2_ER_IRQHandler                       0x08005243   Thumb Code     0  startup_stm32f10x_md.o(.text)
    I2C2_EV_IRQHandler                       0x08005243   Thumb Code     0  startup_stm32f10x_md.o(.text)
    PVD_IRQHandler                           0x08005243   Thumb Code     0  startup_stm32f10x_md.o(.text)
    RCC_IRQHandler                           0x08005243   Thumb Code     0  startup_stm32f10x_md.o(.text)
    RTCAlarm_IRQHandler                      0x08005243   Thumb Code     0  startup_stm32f10x_md.o(.text)
    RTC_IRQHandler                           0x08005243   Thumb Code     0  startup_stm32f10x_md.o(.text)
    SPI1_IRQHandler                          0x08005243   Thumb Code     0  startup_stm32f10x_md.o(.text)
    SPI2_IRQHandler                          0x08005243   Thumb Code     0  startup_stm32f10x_md.o(.text)
    TAMPER_IRQHandler                        0x08005243   Thumb Code     0  startup_stm32f10x_md.o(.text)
    TIM1_BRK_IRQHandler                      0x08005243   Thumb Code     0  startup_stm32f10x_md.o(.text)
    TIM1_CC_IRQHandler                       0x08005243   Thumb Code     0  startup_stm32f10x_md.o(.text)
    TIM1_TRG_COM_IRQHandler                  0x08005243   Thumb Code     0  startup_stm32f10x_md.o(.text)
    TIM1_UP_IRQHandler                       0x08005243   Thumb Code     0  startup_stm32f10x_md.o(.text)
    TIM2_IRQHandler                          0x08005243   Thumb Code     0  startup_stm32f10x_md.o(.text)
    TIM3_IRQHandler                          0x08005243   Thumb Code     0  startup_stm32f10x_md.o(.text)
    TIM4_IRQHandler                          0x08005243   Thumb Code     0  startup_stm32f10x_md.o(.text)
    USART1_IRQHandler                        0x08005243   Thumb Code     0  startup_stm32f10x_md.o(.text)
    USART2_IRQHandler                        0x08005243   Thumb Code     0  startup_stm32f10x_md.o(.text)
    USART3_IRQHandler                        0x08005243   Thumb Code     0  startup_stm32f10x_md.o(.text)
    USBWakeUp_IRQHandler                     0x08005243   Thumb Code     0  startup_stm32f10x_md.o(.text)
    USB_HP_CAN1_TX_IRQHandler                0x08005243   Thumb Code     0  startup_stm32f10x_md.o(.text)
    USB_LP_CAN1_RX0_IRQHandler               0x08005243   Thumb Code     0  startup_stm32f10x_md.o(.text)
    WWDG_IRQHandler                          0x08005243   Thumb Code     0  startup_stm32f10x_md.o(.text)
    __user_initial_stackheap                 0x08005245   Thumb Code     0  startup_stm32f10x_md.o(.text)
    __2sprintf                               0x08005269   Thumb Code    38  __2sprintf.o(.text)
    _printf_pre_padding                      0x08005295   Thumb Code    44  _printf_pad.o(.text)
    _printf_post_padding                     0x080052c1   Thumb Code    34  _printf_pad.o(.text)
    _printf_int_dec                          0x080052e5   Thumb Code   104  _printf_dec.o(.text)
    __printf                                 0x0800535d   Thumb Code   388  __printf_flags_ss_wp.o(.text)
    __aeabi_memcpy                           0x080054e5   Thumb Code     0  rt_memcpy_v6.o(.text)
    __rt_memcpy                              0x080054e5   Thumb Code   138  rt_memcpy_v6.o(.text)
    _memcpy_lastbytes                        0x0800554b   Thumb Code     0  rt_memcpy_v6.o(.text)
    __aeabi_memcpy4                          0x0800556f   Thumb Code     0  rt_memcpy_w.o(.text)
    __aeabi_memcpy8                          0x0800556f   Thumb Code     0  rt_memcpy_w.o(.text)
    __rt_memcpy_w                            0x0800556f   Thumb Code   100  rt_memcpy_w.o(.text)
    _memcpy_lastbytes_aligned                0x080055b7   Thumb Code     0  rt_memcpy_w.o(.text)
    __aeabi_memset                           0x080055d3   Thumb Code    16  aeabi_memset.o(.text)
    __aeabi_memclr                           0x080055e3   Thumb Code     0  rt_memclr.o(.text)
    __rt_memclr                              0x080055e3   Thumb Code    68  rt_memclr.o(.text)
    _memset                                  0x080055e7   Thumb Code     0  rt_memclr.o(.text)
    __aeabi_memclr4                          0x08005627   Thumb Code     0  rt_memclr_w.o(.text)
    __aeabi_memclr8                          0x08005627   Thumb Code     0  rt_memclr_w.o(.text)
    __rt_memclr_w                            0x08005627   Thumb Code    78  rt_memclr_w.o(.text)
    _memset_w                                0x0800562b   Thumb Code     0  rt_memclr_w.o(.text)
    strncpy                                  0x08005675   Thumb Code    86  strncpy.o(.text)
    __use_two_region_memory                  0x080056cb   Thumb Code     2  heapauxi.o(.text)
    __rt_heap_escrow$2region                 0x080056cd   Thumb Code     2  heapauxi.o(.text)
    __rt_heap_expand$2region                 0x080056cf   Thumb Code     2  heapauxi.o(.text)
    _printf_int_common                       0x080056d1   Thumb Code   178  _printf_intcommon.o(.text)
    _printf_char_common                      0x0800578f   Thumb Code    32  _printf_char_common.o(.text)
    _sputc                                   0x080057b5   Thumb Code    10  _sputc.o(.text)
    __user_setup_stackheap                   0x080057bf   Thumb Code    74  sys_stackheap_outer.o(.text)
    exit                                     0x08005809   Thumb Code    18  exit.o(.text)
    __user_libspace                          0x0800581d   Thumb Code     8  libspace.o(.text)
    __user_perproc_libspace                  0x0800581d   Thumb Code     0  libspace.o(.text)
    __user_perthread_libspace                0x0800581d   Thumb Code     0  libspace.o(.text)
    _sys_exit                                0x08005825   Thumb Code     8  sys_exit.o(.text)
    __I$use$semihosting                      0x08005831   Thumb Code     0  use_no_semi.o(.text)
    __use_no_semihosting_swi                 0x08005831   Thumb Code     2  use_no_semi.o(.text)
    __semihosting_library_function           0x08005833   Thumb Code     0  indicate_semi.o(.text)
    APP_GPIOInit                             0x08005835   Thumb Code    70  app.o(i.APP_GPIOInit)
    APP_HandleButtonEvents                   0x08005889   Thumb Code   188  app.o(i.APP_HandleButtonEvents)
    APP_HandleSensorEvents                   0x0800596d   Thumb Code    38  app.o(i.APP_HandleSensorEvents)
    APP_Init                                 0x08005999   Thumb Code    36  app.o(i.APP_Init)
    APP_LEDTask                              0x080059c5   Thumb Code    22  app.o(i.APP_LEDTask)
    APP_OLEDTask                             0x080059dd   Thumb Code   284  app.o(i.APP_OLEDTask)
    APP_SensorTask                           0x08005b29   Thumb Code   292  app.o(i.APP_SensorTask)
    APP_SystemInit                           0x08005c9d   Thumb Code    40  app.o(i.APP_SystemInit)
    APP_TaskInit                             0x08005cc9   Thumb Code    86  app.o(i.APP_TaskInit)
    APP_TimeTask                             0x08005d65   Thumb Code    16  app.o(i.APP_TimeTask)
    APP_UpdateCity                           0x08005d75   Thumb Code    14  app.o(i.APP_UpdateCity)
    APP_UpdateMode                           0x08005d89   Thumb Code    64  app.o(i.APP_UpdateMode)
    APP_UpdateTime                           0x08005dcd   Thumb Code    74  app.o(i.APP_UpdateTime)
    AT24C02_Init                             0x08005e1d   Thumb Code    52  app.o(i.AT24C02_Init)
    AT24C02_ReadByte                         0x08005e59   Thumb Code    82  at24c02.o(i.AT24C02_ReadByte)
    AT24C02_ReadOTAFlag                      0x08005eab   Thumb Code    44  at24c02.o(i.AT24C02_ReadOTAFlag)
    AT24C02_WriteByte                        0x08005ed7   Thumb Code    72  at24c02.o(i.AT24C02_WriteByte)
    AT24C02_WriteOTAFlag                     0x08005f1f   Thumb Code    34  at24c02.o(i.AT24C02_WriteOTAFlag)
    BusFault_Handler                         0x08005f41   Thumb Code     4  stm32f10x_it_1.o(i.BusFault_Handler)
    DHT11_GPIO_Init_IN                       0x08005f81   Thumb Code    38  dht11.o(i.DHT11_GPIO_Init_IN)
    DHT11_GPIO_Init_OUT                      0x08005fad   Thumb Code    38  dht11.o(i.DHT11_GPIO_Init_OUT)
    DHT11_Init                               0x08005fd9   Thumb Code    18  dht11.o(i.DHT11_Init)
    DHT11_REC_Data                           0x08005ff1   Thumb Code   224  dht11.o(i.DHT11_REC_Data)
    DHT11_Read_Data                          0x080060d9   Thumb Code    76  dht11.o(i.DHT11_Read_Data)
    DHT11_Rec_Byte                           0x08006129   Thumb Code   132  dht11.o(i.DHT11_Rec_Byte)
    DHT11_Start                              0x080061b1   Thumb Code    60  dht11.o(i.DHT11_Start)
    DebugMon_Handler                         0x080061f1   Thumb Code     2  stm32f10x_it_1.o(i.DebugMon_Handler)
    Delay_init                               0x080061f5   Thumb Code    74  delay.o(i.Delay_init)
    Delay_ms                                 0x08006251   Thumb Code    60  delay.o(i.Delay_ms)
    Delay_us                                 0x08006291   Thumb Code    68  delay.o(i.Delay_us)
    GPIO_Init                                0x0800642d   Thumb Code   278  stm32f10x_gpio.o(i.GPIO_Init)
    GPIO_PinRemapConfig                      0x08006545   Thumb Code   138  stm32f10x_gpio.o(i.GPIO_PinRemapConfig)
    GPIO_ReadInputDataBit                    0x080065d5   Thumb Code    18  stm32f10x_gpio.o(i.GPIO_ReadInputDataBit)
    GPIO_ResetBits                           0x080065e7   Thumb Code     4  stm32f10x_gpio.o(i.GPIO_ResetBits)
    GPIO_SetBits                             0x080065eb   Thumb Code     4  stm32f10x_gpio.o(i.GPIO_SetBits)
    GPIO_WriteBit                            0x080065ef   Thumb Code    10  stm32f10x_gpio.o(i.GPIO_WriteBit)
    HardFault_Handler                        0x080065f9   Thumb Code     4  stm32f10x_it_1.o(i.HardFault_Handler)
    I2C1_Init                                0x080065fd   Thumb Code    80  i2c.o(i.I2C1_Init)
    I2C_ReadByte                             0x08006651   Thumb Code   148  i2c.o(i.I2C_ReadByte)
    I2C_SendByte                             0x080066e9   Thumb Code    88  i2c.o(i.I2C_SendByte)
    I2C_Start                                0x08006745   Thumb Code    42  i2c.o(i.I2C_Start)
    I2C_Stop                                 0x08006775   Thumb Code    42  i2c.o(i.I2C_Stop)
    I2C_Wait_ACK                             0x080067a5   Thumb Code    84  i2c.o(i.I2C_Wait_ACK)
    LED_Init                                 0x080067fd   Thumb Code    48  gpio.o(i.LED_Init)
    LED_OFF                                  0x08006831   Thumb Code    14  gpio.o(i.LED_OFF)
    LED_ON                                   0x08006845   Thumb Code    14  gpio.o(i.LED_ON)
    MPU6050_GetData                          0x08006859   Thumb Code   172  mpu6050.o(i.MPU6050_GetData)
    MPU6050_Init                             0x08006905   Thumb Code    56  mpu6050.o(i.MPU6050_Init)
    MPU6050_ReadReg                          0x0800693d   Thumb Code    62  mpu6050.o(i.MPU6050_ReadReg)
    MPU6050_WriteReg                         0x0800697b   Thumb Code    46  mpu6050.o(i.MPU6050_WriteReg)
    MemManage_Handler                        0x080069a9   Thumb Code     4  stm32f10x_it_1.o(i.MemManage_Handler)
    MyI2C_Init                               0x080069ad   Thumb Code    44  myi2c.o(i.MyI2C_Init)
    MyI2C_R_SDA                              0x080069dd   Thumb Code    22  myi2c.o(i.MyI2C_R_SDA)
    MyI2C_ReceiveAck                         0x080069f9   Thumb Code    30  myi2c.o(i.MyI2C_ReceiveAck)
    MyI2C_ReceiveByte                        0x08006a17   Thumb Code    50  myi2c.o(i.MyI2C_ReceiveByte)
    MyI2C_SendAck                            0x08006a49   Thumb Code    24  myi2c.o(i.MyI2C_SendAck)
    MyI2C_SendByte                           0x08006a61   Thumb Code    50  myi2c.o(i.MyI2C_SendByte)
    MyI2C_Start                              0x08006a93   Thumb Code    28  myi2c.o(i.MyI2C_Start)
    MyI2C_Stop                               0x08006aaf   Thumb Code    22  myi2c.o(i.MyI2C_Stop)
    MyI2C_W_SCL                              0x08006ac5   Thumb Code    22  myi2c.o(i.MyI2C_W_SCL)
    MyI2C_W_SDA                              0x08006ae1   Thumb Code    22  myi2c.o(i.MyI2C_W_SDA)
    NMI_Handler                              0x08006afd   Thumb Code     2  stm32f10x_it_1.o(i.NMI_Handler)
    NVIC_PriorityGroupConfig                 0x08006b01   Thumb Code    10  misc.o(i.NVIC_PriorityGroupConfig)
    OLED_Clear                               0x08006b15   Thumb Code    42  oled.o(i.OLED_Clear)
    OLED_I2C_Init                            0x08006b41   Thumb Code    76  oled.o(i.OLED_I2C_Init)
    OLED_I2C_SendByte                        0x08006b91   Thumb Code    88  oled.o(i.OLED_I2C_SendByte)
    OLED_I2C_Start                           0x08006bed   Thumb Code    48  oled.o(i.OLED_I2C_Start)
    OLED_I2C_Stop                            0x08006c21   Thumb Code    36  oled.o(i.OLED_I2C_Stop)
    OLED_Init                                0x08006c49   Thumb Code   174  oled.o(i.OLED_Init)
    OLED_SetCursor                           0x08006cf7   Thumb Code    34  oled.o(i.OLED_SetCursor)
    OLED_SetMode_Async                       0x08006d19   Thumb Code    44  app.o(i.OLED_SetMode_Async)
    OLED_ShowChar_Large                      0x08006d4d   Thumb Code   144  oled.o(i.OLED_ShowChar_Large)
    OLED_ShowChar_Small                      0x08006de1   Thumb Code    64  oled.o(i.OLED_ShowChar_Small)
    OLED_ShowString_Async                    0x08006e25   Thumb Code    62  app.o(i.OLED_ShowString_Async)
    OLED_ShowString_Large                    0x08006e69   Thumb Code    40  oled.o(i.OLED_ShowString_Large)
    OLED_ShowString_Small                    0x08006e91   Thumb Code    40  oled.o(i.OLED_ShowString_Small)
    OLED_WriteCommand                        0x08006eb9   Thumb Code    32  oled.o(i.OLED_WriteCommand)
    OLED_WriteData                           0x08006ed9   Thumb Code    32  oled.o(i.OLED_WriteData)
    RCC_APB2PeriphClockCmd                   0x08006ef9   Thumb Code    26  stm32f10x_rcc.o(i.RCC_APB2PeriphClockCmd)
    SysTick_CLKSourceConfig                  0x08007001   Thumb Code    40  misc.o(i.SysTick_CLKSourceConfig)
    SysTick_Handler                          0x08007029   Thumb Code    16  delay.o(i.SysTick_Handler)
    SystemInit                               0x08007039   Thumb Code    76  system_stm32f10x.o(i.SystemInit)
    Toggle_OTA_Flag                          0x08007099   Thumb Code    34  app.o(i.Toggle_OTA_Flag)
    UsageFault_Handler                       0x080070c1   Thumb Code     4  stm32f10x_it_1.o(i.UsageFault_Handler)
    _is_digit                                0x080070c5   Thumb Code    14  __printf_wp.o(i._is_digit)
    main                                     0x080070d3   Thumb Code    20  main_1.o(i.main)
    pvPortMalloc                             0x08007bcd   Thumb Code   474  heap_4.o(i.pvPortMalloc)
    pvTaskIncrementMutexHeldCount            0x08007dc5   Thumb Code    14  tasks.o(i.pvTaskIncrementMutexHeldCount)
    pxPortInitialiseStack                    0x08007dd9   Thumb Code    30  port.o(i.pxPortInitialiseStack)
    uxListRemove                             0x08007dfd   Thumb Code    40  list.o(i.uxListRemove)
    vListInitialise                          0x08007e25   Thumb Code    26  list.o(i.vListInitialise)
    vListInitialiseItem                      0x08007e3f   Thumb Code     6  list.o(i.vListInitialiseItem)
    vListInsert                              0x08007e45   Thumb Code    52  list.o(i.vListInsert)
    vPortEnterCritical                       0x08007e79   Thumb Code    76  port.o(i.vPortEnterCritical)
    vPortExitCritical                        0x08007ecd   Thumb Code    56  port.o(i.vPortExitCritical)
    vPortFree                                0x08007f09   Thumb Code   174  heap_4.o(i.vPortFree)
    vPortSetupTimerInterrupt                 0x08007fc9   Thumb Code    36  port.o(i.vPortSetupTimerInterrupt)
    vQueueAddToRegistry                      0x08007ff1   Thumb Code    90  queue.o(i.vQueueAddToRegistry)
    vQueueWaitForMessageRestricted           0x08008051   Thumb Code    74  queue.o(i.vQueueWaitForMessageRestricted)
    vTaskDelay                               0x0800809d   Thumb Code    82  tasks.o(i.vTaskDelay)
    vTaskInternalSetTimeOutState             0x080080f9   Thumb Code    14  tasks.o(i.vTaskInternalSetTimeOutState)
    vTaskMissedYield                         0x08008111   Thumb Code     8  tasks.o(i.vTaskMissedYield)
    vTaskPlaceOnEventList                    0x0800811d   Thumb Code    52  tasks.o(i.vTaskPlaceOnEventList)
    vTaskPlaceOnEventListRestricted          0x08008155   Thumb Code    98  tasks.o(i.vTaskPlaceOnEventListRestricted)
    vTaskPriorityDisinheritAfterTimeout      0x080081bd   Thumb Code   274  tasks.o(i.vTaskPriorityDisinheritAfterTimeout)
    vTaskStartScheduler                      0x080082dd   Thumb Code   106  tasks.o(i.vTaskStartScheduler)
    vTaskSuspendAll                          0x08008359   Thumb Code    12  tasks.o(i.vTaskSuspendAll)
    vTaskSwitchContext                       0x08008369   Thumb Code   126  tasks.o(i.vTaskSwitchContext)
    xPortStartScheduler                      0x080083fd   Thumb Code   228  port.o(i.xPortStartScheduler)
    xPortSysTickHandler                      0x080084f5   Thumb Code    46  port.o(i.xPortSysTickHandler)
    xQueueCreateMutex                        0x08008529   Thumb Code    34  queue.o(i.xQueueCreateMutex)
    xQueueGenericCreate                      0x0800854b   Thumb Code   102  queue.o(i.xQueueGenericCreate)
    xQueueGenericReset                       0x080085b1   Thumb Code   214  queue.o(i.xQueueGenericReset)
    xQueueGenericSend                        0x0800868d   Thumb Code   420  queue.o(i.xQueueGenericSend)
    xQueueReceive                            0x08008835   Thumb Code   356  queue.o(i.xQueueReceive)
    xQueueSemaphoreTake                      0x0800899d   Thumb Code   398  queue.o(i.xQueueSemaphoreTake)
    xTaskCheckForTimeOut                     0x08008b31   Thumb Code   136  tasks.o(i.xTaskCheckForTimeOut)
    xTaskCreate                              0x08008bc1   Thumb Code    56  tasks.o(i.xTaskCreate)
    xTaskGetSchedulerState                   0x08008bf9   Thumb Code    24  tasks.o(i.xTaskGetSchedulerState)
    xTaskGetTickCount                        0x08008c19   Thumb Code     6  tasks.o(i.xTaskGetTickCount)
    xTaskIncrementTick                       0x08008c25   Thumb Code   414  tasks.o(i.xTaskIncrementTick)
    xTaskPriorityDisinherit                  0x08008df1   Thumb Code   234  tasks.o(i.xTaskPriorityDisinherit)
    xTaskPriorityInherit                     0x08008ee9   Thumb Code   230  tasks.o(i.xTaskPriorityInherit)
    xTaskRemoveFromEventList                 0x08008fdd   Thumb Code   280  tasks.o(i.xTaskRemoveFromEventList)
    xTaskResumeAll                           0x0800910d   Thumb Code   380  tasks.o(i.xTaskResumeAll)
    xTimerCreateTimerTask                    0x080092ad   Thumb Code    64  timers.o(i.xTimerCreateTimerTask)
    OLED_F8x16                               0x08009300   Data        1520  oled.o(.constdata)
    OLED_F6x8                                0x080098f0   Data         570  oled.o(.constdata)
    Region$$Table$$Base                      0x08009bb4   Number         0  anon$$obj.o(Region$$Table)
    Region$$Table$$Limit                     0x08009bd4   Number         0  anon$$obj.o(Region$$Table)
    SystemCoreClock                          0x20000000   Data           4  system_stm32f10x.o(.data)
    AHBPrescTable                            0x20000004   Data          16  system_stm32f10x.o(.data)
    pxCurrentTCB                             0x20000018   Data           4  tasks.o(.data)
    g_oled_mutex                             0x20000094   Data           4  app.o(.data)
    g_oled_queue                             0x20000098   Data           4  app.o(.data)
    xQueueRegistry                           0x200000bc   Data          48  queue.o(.bss)
    rec_data                                 0x20003ab8   Data          16  dht11.o(.bss)
    g_app_ctrl                               0x20003ac8   Data          20  app.o(.bss)
    __libspace_start                         0x20003adc   Data          96  libspace.o(.bss)
    __temporary_stack_top$libspace           0x20003b3c   Data           0  libspace.o(.bss)



==============================================================================

Memory Map of the image

  Image Entry point : 0x080050ed

  Load Region LR_IROM1 (Base: 0x08005000, Size: 0x00004c90, Max: 0x00010000, ABSOLUTE)

    Execution Region ER_IROM1 (Exec base: 0x08005000, Load base: 0x08005000, Size: 0x00004bd4, Max: 0x00010000, ABSOLUTE)

    Exec Addr    Load Addr    Size         Type   Attr      Idx    E Section Name        Object

    0x08005000   0x08005000   0x000000ec   Data   RO          127    RESET               startup_stm32f10x_md.o
    0x080050ec   0x080050ec   0x00000008   Code   RO         4026  * !!!main             c_w.l(__main.o)
    0x080050f4   0x080050f4   0x00000034   Code   RO         4198    !!!scatter          c_w.l(__scatter.o)
    0x08005128   0x08005128   0x0000001a   Code   RO         4200    !!handler_copy      c_w.l(__scatter_copy.o)
    0x08005142   0x08005142   0x00000002   PAD
    0x08005144   0x08005144   0x0000001c   Code   RO         4202    !!handler_zi        c_w.l(__scatter_zi.o)
    0x08005160   0x08005160   0x00000000   Code   RO         4007    .ARM.Collect$$_printf_percent$$00000000  c_w.l(_printf_percent.o)
    0x08005160   0x08005160   0x00000006   Code   RO         4005    .ARM.Collect$$_printf_percent$$00000009  c_w.l(_printf_d.o)
    0x08005166   0x08005166   0x00000004   Code   RO         4039    .ARM.Collect$$_printf_percent$$00000017  c_w.l(_printf_percent_end.o)
    0x0800516a   0x0800516a   0x00000002   Code   RO         4066    .ARM.Collect$$libinit$$00000000  c_w.l(libinit.o)
    0x0800516c   0x0800516c   0x00000000   Code   RO         4073    .ARM.Collect$$libinit$$00000002  c_w.l(libinit2.o)
    0x0800516c   0x0800516c   0x00000000   Code   RO         4075    .ARM.Collect$$libinit$$00000004  c_w.l(libinit2.o)
    0x0800516c   0x0800516c   0x00000000   Code   RO         4078    .ARM.Collect$$libinit$$0000000A  c_w.l(libinit2.o)
    0x0800516c   0x0800516c   0x00000000   Code   RO         4080    .ARM.Collect$$libinit$$0000000C  c_w.l(libinit2.o)
    0x0800516c   0x0800516c   0x00000000   Code   RO         4082    .ARM.Collect$$libinit$$0000000E  c_w.l(libinit2.o)
    0x0800516c   0x0800516c   0x00000000   Code   RO         4085    .ARM.Collect$$libinit$$00000011  c_w.l(libinit2.o)
    0x0800516c   0x0800516c   0x00000000   Code   RO         4087    .ARM.Collect$$libinit$$00000013  c_w.l(libinit2.o)
    0x0800516c   0x0800516c   0x00000000   Code   RO         4089    .ARM.Collect$$libinit$$00000015  c_w.l(libinit2.o)
    0x0800516c   0x0800516c   0x00000000   Code   RO         4091    .ARM.Collect$$libinit$$00000017  c_w.l(libinit2.o)
    0x0800516c   0x0800516c   0x00000000   Code   RO         4093    .ARM.Collect$$libinit$$00000019  c_w.l(libinit2.o)
    0x0800516c   0x0800516c   0x00000000   Code   RO         4095    .ARM.Collect$$libinit$$0000001B  c_w.l(libinit2.o)
    0x0800516c   0x0800516c   0x00000000   Code   RO         4097    .ARM.Collect$$libinit$$0000001D  c_w.l(libinit2.o)
    0x0800516c   0x0800516c   0x00000000   Code   RO         4099    .ARM.Collect$$libinit$$0000001F  c_w.l(libinit2.o)
    0x0800516c   0x0800516c   0x00000000   Code   RO         4101    .ARM.Collect$$libinit$$00000021  c_w.l(libinit2.o)
    0x0800516c   0x0800516c   0x00000000   Code   RO         4103    .ARM.Collect$$libinit$$00000023  c_w.l(libinit2.o)
    0x0800516c   0x0800516c   0x00000000   Code   RO         4105    .ARM.Collect$$libinit$$00000025  c_w.l(libinit2.o)
    0x0800516c   0x0800516c   0x00000000   Code   RO         4109    .ARM.Collect$$libinit$$0000002C  c_w.l(libinit2.o)
    0x0800516c   0x0800516c   0x00000000   Code   RO         4111    .ARM.Collect$$libinit$$0000002E  c_w.l(libinit2.o)
    0x0800516c   0x0800516c   0x00000000   Code   RO         4113    .ARM.Collect$$libinit$$00000030  c_w.l(libinit2.o)
    0x0800516c   0x0800516c   0x00000000   Code   RO         4115    .ARM.Collect$$libinit$$00000032  c_w.l(libinit2.o)
    0x0800516c   0x0800516c   0x00000002   Code   RO         4116    .ARM.Collect$$libinit$$00000033  c_w.l(libinit2.o)
    0x0800516e   0x0800516e   0x00000002   Code   RO         4136    .ARM.Collect$$libshutdown$$00000000  c_w.l(libshutdown.o)
    0x08005170   0x08005170   0x00000000   Code   RO         4149    .ARM.Collect$$libshutdown$$00000002  c_w.l(libshutdown2.o)
    0x08005170   0x08005170   0x00000000   Code   RO         4151    .ARM.Collect$$libshutdown$$00000004  c_w.l(libshutdown2.o)
    0x08005170   0x08005170   0x00000000   Code   RO         4153    .ARM.Collect$$libshutdown$$00000006  c_w.l(libshutdown2.o)
    0x08005170   0x08005170   0x00000000   Code   RO         4156    .ARM.Collect$$libshutdown$$00000009  c_w.l(libshutdown2.o)
    0x08005170   0x08005170   0x00000000   Code   RO         4159    .ARM.Collect$$libshutdown$$0000000C  c_w.l(libshutdown2.o)
    0x08005170   0x08005170   0x00000000   Code   RO         4161    .ARM.Collect$$libshutdown$$0000000E  c_w.l(libshutdown2.o)
    0x08005170   0x08005170   0x00000000   Code   RO         4164    .ARM.Collect$$libshutdown$$00000011  c_w.l(libshutdown2.o)
    0x08005170   0x08005170   0x00000002   Code   RO         4165    .ARM.Collect$$libshutdown$$00000012  c_w.l(libshutdown2.o)
    0x08005172   0x08005172   0x00000000   Code   RO         4028    .ARM.Collect$$rtentry$$00000000  c_w.l(__rtentry.o)
    0x08005172   0x08005172   0x00000000   Code   RO         4041    .ARM.Collect$$rtentry$$00000002  c_w.l(__rtentry2.o)
    0x08005172   0x08005172   0x00000006   Code   RO         4053    .ARM.Collect$$rtentry$$00000004  c_w.l(__rtentry4.o)
    0x08005178   0x08005178   0x00000000   Code   RO         4043    .ARM.Collect$$rtentry$$00000009  c_w.l(__rtentry2.o)
    0x08005178   0x08005178   0x00000004   Code   RO         4044    .ARM.Collect$$rtentry$$0000000A  c_w.l(__rtentry2.o)
    0x0800517c   0x0800517c   0x00000000   Code   RO         4046    .ARM.Collect$$rtentry$$0000000C  c_w.l(__rtentry2.o)
    0x0800517c   0x0800517c   0x00000008   Code   RO         4047    .ARM.Collect$$rtentry$$0000000D  c_w.l(__rtentry2.o)
    0x08005184   0x08005184   0x00000002   Code   RO         4070    .ARM.Collect$$rtexit$$00000000  c_w.l(rtexit.o)
    0x08005186   0x08005186   0x00000000   Code   RO         4118    .ARM.Collect$$rtexit$$00000002  c_w.l(rtexit2.o)
    0x08005186   0x08005186   0x00000004   Code   RO         4119    .ARM.Collect$$rtexit$$00000003  c_w.l(rtexit2.o)
    0x0800518a   0x0800518a   0x00000006   Code   RO         4120    .ARM.Collect$$rtexit$$00000004  c_w.l(rtexit2.o)
    0x08005190   0x08005190   0x00000096   Code   RO         3136    .emb_text           port.o
    0x08005226   0x08005226   0x00000002   PAD
    0x08005228   0x08005228   0x00000040   Code   RO          128    .text               startup_stm32f10x_md.o
    0x08005268   0x08005268   0x0000002c   Code   RO         3968    .text               c_w.l(__2sprintf.o)
    0x08005294   0x08005294   0x0000004e   Code   RO         3978    .text               c_w.l(_printf_pad.o)
    0x080052e2   0x080052e2   0x00000002   PAD
    0x080052e4   0x080052e4   0x00000078   Code   RO         3982    .text               c_w.l(_printf_dec.o)
    0x0800535c   0x0800535c   0x00000188   Code   RO         4001    .text               c_w.l(__printf_flags_ss_wp.o)
    0x080054e4   0x080054e4   0x0000008a   Code   RO         4012    .text               c_w.l(rt_memcpy_v6.o)
    0x0800556e   0x0800556e   0x00000064   Code   RO         4014    .text               c_w.l(rt_memcpy_w.o)
    0x080055d2   0x080055d2   0x00000010   Code   RO         4016    .text               c_w.l(aeabi_memset.o)
    0x080055e2   0x080055e2   0x00000044   Code   RO         4018    .text               c_w.l(rt_memclr.o)
    0x08005626   0x08005626   0x0000004e   Code   RO         4020    .text               c_w.l(rt_memclr_w.o)
    0x08005674   0x08005674   0x00000056   Code   RO         4022    .text               c_w.l(strncpy.o)
    0x080056ca   0x080056ca   0x00000006   Code   RO         4024    .text               c_w.l(heapauxi.o)
    0x080056d0   0x080056d0   0x000000b2   Code   RO         4029    .text               c_w.l(_printf_intcommon.o)
    0x08005782   0x08005782   0x00000002   PAD
    0x08005784   0x08005784   0x00000030   Code   RO         4031    .text               c_w.l(_printf_char_common.o)
    0x080057b4   0x080057b4   0x0000000a   Code   RO         4033    .text               c_w.l(_sputc.o)
    0x080057be   0x080057be   0x0000004a   Code   RO         4057    .text               c_w.l(sys_stackheap_outer.o)
    0x08005808   0x08005808   0x00000012   Code   RO         4059    .text               c_w.l(exit.o)
    0x0800581a   0x0800581a   0x00000002   PAD
    0x0800581c   0x0800581c   0x00000008   Code   RO         4067    .text               c_w.l(libspace.o)
    0x08005824   0x08005824   0x0000000c   Code   RO         4128    .text               c_w.l(sys_exit.o)
    0x08005830   0x08005830   0x00000002   Code   RO         4139    .text               c_w.l(use_no_semi.o)
    0x08005832   0x08005832   0x00000000   Code   RO         4141    .text               c_w.l(indicate_semi.o)
    0x08005832   0x08005832   0x00000002   PAD
    0x08005834   0x08005834   0x00000054   Code   RO         3809    i.APP_GPIOInit      app.o
    0x08005888   0x08005888   0x000000e4   Code   RO         3810    i.APP_HandleButtonEvents  app.o
    0x0800596c   0x0800596c   0x0000002c   Code   RO         3811    i.APP_HandleSensorEvents  app.o
    0x08005998   0x08005998   0x0000002c   Code   RO         3812    i.APP_Init          app.o
    0x080059c4   0x080059c4   0x00000016   Code   RO         3813    i.APP_LEDTask       app.o
    0x080059da   0x080059da   0x00000002   PAD
    0x080059dc   0x080059dc   0x0000014c   Code   RO         3814    i.APP_OLEDTask      app.o
    0x08005b28   0x08005b28   0x00000174   Code   RO         3815    i.APP_SensorTask    app.o
    0x08005c9c   0x08005c9c   0x0000002c   Code   RO         3816    i.APP_SystemInit    app.o
    0x08005cc8   0x08005cc8   0x0000009c   Code   RO         3817    i.APP_TaskInit      app.o
    0x08005d64   0x08005d64   0x00000010   Code   RO         3818    i.APP_TimeTask      app.o
    0x08005d74   0x08005d74   0x00000014   Code   RO         3819    i.APP_UpdateCity    app.o
    0x08005d88   0x08005d88   0x00000044   Code   RO         3820    i.APP_UpdateMode    app.o
    0x08005dcc   0x08005dcc   0x00000050   Code   RO         3821    i.APP_UpdateTime    app.o
    0x08005e1c   0x08005e1c   0x0000003c   Code   RO         3822    i.AT24C02_Init      app.o
    0x08005e58   0x08005e58   0x00000052   Code   RO         3705    i.AT24C02_ReadByte  at24c02.o
    0x08005eaa   0x08005eaa   0x0000002c   Code   RO         3706    i.AT24C02_ReadOTAFlag  at24c02.o
    0x08005ed6   0x08005ed6   0x00000048   Code   RO         3707    i.AT24C02_WriteByte  at24c02.o
    0x08005f1e   0x08005f1e   0x00000022   Code   RO         3708    i.AT24C02_WriteOTAFlag  at24c02.o
    0x08005f40   0x08005f40   0x00000004   Code   RO         3764    i.BusFault_Handler  stm32f10x_it_1.o
    0x08005f44   0x08005f44   0x0000003a   Code   RO         3823    i.CheckButton       app.o
    0x08005f7e   0x08005f7e   0x00000002   PAD
    0x08005f80   0x08005f80   0x0000002c   Code   RO         3600    i.DHT11_GPIO_Init_IN  dht11.o
    0x08005fac   0x08005fac   0x0000002c   Code   RO         3601    i.DHT11_GPIO_Init_OUT  dht11.o
    0x08005fd8   0x08005fd8   0x00000018   Code   RO         3602    i.DHT11_Init        dht11.o
    0x08005ff0   0x08005ff0   0x000000e8   Code   RO         3603    i.DHT11_REC_Data    dht11.o
    0x080060d8   0x080060d8   0x00000050   Code   RO         3604    i.DHT11_Read_Data   dht11.o
    0x08006128   0x08006128   0x00000088   Code   RO         3607    i.DHT11_Rec_Byte    dht11.o
    0x080061b0   0x080061b0   0x00000040   Code   RO         3608    i.DHT11_Start       dht11.o
    0x080061f0   0x080061f0   0x00000002   Code   RO         3765    i.DebugMon_Handler  stm32f10x_it_1.o
    0x080061f2   0x080061f2   0x00000002   PAD
    0x080061f4   0x080061f4   0x0000005c   Code   RO         2146    i.Delay_init        delay.o
    0x08006250   0x08006250   0x00000040   Code   RO         2147    i.Delay_ms          delay.o
    0x08006290   0x08006290   0x00000048   Code   RO         2149    i.Delay_us          delay.o
    0x080062d8   0x080062d8   0x000000b4   Code   RO         3824    i.DisplayMultiFunctionMode  app.o
    0x0800638c   0x0800638c   0x000000a0   Code   RO         3825    i.DisplaySimpleMode  app.o
    0x0800642c   0x0800642c   0x00000116   Code   RO          173    i.GPIO_Init         stm32f10x_gpio.o
    0x08006542   0x08006542   0x00000002   PAD
    0x08006544   0x08006544   0x00000090   Code   RO          175    i.GPIO_PinRemapConfig  stm32f10x_gpio.o
    0x080065d4   0x080065d4   0x00000012   Code   RO          177    i.GPIO_ReadInputDataBit  stm32f10x_gpio.o
    0x080065e6   0x080065e6   0x00000004   Code   RO          180    i.GPIO_ResetBits    stm32f10x_gpio.o
    0x080065ea   0x080065ea   0x00000004   Code   RO          181    i.GPIO_SetBits      stm32f10x_gpio.o
    0x080065ee   0x080065ee   0x0000000a   Code   RO          184    i.GPIO_WriteBit     stm32f10x_gpio.o
    0x080065f8   0x080065f8   0x00000004   Code   RO         3766    i.HardFault_Handler  stm32f10x_it_1.o
    0x080065fc   0x080065fc   0x00000054   Code   RO         2295    i.I2C1_Init         i2c.o
    0x08006650   0x08006650   0x00000098   Code   RO         2296    i.I2C_ReadByte      i2c.o
    0x080066e8   0x080066e8   0x0000005c   Code   RO         2297    i.I2C_SendByte      i2c.o
    0x08006744   0x08006744   0x00000030   Code   RO         2298    i.I2C_Start         i2c.o
    0x08006774   0x08006774   0x00000030   Code   RO         2299    i.I2C_Stop          i2c.o
    0x080067a4   0x080067a4   0x00000058   Code   RO         2300    i.I2C_Wait_ACK      i2c.o
    0x080067fc   0x080067fc   0x00000034   Code   RO         2114    i.LED_Init          gpio.o
    0x08006830   0x08006830   0x00000014   Code   RO         2115    i.LED_OFF           gpio.o
    0x08006844   0x08006844   0x00000014   Code   RO         2116    i.LED_ON            gpio.o
    0x08006858   0x08006858   0x000000ac   Code   RO         3666    i.MPU6050_GetData   mpu6050.o
    0x08006904   0x08006904   0x00000038   Code   RO         3668    i.MPU6050_Init      mpu6050.o
    0x0800693c   0x0800693c   0x0000003e   Code   RO         3669    i.MPU6050_ReadReg   mpu6050.o
    0x0800697a   0x0800697a   0x0000002e   Code   RO         3670    i.MPU6050_WriteReg  mpu6050.o
    0x080069a8   0x080069a8   0x00000004   Code   RO         3767    i.MemManage_Handler  stm32f10x_it_1.o
    0x080069ac   0x080069ac   0x00000030   Code   RO         2223    i.MyI2C_Init        myi2c.o
    0x080069dc   0x080069dc   0x0000001c   Code   RO         2224    i.MyI2C_R_SDA       myi2c.o
    0x080069f8   0x080069f8   0x0000001e   Code   RO         2225    i.MyI2C_ReceiveAck  myi2c.o
    0x08006a16   0x08006a16   0x00000032   Code   RO         2226    i.MyI2C_ReceiveByte  myi2c.o
    0x08006a48   0x08006a48   0x00000018   Code   RO         2227    i.MyI2C_SendAck     myi2c.o
    0x08006a60   0x08006a60   0x00000032   Code   RO         2228    i.MyI2C_SendByte    myi2c.o
    0x08006a92   0x08006a92   0x0000001c   Code   RO         2229    i.MyI2C_Start       myi2c.o
    0x08006aae   0x08006aae   0x00000016   Code   RO         2230    i.MyI2C_Stop        myi2c.o
    0x08006ac4   0x08006ac4   0x0000001c   Code   RO         2231    i.MyI2C_W_SCL       myi2c.o
    0x08006ae0   0x08006ae0   0x0000001c   Code   RO         2232    i.MyI2C_W_SDA       myi2c.o
    0x08006afc   0x08006afc   0x00000002   Code   RO         3768    i.NMI_Handler       stm32f10x_it_1.o
    0x08006afe   0x08006afe   0x00000002   PAD
    0x08006b00   0x08006b00   0x00000014   Code   RO            2    i.NVIC_PriorityGroupConfig  misc.o
    0x08006b14   0x08006b14   0x0000002a   Code   RO         3465    i.OLED_Clear        oled.o
    0x08006b3e   0x08006b3e   0x00000002   PAD
    0x08006b40   0x08006b40   0x00000050   Code   RO         3466    i.OLED_I2C_Init     oled.o
    0x08006b90   0x08006b90   0x0000005c   Code   RO         3467    i.OLED_I2C_SendByte  oled.o
    0x08006bec   0x08006bec   0x00000034   Code   RO         3468    i.OLED_I2C_Start    oled.o
    0x08006c20   0x08006c20   0x00000028   Code   RO         3469    i.OLED_I2C_Stop     oled.o
    0x08006c48   0x08006c48   0x000000ae   Code   RO         3470    i.OLED_Init         oled.o
    0x08006cf6   0x08006cf6   0x00000022   Code   RO         3472    i.OLED_SetCursor    oled.o
    0x08006d18   0x08006d18   0x00000034   Code   RO         3827    i.OLED_SetMode_Async  app.o
    0x08006d4c   0x08006d4c   0x00000094   Code   RO         3475    i.OLED_ShowChar_Large  oled.o
    0x08006de0   0x08006de0   0x00000044   Code   RO         3476    i.OLED_ShowChar_Small  oled.o
    0x08006e24   0x08006e24   0x00000044   Code   RO         3829    i.OLED_ShowString_Async  app.o
    0x08006e68   0x08006e68   0x00000028   Code   RO         3481    i.OLED_ShowString_Large  oled.o
    0x08006e90   0x08006e90   0x00000028   Code   RO         3482    i.OLED_ShowString_Small  oled.o
    0x08006eb8   0x08006eb8   0x00000020   Code   RO         3483    i.OLED_WriteCommand  oled.o
    0x08006ed8   0x08006ed8   0x00000020   Code   RO         3484    i.OLED_WriteData    oled.o
    0x08006ef8   0x08006ef8   0x00000020   Code   RO          285    i.RCC_APB2PeriphClockCmd  stm32f10x_rcc.o
    0x08006f18   0x08006f18   0x00000008   Code   RO          133    i.SetSysClock       system_stm32f10x.o
    0x08006f20   0x08006f20   0x000000e0   Code   RO          134    i.SetSysClockTo72   system_stm32f10x.o
    0x08007000   0x08007000   0x00000028   Code   RO            5    i.SysTick_CLKSourceConfig  misc.o
    0x08007028   0x08007028   0x00000010   Code   RO         2151    i.SysTick_Handler   delay.o
    0x08007038   0x08007038   0x00000060   Code   RO          136    i.SystemInit        system_stm32f10x.o
    0x08007098   0x08007098   0x00000028   Code   RO         3830    i.Toggle_OTA_Flag   app.o
    0x080070c0   0x080070c0   0x00000004   Code   RO         3769    i.UsageFault_Handler  stm32f10x_it_1.o
    0x080070c4   0x080070c4   0x0000000e   Code   RO         3994    i._is_digit         c_w.l(__printf_wp.o)
    0x080070d2   0x080070d2   0x00000014   Code   RO         3738    i.main              main_1.o
    0x080070e6   0x080070e6   0x00000002   PAD
    0x080070e8   0x080070e8   0x000000cc   Code   RO         2592    i.prvAddCurrentTaskToDelayedList  tasks.o
    0x080071b4   0x080071b4   0x000000f8   Code   RO         2593    i.prvAddNewTaskToReadyList  tasks.o
    0x080072ac   0x080072ac   0x00000064   Code   RO         3214    i.prvCheckForValidListAndQueue  timers.o
    0x08007310   0x08007310   0x00000048   Code   RO         2594    i.prvCheckTasksWaitingTermination  tasks.o
    0x08007358   0x08007358   0x0000002a   Code   RO         2341    i.prvCopyDataFromQueue  queue.o
    0x08007382   0x08007382   0x0000007e   Code   RO         2342    i.prvCopyDataToQueue  queue.o
    0x08007400   0x08007400   0x00000068   Code   RO         2595    i.prvCreateIdleTasks  tasks.o
    0x08007468   0x08007468   0x0000005a   Code   RO         2596    i.prvCreateTask     tasks.o
    0x080074c2   0x080074c2   0x00000012   Code   RO         2597    i.prvDeleteTCB      tasks.o
    0x080074d4   0x080074d4   0x00000014   Code   RO         2343    i.prvGetDisinheritPriorityAfterTimeout  queue.o
    0x080074e8   0x080074e8   0x00000028   Code   RO         3215    i.prvGetNextExpireTime  timers.o
    0x08007510   0x08007510   0x0000006c   Code   RO         3057    i.prvHeapInit       heap_4.o
    0x0800757c   0x0800757c   0x00000028   Code   RO         2598    i.prvIdleTask       tasks.o
    0x080075a4   0x080075a4   0x0000001e   Code   RO         2344    i.prvInitialiseMutex  queue.o
    0x080075c2   0x080075c2   0x0000002a   Code   RO         2345    i.prvInitialiseNewQueue  queue.o
    0x080075ec   0x080075ec   0x000000cc   Code   RO         2599    i.prvInitialiseNewTask  tasks.o
    0x080076b8   0x080076b8   0x00000068   Code   RO         2600    i.prvInitialiseTaskLists  tasks.o
    0x08007720   0x08007720   0x000000a0   Code   RO         3058    i.prvInsertBlockIntoFreeList  heap_4.o
    0x080077c0   0x080077c0   0x00000058   Code   RO         3217    i.prvInsertTimerInActiveList  timers.o
    0x08007818   0x08007818   0x0000001a   Code   RO         2346    i.prvIsQueueEmpty   queue.o
    0x08007832   0x08007832   0x0000001e   Code   RO         2347    i.prvIsQueueFull    queue.o
    0x08007850   0x08007850   0x00000044   Code   RO         3218    i.prvProcessExpiredTimer  timers.o
    0x08007894   0x08007894   0x00000124   Code   RO         3219    i.prvProcessReceivedCommands  timers.o
    0x080079b8   0x080079b8   0x00000074   Code   RO         3220    i.prvProcessTimerOrBlockTask  timers.o
    0x08007a2c   0x08007a2c   0x00000028   Code   RO         3221    i.prvReloadTimer    timers.o
    0x08007a54   0x08007a54   0x00000030   Code   RO         2602    i.prvResetNextTaskUnblockTime  tasks.o
    0x08007a84   0x08007a84   0x0000002c   Code   RO         3222    i.prvSampleTimeNow  timers.o
    0x08007ab0   0x08007ab0   0x00000044   Code   RO         3223    i.prvSwitchTimerLists  timers.o
    0x08007af4   0x08007af4   0x00000040   Code   RO         3137    i.prvTaskExitError  port.o
    0x08007b34   0x08007b34   0x0000001a   Code   RO         3224    i.prvTimerTask      timers.o
    0x08007b4e   0x08007b4e   0x0000007e   Code   RO         2348    i.prvUnlockQueue    queue.o
    0x08007bcc   0x08007bcc   0x000001f8   Code   RO         3060    i.pvPortMalloc      heap_4.o
    0x08007dc4   0x08007dc4   0x00000014   Code   RO         2607    i.pvTaskIncrementMutexHeldCount  tasks.o
    0x08007dd8   0x08007dd8   0x00000024   Code   RO         3138    i.pxPortInitialiseStack  port.o
    0x08007dfc   0x08007dfc   0x00000028   Code   RO         3018    i.uxListRemove      list.o
    0x08007e24   0x08007e24   0x0000001a   Code   RO         3019    i.vListInitialise   list.o
    0x08007e3e   0x08007e3e   0x00000006   Code   RO         3020    i.vListInitialiseItem  list.o
    0x08007e44   0x08007e44   0x00000034   Code   RO         3021    i.vListInsert       list.o
    0x08007e78   0x08007e78   0x00000054   Code   RO         3140    i.vPortEnterCritical  port.o
    0x08007ecc   0x08007ecc   0x0000003c   Code   RO         3141    i.vPortExitCritical  port.o
    0x08007f08   0x08007f08   0x000000c0   Code   RO         3061    i.vPortFree         heap_4.o
    0x08007fc8   0x08007fc8   0x00000028   Code   RO         3142    i.vPortSetupTimerInterrupt  port.o
    0x08007ff0   0x08007ff0   0x00000060   Code   RO         2356    i.vQueueAddToRegistry  queue.o
    0x08008050   0x08008050   0x0000004a   Code   RO         2360    i.vQueueWaitForMessageRestricted  queue.o
    0x0800809a   0x0800809a   0x00000002   PAD
    0x0800809c   0x0800809c   0x0000005c   Code   RO         2619    i.vTaskDelay        tasks.o
    0x080080f8   0x080080f8   0x00000018   Code   RO         2624    i.vTaskInternalSetTimeOutState  tasks.o
    0x08008110   0x08008110   0x0000000c   Code   RO         2626    i.vTaskMissedYield  tasks.o
    0x0800811c   0x0800811c   0x00000038   Code   RO         2627    i.vTaskPlaceOnEventList  tasks.o
    0x08008154   0x08008154   0x00000068   Code   RO         2628    i.vTaskPlaceOnEventListRestricted  tasks.o
    0x080081bc   0x080081bc   0x00000120   Code   RO         2630    i.vTaskPriorityDisinheritAfterTimeout  tasks.o
    0x080082dc   0x080082dc   0x0000007c   Code   RO         2637    i.vTaskStartScheduler  tasks.o
    0x08008358   0x08008358   0x00000010   Code   RO         2639    i.vTaskSuspendAll   tasks.o
    0x08008368   0x08008368   0x00000094   Code   RO         2640    i.vTaskSwitchContext  tasks.o
    0x080083fc   0x080083fc   0x000000f8   Code   RO         3144    i.xPortStartScheduler  port.o
    0x080084f4   0x080084f4   0x00000034   Code   RO         3145    i.xPortSysTickHandler  port.o
    0x08008528   0x08008528   0x00000022   Code   RO         2362    i.xQueueCreateMutex  queue.o
    0x0800854a   0x0800854a   0x00000066   Code   RO         2363    i.xQueueGenericCreate  queue.o
    0x080085b0   0x080085b0   0x000000dc   Code   RO         2364    i.xQueueGenericReset  queue.o
    0x0800868c   0x0800868c   0x000001a8   Code   RO         2365    i.xQueueGenericSend  queue.o
    0x08008834   0x08008834   0x00000168   Code   RO         2373    i.xQueueReceive     queue.o
    0x0800899c   0x0800899c   0x00000194   Code   RO         2375    i.xQueueSemaphoreTake  queue.o
    0x08008b30   0x08008b30   0x00000090   Code   RO         2642    i.xTaskCheckForTimeOut  tasks.o
    0x08008bc0   0x08008bc0   0x00000038   Code   RO         2643    i.xTaskCreate       tasks.o
    0x08008bf8   0x08008bf8   0x00000020   Code   RO         2651    i.xTaskGetSchedulerState  tasks.o
    0x08008c18   0x08008c18   0x0000000c   Code   RO         2652    i.xTaskGetTickCount  tasks.o
    0x08008c24   0x08008c24   0x000001cc   Code   RO         2654    i.xTaskIncrementTick  tasks.o
    0x08008df0   0x08008df0   0x000000f8   Code   RO         2655    i.xTaskPriorityDisinherit  tasks.o
    0x08008ee8   0x08008ee8   0x000000f4   Code   RO         2656    i.xTaskPriorityInherit  tasks.o
    0x08008fdc   0x08008fdc   0x00000130   Code   RO         2657    i.xTaskRemoveFromEventList  tasks.o
    0x0800910c   0x0800910c   0x000001a0   Code   RO         2658    i.xTaskResumeAll    tasks.o
    0x080092ac   0x080092ac   0x00000054   Code   RO         3233    i.xTimerCreateTimerTask  timers.o
    0x08009300   0x08009300   0x0000082a   Data   RO         3485    .constdata          oled.o
    0x08009b2a   0x08009b2a   0x00000002   PAD
    0x08009b2c   0x08009b2c   0x00000075   Data   RO         3832    .constdata          app.o
    0x08009ba1   0x08009ba1   0x00000011   Data   RO         4002    .constdata          c_w.l(__printf_flags_ss_wp.o)
    0x08009bb2   0x08009bb2   0x00000002   PAD
    0x08009bb4   0x08009bb4   0x00000020   Data   RO         4196    Region$$Table       anon$$obj.o


    Execution Region RW_IRAM1 (Exec base: 0x20000000, Load base: 0x08009bd4, Size: 0x00004140, Max: 0x00005000, ABSOLUTE)

    Exec Addr    Load Addr    Size         Type   Attr      Idx    E Section Name        Object

    0x20000000   0x08009bd4   0x00000014   Data   RW          137    .data               system_stm32f10x.o
    0x20000014   0x08009be8   0x00000004   Data   RW         2152    .data               delay.o
    0x20000018   0x08009bec   0x00000040   Data   RW         2661    .data               tasks.o
    0x20000058   0x08009c2c   0x0000001c   Data   RW         3068    .data               heap_4.o
    0x20000074   0x08009c48   0x0000000c   Data   RW         3146    .data               port.o
    0x20000080   0x08009c54   0x00000014   Data   RW         3242    .data               timers.o
    0x20000094   0x08009c68   0x00000028   Data   RW         3833    .data               app.o
    0x200000bc        -       0x00000030   Zero   RW         2377    .bss                queue.o
    0x200000ec        -       0x000001a4   Zero   RW         2660    .bss                tasks.o
    0x20000290        -       0x00003800   Zero   RW         3067    .bss                heap_4.o
    0x20003a90        -       0x00000028   Zero   RW         3241    .bss                timers.o
    0x20003ab8        -       0x00000010   Zero   RW         3609    .bss                dht11.o
    0x20003ac8        -       0x00000014   Zero   RW         3831    .bss                app.o
    0x20003adc        -       0x00000060   Zero   RW         4068    .bss                c_w.l(libspace.o)
    0x20003b3c   0x08009c90   0x00000004   PAD
    0x20003b40        -       0x00000200   Zero   RW          126    HEAP                startup_stm32f10x_md.o
    0x20003d40        -       0x00000400   Zero   RW          125    STACK               startup_stm32f10x_md.o


==============================================================================

Image component sizes


      Code (inc. data)   RO Data    RW Data    ZI Data      Debug   Object Name

      2128        450        117         40         20      28675   app.o
       232          0          0          0          0       2868   at24c02.o
       244         26          0          4          0      17449   delay.o
       624         38          0          0         16       5205   dht11.o
        92         16          0          0          0       1246   gpio.o
       964         84          0         28      14336      18455   heap_4.o
       512         28          0          0          0       3096   i2c.o
       124          0          0          0          0       2517   list.o
        20          0          0          0          0       2523   main_1.o
        60         10          0          0          0     215453   misc.o
       336          0          0          0          0       2730   mpu6050.o
       336         22          0          0          0       4674   myi2c.o
       874         24       2090          0          0       7699   oled.o
       734         64          0         12          0       9724   port.o
      2156         26          0          0         48      32933   queue.o
        64         26        236          0       1536        816   startup_stm32f10x_md.o
       458          6          0          0          0       4746   stm32f10x_gpio.o
        20          0          0          0          0       2457   stm32f10x_it_1.o
        32          6          0          0          0        525   stm32f10x_rcc.o
       328         30          0         20          0       2061   system_stm32f10x.o
      3932        394          0         64        420      32143   tasks.o
       966        108          0         20         40      13144   timers.o

    ----------------------------------------------------------------------
     15254       1358       2477        188      16416     411139   Object Totals
         0          0         32          0          0          0   (incl. Generated)
        18          0          2          0          0          0   (incl. Padding)

    ----------------------------------------------------------------------

      Code (inc. data)   RO Data    RW Data    ZI Data      Debug   Library Member Name

        44          6          0          0          0         84   __2sprintf.o
         8          0          0          0          0         68   __main.o
       392          4         17          0          0         92   __printf_flags_ss_wp.o
        14          0          0          0          0         68   __printf_wp.o
         0          0          0          0          0          0   __rtentry.o
        12          0          0          0          0          0   __rtentry2.o
         6          0          0          0          0          0   __rtentry4.o
        52          8          0          0          0          0   __scatter.o
        26          0          0          0          0          0   __scatter_copy.o
        28          0          0          0          0          0   __scatter_zi.o
        48          6          0          0          0         96   _printf_char_common.o
         6          0          0          0          0          0   _printf_d.o
       120         16          0          0          0         92   _printf_dec.o
       178          0          0          0          0         88   _printf_intcommon.o
        78          0          0          0          0        108   _printf_pad.o
         0          0          0          0          0          0   _printf_percent.o
         4          0          0          0          0          0   _printf_percent_end.o
        10          0          0          0          0         68   _sputc.o
        16          0          0          0          0         68   aeabi_memset.o
        18          0          0          0          0         80   exit.o
         6          0          0          0          0        152   heapauxi.o
         0          0          0          0          0          0   indicate_semi.o
         2          0          0          0          0          0   libinit.o
         2          0          0          0          0          0   libinit2.o
         2          0          0          0          0          0   libshutdown.o
         2          0          0          0          0          0   libshutdown2.o
         8          4          0          0         96         68   libspace.o
        68          0          0          0          0         68   rt_memclr.o
        78          0          0          0          0         80   rt_memclr_w.o
       138          0          0          0          0         68   rt_memcpy_v6.o
       100          0          0          0          0         80   rt_memcpy_w.o
         2          0          0          0          0          0   rtexit.o
        10          0          0          0          0          0   rtexit2.o
        86          0          0          0          0         76   strncpy.o
        12          4          0          0          0         68   sys_exit.o
        74          0          0          0          0         80   sys_stackheap_outer.o
         2          0          0          0          0         68   use_no_semi.o

    ----------------------------------------------------------------------
      1662         48         19          0        100       1720   Library Totals
        10          0          2          0          4          0   (incl. Padding)

    ----------------------------------------------------------------------

      Code (inc. data)   RO Data    RW Data    ZI Data      Debug   Library Name

      1652         48         17          0         96       1720   c_w.l

    ----------------------------------------------------------------------
      1662         48         19          0        100       1720   Library Totals

    ----------------------------------------------------------------------

==============================================================================


      Code (inc. data)   RO Data    RW Data    ZI Data      Debug   

     16916       1406       2496        188      16516     403755   Grand Totals
     16916       1406       2496        188      16516     403755   ELF Image Totals
     16916       1406       2496        188          0          0   ROM Totals

==============================================================================

    Total RO  Size (Code + RO Data)                19412 (  18.96kB)
    Total RW  Size (RW Data + ZI Data)             16704 (  16.31kB)
    Total ROM Size (Code + RO Data + RW Data)      19600 (  19.14kB)

==============================================================================

